Archive member included to satisfy reference by file (symbol)

C:/ti/simplelink_cc13xx_cc26xx_sdk_7_41_00_17/source\ti/drivers/rf/lib/gcc/m33f/rf_multiMode_cc13x4.a(RFCC26X2_multiMode.c.cc13x4.gcc.o)
                              ./rfEchoTx.o (RF_getCurrentTime)
C:/ti/simplelink_cc13xx_cc26xx_sdk_7_41_00_17/source\ti/drivers/rf/lib/gcc/m33f/rf_multiMode_cc13x4.a(rfc.c.cc13x4.gcc.o)
                              C:/ti/simplelink_cc13xx_cc26xx_sdk_7_41_00_17/source\ti/drivers/rf/lib/gcc/m33f/rf_multiMode_cc13x4.a(RFCC26X2_multiMode.c.cc13x4.gcc.o) (NOROM_RFCCpeIntGetAndClear)
C:/ti/simplelink_cc13xx_cc26xx_sdk_7_41_00_17/source\ti/drivers/rf/lib/gcc/m33f/rf_multiMode_cc13x4.a(rf_patch_cpe_multi_protocol.c.cc13x4.gcc.o)
                              ./syscfg/ti_radio_config.o (rf_patch_cpe_multi_protocol)
C:/ti/simplelink_cc13xx_cc26xx_sdk_7_41_00_17/source\ti/drivers/lib/gcc/m33f/drivers_cc13x4.a(List.c.obj)
                              C:/ti/simplelink_cc13xx_cc26xx_sdk_7_41_00_17/source\ti/drivers/rf/lib/gcc/m33f/rf_multiMode_cc13x4.a(RFCC26X2_multiMode.c.cc13x4.gcc.o) (List_clearList)
C:/ti/simplelink_cc13xx_cc26xx_sdk_7_41_00_17/source\ti/drivers/lib/gcc/m33f/drivers_cc13x4.a(GPIO.c.obj)
                              ./syscfg/ti_drivers_config.o (GPIO_resetConfig)
C:/ti/simplelink_cc13xx_cc26xx_sdk_7_41_00_17/source\ti/drivers/lib/gcc/m33f/drivers_cc13x4.a(GPIOCC26XX.c.obj)
                              C:/ti/simplelink_cc13xx_cc26xx_sdk_7_41_00_17/source\ti/drivers/lib/gcc/m33f/drivers_cc13x4.a(GPIO.c.obj) (GPIO_disableInt)
C:/ti/simplelink_cc13xx_cc26xx_sdk_7_41_00_17/source\ti/drivers/lib/gcc/m33f/drivers_cc13x4.a(PowerCC26X2.c.obj)
                              ./syscfg/ti_freertos_config.o (Power_getConstraintMask)
C:/ti/simplelink_cc13xx_cc26xx_sdk_7_41_00_17/source\ti/drivers/lib/gcc/m33f/drivers_cc13x4.a(PowerCC26X2_calibrateRCOSC.c.obj)
                              C:/ti/simplelink_cc13xx_cc26xx_sdk_7_41_00_17/source\ti/drivers/lib/gcc/m33f/drivers_cc13x4.a(PowerCC26X2.c.obj) (PowerCC26X2_initiateCalibration)
C:/ti/simplelink_cc13xx_cc26xx_sdk_7_41_00_17/source\ti/drivers/lib/gcc/m33f/drivers_cc13x4.a(TemperatureCC26X2.c.obj)
                              C:/ti/simplelink_cc13xx_cc26xx_sdk_7_41_00_17/source\ti/drivers/rf/lib/gcc/m33f/rf_multiMode_cc13x4.a(RFCC26X2_multiMode.c.cc13x4.gcc.o) (Temperature_init)
C:/ti/simplelink_cc13xx_cc26xx_sdk_7_41_00_17/source\ti/drivers/lib/gcc/m33f/drivers_cc13x4.a(GPIOCC26X4.c.obj)
                              ./main_freertos.o (GPIO_init)
C:/ti/simplelink_cc13xx_cc26xx_sdk_7_41_00_17/source\ti/drivers/lib/gcc/m33f/drivers_cc13x4.a(PowerCC26X2_calibrateRCOSC_helpers.c.obj)
                              C:/ti/simplelink_cc13xx_cc26xx_sdk_7_41_00_17/source\ti/drivers/lib/gcc/m33f/drivers_cc13x4.a(PowerCC26X2_calibrateRCOSC.c.obj) (PowerCC26X2_updateSubSecInc)
C:/ti/simplelink_cc13xx_cc26xx_sdk_7_41_00_17/source\ti/drivers/lib/gcc/m33f/drivers_cc13x4.a(PowerCC26X2_helpers.c.obj)
                              C:/ti/simplelink_cc13xx_cc26xx_sdk_7_41_00_17/source\ti/drivers/lib/gcc/m33f/drivers_cc13x4.a(PowerCC26X2.c.obj) (PowerCC26X2_oscCtlClearXtal)
C:/ti/simplelink_cc13xx_cc26xx_sdk_7_41_00_17/source\ti/devices/cc13x4_cc26x4/driverlib/bin/gcc/driverlib.lib(aon_batmon.c.obj)
                              C:/ti/simplelink_cc13xx_cc26xx_sdk_7_41_00_17/source\ti/drivers/lib/gcc/m33f/drivers_cc13x4.a(TemperatureCC26X2.c.obj) (NOROM_AONBatMonTemperatureGetDegC)
C:/ti/simplelink_cc13xx_cc26xx_sdk_7_41_00_17/source\ti/devices/cc13x4_cc26x4/driverlib/bin/gcc/driverlib.lib(aon_event.c.obj)
                              ./syscfg/ti_freertos_config.o (NOROM_AONEventMcuWakeUpSet)
C:/ti/simplelink_cc13xx_cc26xx_sdk_7_41_00_17/source\ti/devices/cc13x4_cc26x4/driverlib/bin/gcc/driverlib.lib(aon_rtc.c.obj)
                              ./syscfg/ti_freertos_config.o (NOROM_AONRTCCurrent64BitValueGet)
C:/ti/simplelink_cc13xx_cc26xx_sdk_7_41_00_17/source\ti/devices/cc13x4_cc26x4/driverlib/bin/gcc/driverlib.lib(cpu.c.obj)
                              ./syscfg/ti_freertos_config.o (NOROM_CPUcpsid)
C:/ti/simplelink_cc13xx_cc26xx_sdk_7_41_00_17/source\ti/devices/cc13x4_cc26x4/driverlib/bin/gcc/driverlib.lib(ddi.c.obj)
                              C:/ti/simplelink_cc13xx_cc26xx_sdk_7_41_00_17/source\ti/drivers/lib/gcc/m33f/drivers_cc13x4.a(PowerCC26X2_calibrateRCOSC_helpers.c.obj) (NOROM_DDI16BitfieldWrite)
C:/ti/simplelink_cc13xx_cc26xx_sdk_7_41_00_17/source\ti/devices/cc13x4_cc26x4/driverlib/bin/gcc/driverlib.lib(interrupt.c.obj)
                              ./syscfg/ti_freertos_config.o (NOROM_IntRegister)
C:/ti/simplelink_cc13xx_cc26xx_sdk_7_41_00_17/source\ti/devices/cc13x4_cc26x4/driverlib/bin/gcc/driverlib.lib(osc.c.obj)
                              C:/ti/simplelink_cc13xx_cc26xx_sdk_7_41_00_17/source\ti/drivers/lib/gcc/m33f/drivers_cc13x4.a(PowerCC26X2_helpers.c.obj) (NOROM_OSCClockSourceGet)
[...]
Memory Configuration

Name             Origin             Length             Attributes
FLASH            0x00000000         0x00100000         xr
FLASH_CCFG       0x50000000         0x00000800         r
SRAM             0x20000000         0x00040000         xrw
GPRAM            0x11000000         0x00002000         xrw
LOG_DATA         0x90000000         0x00040000         r
LOG_PTR          0x94000008         0x00040000         r
*default*        0x00000000         0xffffffff

Linker script and memory map

LOAD ./RFQueue.o
LOAD ./emptyTest.o
LOAD ./main_freertos.o
LOAD ./rfEchoRx.o
LOAD ./syscfg/ti_devices_config.o
LOAD ./syscfg/ti_radio_config.o
LOAD ./syscfg/ti_drivers_config.o
LOAD ./syscfg/ti_freertos_config.o
LOAD ./syscfg/ti_freertos_portable_config.o
LOAD ./rfEchoTx.o
                0x00000800                STACKSIZE = 0x800
                0x00000000                PROVIDE (_intvecs_base_address = DEFINED (_intvecs_base_address)?_intvecs_base_address:0x0)

.resetVecs      0x00000000       0xfc
 *(.resetVecs)
 .resetVecs     0x00000000       0xfc ./syscfg/ti_freertos_config.o

.ramVecs        0x20000000       0xfc
 *(.ramVecs)
 .ramVecs       0x20000000       0xfc C:/ti/simplelink_cc13xx_cc26xx_sdk_7_41_00_17/source\ti/devices/cc13x4_cc26x4/driverlib/bin/gcc/driverlib.lib(interrupt.c.obj)
                0x20000400                UDMACC26XX_CONFIG_BASE = 0x20000400
                0x20000410                DMA_UART0_RX_CONTROL_TABLE_ENTRY_ADDRESS = (UDMACC26XX_CONFIG_BASE + 0x10)
                0x20000420                DMA_UART0_TX_CONTROL_TABLE_ENTRY_ADDRESS = (UDMACC26XX_CONFIG_BASE + 0x20)
                0x20000430                DMA_SPI0_RX_CONTROL_TABLE_ENTRY_ADDRESS = (UDMACC26XX_CONFIG_BASE + 0x30)
                0x20000440                DMA_SPI0_TX_CONTROL_TABLE_ENTRY_ADDRESS = (UDMACC26XX_CONFIG_BASE + 0x40)
                0x20000450                DMA_UART1_RX_CONTROL_TABLE_ENTRY_ADDRESS = (UDMACC26XX_CONFIG_BASE + 0x50)
                0x20000460                DMA_UART1_TX_CONTROL_TABLE_ENTRY_ADDRESS = (UDMACC26XX_CONFIG_BASE + 0x60)
                0x20000470                DMA_ADC_PRI_CONTROL_TABLE_ENTRY_ADDRESS = (UDMACC26XX_CONFIG_BASE + 0x70)
                0x20000490                DMA_GPT0A_PRI_CONTROL_TABLE_ENTRY_ADDRESS = (UDMACC26XX_CONFIG_BASE + 0x90)
                0x20000500                DMA_SPI1_RX_CONTROL_TABLE_ENTRY_ADDRESS = (UDMACC26XX_CONFIG_BASE + 0x100)
                0x20000510                DMA_SPI1_TX_CONTROL_TABLE_ENTRY_ADDRESS = (UDMACC26XX_CONFIG_BASE + 0x110)
                0x20000610                DMA_UART0_RX_ALT_CONTROL_TABLE_ENTRY_ADDRESS = (UDMACC26XX_CONFIG_BASE + 0x210)
                0x20000620                DMA_UART0_TX_ALT_CONTROL_TABLE_ENTRY_ADDRESS = (UDMACC26XX_CONFIG_BASE + 0x220)
                0x20000630                DMA_SPI0_RX_ALT_CONTROL_TABLE_ENTRY_ADDRESS = (UDMACC26XX_CONFIG_BASE + 0x230)
                0x20000640                DMA_SPI0_TX_ALT_CONTROL_TABLE_ENTRY_ADDRESS = (UDMACC26XX_CONFIG_BASE + 0x240)
                0x20000650                DMA_UART1_RX_ALT_CONTROL_TABLE_ENTRY_ADDRESS = (UDMACC26XX_CONFIG_BASE + 0x250)
                0x20000660                DMA_UART1_TX_ALT_CONTROL_TABLE_ENTRY_ADDRESS = (UDMACC26XX_CONFIG_BASE + 0x260)
                0x20000670                DMA_ADC_ALT_CONTROL_TABLE_ENTRY_ADDRESS = (UDMACC26XX_CONFIG_BASE + 0x270)
                0x20000690                DMA_GPT0A_ALT_CONTROL_TABLE_ENTRY_ADDRESS = (UDMACC26XX_CONFIG_BASE + 0x290)
                0x20000700                DMA_SPI1_RX_ALT_CONTROL_TABLE_ENTRY_ADDRESS = (UDMACC26XX_CONFIG_BASE + 0x300)
                0x20000710                DMA_SPI1_TX_ALT_CONTROL_TABLE_ENTRY_ADDRESS = (UDMACC26XX_CONFIG_BASE + 0x310)
                0x00000000                UDMACC26XX_uart0RxControlTableEntry_is_placed = 0x0

.dmaUart0RxControlTableEntry
 *(.dmaUart0RxControlTableEntry)
                0x00000000                UDMACC26XX_uart0TxControlTableEntry_is_placed = 0x0

.dmaUart0TxControlTableEntry
 *(.dmaUart0TxControlTableEntry)
                0x00000000                UDMACC26XX_dmaSpi0RxControlTableEntry_is_placed = 0x0

.dmaSpi0RxControlTableEntry
 *(.dmaSpi0RxControlTableEntry)
                0x00000000                UDMACC26XX_dmaSpi0TxControlTableEntry_is_placed = 0x0

.dmaSpi0TxControlTableEntry
 *(.dmaSpi0TxControlTableEntry)
                0x00000000                UDMACC26XX_uart1RxControlTableEntry_is_placed = 0x0

.dmaUart1RxControlTableEntry
 *(.dmaUart1RxControlTableEntry)
                0x00000000                UDMACC26XX_uart1TxControlTableEntry_is_placed = 0x0

.dmaUart1TxControlTableEntry
 *(.dmaUart1TxControlTableEntry)
                0x00000000                UDMACC26XX_dmaADCPriControlTableEntry_is_placed = 0x0

.dmaADCPriControlTableEntry
 *(.dmaADCPriControlTableEntry)
                0x00000000                UDMACC26XX_dmaGPT0APriControlTableEntry_is_placed = 0x0

.dmaGPT0APriControlTableEntry
 *(.dmaGPT0APriControlTableEntry)
                0x00000000                UDMACC26XX_dmaSpi1RxControlTableEntry_is_placed = 0x0

.dmaSpi1RxControlTableEntry
 *(.dmaSpi1RxControlTableEntry)
                0x00000000                UDMACC26XX_dmaSpi1TxControlTableEntry_is_placed = 0x0

.dmaSpi1TxControlTableEntry
 *(.dmaSpi1TxControlTableEntry)
                0x00000000                UDMACC26XX_uart0RxAltControlTableEntry_is_placed = 0x0

.dmaUart0RxAltControlTableEntry
 *(.dmaUart0RxAltControlTableEntry)
                0x00000000                UDMACC26XX_uart0TxAltControlTableEntry_is_placed = 0x0

.dmaUart0TxAltControlTableEntry
 *(.dmaUart0TxAltControlTableEntry)
                0x00000000                UDMACC26XX_dmaSpi0RxAltControlTableEntry_is_placed = 0x0

.dmaSpi0RxAltControlTableEntry
 *(.dmaSpi0RxAltControlTableEntry)
                0x00000000                UDMACC26XX_dmaSpi0TxAltControlTableEntry_is_placed = 0x0

.dmaSpi0TxAltControlTableEntry
 *(.dmaSpi0TxAltControlTableEntry)
                0x00000000                UDMACC26XX_uart1RxAltControlTableEntry_is_placed = 0x0

.dmaUart1RxAltControlTableEntry
 *(.dmaUart1RxAltControlTableEntry)
                0x00000000                UDMACC26XX_uart1TxAltControlTableEntry_is_placed = 0x0

.dmaUart1TxAltControlTableEntry
 *(.dmaUart1TxAltControlTableEntry)
                0x00000000                UDMACC26XX_dmaADCAltControlTableEntry_is_placed = 0x0

.dmaADCAltControlTableEntry
 *(.dmaADCAltControlTableEntry)
                0x00000000                UDMACC26XX_dmaGPT0AAltControlTableEntry_is_placed = 0x0

.dmaGPT0AAltControlTableEntry
 *(.dmaGPT0AAltControlTableEntry)
                0x00000000                UDMACC26XX_dmaSpi1RxAltControlTableEntry_is_placed = 0x0

.dmaSpi1RxAltControlTableEntry
 *(.dmaSpi1RxAltControlTableEntry)
                0x00000000                UDMACC26XX_dmaSpi1TxAltControlTableEntry_is_placed = 0x0

.dmaSpi1TxAltControlTableEntry
 *(.dmaSpi1TxAltControlTableEntry)

.text           0x00000100     0xa450
 CREATE_OBJECT_SYMBOLS
 *(.text)
 .text          0x00000100       0x30 c:/ti/gcc_arm_none_eabi_9_2_1/bin/../lib/gcc/arm-none-eabi/9.2.1/thumb/v8-m.main+fp/hard\libgcc.a(_aeabi_uldivmod.o)
                0x00000100                __aeabi_uldivmod
 .text          0x00000130      0x2c0 c:/ti/gcc_arm_none_eabi_9_2_1/bin/../lib/gcc/arm-none-eabi/9.2.1/thumb/v8-m.main+fp/hard\libgcc.a(_udivmoddi4.o)
                0x00000130                __udivmoddi4
 .text          0x000003f0        0x4 c:/ti/gcc_arm_none_eabi_9_2_1/bin/../lib/gcc/arm-none-eabi/9.2.1/thumb/v8-m.main+fp/hard\libgcc.a(_dvmd_tls.o)
                0x000003f0                __aeabi_idiv0
                0x000003f0                __aeabi_ldiv0
 *(.text.*)
 .text.RFQueue_getDataEntry
                0x000003f4       0x18 ./RFQueue.o
                0x000003f4                RFQueue_getDataEntry
 .text.RFQueue_nextEntry
                0x0000040c       0x2c ./RFQueue.o
                0x0000040c                RFQueue_nextEntry
 .text.RFQueue_defineQueue
                0x00000438       0xe8 ./RFQueue.o
                0x00000438                RFQueue_defineQueue
 .text.mainThread
                0x00000520       0x36 ./emptyTest.o
                0x00000520                mainThread
 *fill*         0x00000556        0x2 
 .text.main     0x00000558       0x90 ./main_freertos.o
                0x00000558                main
 .text.vApplicationStackOverflowHook
                0x000005e8        0xc ./main_freertos.o
                0x000005e8                vApplicationStackOverflowHook
 .text.mainThreadRx
                0x000005f4      0x288 ./rfEchoRx.o
                0x000005f4                mainThreadRx
 .text.echoCallbackRx
                0x0000087c       0xd0 ./rfEchoRx.o
 .text.RF_globalCallbackFunction
                0x0000094c       0x2e ./syscfg/ti_drivers_config.o
 .text.rfDriverCallback
                0x0000097a       0x1a ./syscfg/ti_drivers_config.o
                0x0000097a                rfDriverCallback
 .text.rfDriverCallbackAntennaSwitching
                0x00000994      0x18c ./syscfg/ti_drivers_config.o
                0x00000994                rfDriverCallbackAntennaSwitching
 .text.Board_sendExtFlashByte
                0x00000b20       0x72 ./syscfg/ti_drivers_config.o
                0x00000b20                Board_sendExtFlashByte
 *fill*         0x00000b92        0x2 
 .text.Board_wakeUpExtFlash
                0x00000b94       0x34 ./syscfg/ti_drivers_config.o
                0x00000b94                Board_wakeUpExtFlash
 .text.Board_shutDownExtFlash
                0x00000bc8       0x64 ./syscfg/ti_drivers_config.o
                0x00000bc8                Board_shutDownExtFlash
 .text.Board_initHook
                0x00000c2c        0xe ./syscfg/ti_drivers_config.o
                0x00000c2c                Board_initHook
 .text.Board_init
                0x00000c3a       0x18 ./syscfg/ti_drivers_config.o
                0x00000c3a                Board_init
 .text.vListInitialise
                0x00000c52       0x40 ./syscfg/ti_freertos_config.o
                0x00000c52                vListInitialise
 .text.vListInitialiseItem
                0x00000c92       0x1a ./syscfg/ti_freertos_config.o
                0x00000c92                vListInitialiseItem
 .text.vListInsertEnd
                0x00000cac       0x48 ./syscfg/ti_freertos_config.o
                0x00000cac                vListInsertEnd
 .text.vListInsert
                0x00000cf4       0x72 ./syscfg/ti_freertos_config.o
                0x00000cf4                vListInsert
 .text.uxListRemove
                0x00000d66       0x54 ./syscfg/ti_freertos_config.o
                0x00000d66                uxListRemove
 .text.xQueueGenericReset
                0x00000dba       0xee ./syscfg/ti_freertos_config.o
                0x00000dba                xQueueGenericReset
 .text.xQueueGenericCreateStatic
                0x00000ea8       0x8c ./syscfg/ti_freertos_config.o
                0x00000ea8                xQueueGenericCreateStatic
 .text.xQueueGenericCreate
                0x00000f34       0x94 ./syscfg/ti_freertos_config.o
                0x00000f34                xQueueGenericCreate
 .text.prvInitialiseNewQueue
                0x00000fc8       0x46 ./syscfg/ti_freertos_config.o
 .text.xQueueGenericSend
                0x0000100e      0x192 ./syscfg/ti_freertos_config.o
                0x0000100e                xQueueGenericSend
 .text.xQueueGiveFromISR
                0x000011a0       0xe4 ./syscfg/ti_freertos_config.o
                0x000011a0                xQueueGiveFromISR
 .text.xQueueReceive
                0x00001284      0x172 ./syscfg/ti_freertos_config.o
                0x00001284                xQueueReceive
 .text.xQueueSemaphoreTake
                0x000013f6      0x1ae ./syscfg/ti_freertos_config.o
                0x000013f6                xQueueSemaphoreTake
 .text.xQueueReceiveFromISR
                0x000015a4       0xda ./syscfg/ti_freertos_config.o
                0x000015a4                xQueueReceiveFromISR
 .text.vQueueDelete
                0x0000167e       0x30 ./syscfg/ti_freertos_config.o
                0x0000167e                vQueueDelete
 .text.prvGetDisinheritPriorityAfterTimeout
                0x000016ae       0x30 ./syscfg/ti_freertos_config.o
 .text.prvCopyDataToQueue
                0x000016de       0xd4 ./syscfg/ti_freertos_config.o
 .text.prvCopyDataFromQueue
                0x000017b2       0x4c ./syscfg/ti_freertos_config.o
 .text.prvUnlockQueue
                0x000017fe       0xa4 ./syscfg/ti_freertos_config.o
 .text.prvIsQueueEmpty
                0x000018a2       0x2c ./syscfg/ti_freertos_config.o
 .text.prvIsQueueFull
                0x000018ce       0x30 ./syscfg/ti_freertos_config.o
 .text.vQueueWaitForMessageRestricted
                0x000018fe       0x68 ./syscfg/ti_freertos_config.o
                0x000018fe                vQueueWaitForMessageRestricted
 .text.xTaskCreateStatic
                0x00001966       0x94 ./syscfg/ti_freertos_config.o
                0x00001966                xTaskCreateStatic
 .text.xTaskCreate
                0x000019fa       0x94 ./syscfg/ti_freertos_config.o
                0x000019fa                xTaskCreate
 *fill*         0x00001a8e        0x2 
 .text.prvInitialiseNewTask
                0x00001a90      0x134 ./syscfg/ti_freertos_config.o
 .text.prvAddNewTaskToReadyList
                0x00001bc4      0x120 ./syscfg/ti_freertos_config.o
 .text.vTaskDelete
                0x00001ce4       0xd0 ./syscfg/ti_freertos_config.o
                0x00001ce4                vTaskDelete
 .text.vTaskSuspend
                0x00001db4       0xe4 ./syscfg/ti_freertos_config.o
                0x00001db4                vTaskSuspend
 .text.vTaskStartScheduler
                0x00001e98       0xc8 ./syscfg/ti_freertos_config.o
                0x00001e98                vTaskStartScheduler
 .text.vTaskSuspendAll
                0x00001f60       0x1c ./syscfg/ti_freertos_config.o
                0x00001f60                vTaskSuspendAll
 .text.prvGetExpectedIdleTime
                0x00001f7c       0x70 ./syscfg/ti_freertos_config.o
 .text.xTaskResumeAll
                0x00001fec      0x1d8 ./syscfg/ti_freertos_config.o
                0x00001fec                xTaskResumeAll
 .text.xTaskGetTickCount
                0x000021c4       0x20 ./syscfg/ti_freertos_config.o
                0x000021c4                xTaskGetTickCount
 .text.uxTaskGetNumberOfTasks
                0x000021e4       0x18 ./syscfg/ti_freertos_config.o
                0x000021e4                uxTaskGetNumberOfTasks
 .text.vTaskStepTick
                0x000021fc       0x84 ./syscfg/ti_freertos_config.o
                0x000021fc                vTaskStepTick
 .text.xTaskIncrementTick
                0x00002280      0x204 ./syscfg/ti_freertos_config.o
                0x00002280                xTaskIncrementTick
 .text.vTaskSetApplicationTaskTag
                0x00002484       0x38 ./syscfg/ti_freertos_config.o
                0x00002484                vTaskSetApplicationTaskTag
 .text.xTaskGetApplicationTaskTag
                0x000024bc       0x34 ./syscfg/ti_freertos_config.o
                0x000024bc                xTaskGetApplicationTaskTag
 .text.vTaskSwitchContext
                0x000024f0      0x104 ./syscfg/ti_freertos_config.o
                0x000024f0                vTaskSwitchContext
 .text.vTaskPlaceOnEventList
                0x000025f4       0x38 ./syscfg/ti_freertos_config.o
                0x000025f4                vTaskPlaceOnEventList
 .text.vTaskPlaceOnEventListRestricted
                0x0000262c       0x7c ./syscfg/ti_freertos_config.o
                0x0000262c                vTaskPlaceOnEventListRestricted
 .text.xTaskRemoveFromEventList
                0x000026a8      0x1a0 ./syscfg/ti_freertos_config.o
                0x000026a8                xTaskRemoveFromEventList
 .text.vTaskInternalSetTimeOutState
                0x00002848       0x2c ./syscfg/ti_freertos_config.o
                0x00002848                vTaskInternalSetTimeOutState
 .text.xTaskCheckForTimeOut
                0x00002874       0xac ./syscfg/ti_freertos_config.o
                0x00002874                xTaskCheckForTimeOut
 .text.vTaskMissedYield
                0x00002920       0x18 ./syscfg/ti_freertos_config.o
                0x00002920                vTaskMissedYield
 .text.prvIdleTask
                0x00002938       0x50 ./syscfg/ti_freertos_config.o
 .text.eTaskConfirmSleepModeStatus
                0x00002988       0x70 ./syscfg/ti_freertos_config.o
                0x00002988                eTaskConfirmSleepModeStatus
 .text.prvInitialiseTaskLists
                0x000029f8       0x80 ./syscfg/ti_freertos_config.o
 .text.prvCheckTasksWaitingTermination
                0x00002a78       0x5c ./syscfg/ti_freertos_config.o
 .text.prvDeleteTCB
                0x00002ad4       0x60 ./syscfg/ti_freertos_config.o
 .text.prvResetNextTaskUnblockTime
                0x00002b34       0x38 ./syscfg/ti_freertos_config.o
 .text.xTaskGetCurrentTaskHandle
                0x00002b6c       0x20 ./syscfg/ti_freertos_config.o
                0x00002b6c                xTaskGetCurrentTaskHandle
 .text.xTaskGetSchedulerState
                0x00002b8c       0x3c ./syscfg/ti_freertos_config.o
                0x00002b8c                xTaskGetSchedulerState
 .text.xTaskPriorityInherit
                0x00002bc8      0x120 ./syscfg/ti_freertos_config.o
                0x00002bc8                xTaskPriorityInherit
 .text.xTaskPriorityDisinherit
                0x00002ce8      0x10c ./syscfg/ti_freertos_config.o
                0x00002ce8                xTaskPriorityDisinherit
 .text.vTaskPriorityDisinheritAfterTimeout
                0x00002df4      0x134 ./syscfg/ti_freertos_config.o
                0x00002df4                vTaskPriorityDisinheritAfterTimeout
 .text.pvTaskIncrementMutexHeldCount
                0x00002f28       0x28 ./syscfg/ti_freertos_config.o
                0x00002f28                pvTaskIncrementMutexHeldCount
 .text.prvAddCurrentTaskToDelayedList
                0x00002f50       0xdc ./syscfg/ti_freertos_config.o
 .text.xTimerCreateTimerTask
                0x0000302c       0x80 ./syscfg/ti_freertos_config.o
                0x0000302c                xTimerCreateTimerTask
 .text.prvReloadTimer
                0x000030ac       0x42 ./syscfg/ti_freertos_config.o
 *fill*         0x000030ee        0x2 
 .text.prvProcessExpiredTimer
                0x000030f0       0x60 ./syscfg/ti_freertos_config.o
 .text.prvTimerTask
                0x00003150       0x24 ./syscfg/ti_freertos_config.o
 .text.prvProcessTimerOrBlockTask
                0x00003174       0x8c ./syscfg/ti_freertos_config.o
 .text.prvGetNextExpireTime
                0x00003200       0x48 ./syscfg/ti_freertos_config.o
 .text.prvSampleTimeNow
                0x00003248       0x40 ./syscfg/ti_freertos_config.o
 .text.prvInsertTimerInActiveList
                0x00003288       0x84 ./syscfg/ti_freertos_config.o
 .text.prvProcessReceivedCommands
                0x0000330c      0x194 ./syscfg/ti_freertos_config.o
 .text.prvSwitchTimerLists
                0x000034a0       0x4c ./syscfg/ti_freertos_config.o
 .text.prvCheckForValidListAndQueue
                0x000034ec       0x68 ./syscfg/ti_freertos_config.o
 .text.pvPortMalloc
                0x00003554      0x154 ./syscfg/ti_freertos_config.o
                0x00003554                pvPortMalloc
 .text.vPortFree
                0x000036a8       0x98 ./syscfg/ti_freertos_config.o
                0x000036a8                vPortFree
 .text.prvHeapInit
                0x00003740       0xb8 ./syscfg/ti_freertos_config.o
 .text.prvInsertBlockIntoFreeList
                0x000037f8       0xb4 ./syscfg/ti_freertos_config.o
 .text.QueueP_init
                0x000038ac       0x1e ./syscfg/ti_freertos_config.o
                0x000038ac                QueueP_init
 .text.QueueP_empty
                0x000038ca       0x24 ./syscfg/ti_freertos_config.o
                0x000038ca                QueueP_empty
 .text.QueueP_get
                0x000038ee       0x34 ./syscfg/ti_freertos_config.o
                0x000038ee                QueueP_get
 .text.QueueP_head
                0x00003922       0x18 ./syscfg/ti_freertos_config.o
                0x00003922                QueueP_head
 .text.QueueP_next
                0x0000393a       0x18 ./syscfg/ti_freertos_config.o
                0x0000393a                QueueP_next
 .text.QueueP_put
                0x00003952       0x3a ./syscfg/ti_freertos_config.o
                0x00003952                QueueP_put
 .text.SemaphoreP_constructBinary
                0x0000398c       0x54 ./syscfg/ti_freertos_config.o
                0x0000398c                SemaphoreP_constructBinary
 .text.SemaphoreP_pend
                0x000039e0       0x98 ./syscfg/ti_freertos_config.o
                0x000039e0                SemaphoreP_pend
 .text.SemaphoreP_post
                0x00003a78       0x3a ./syscfg/ti_freertos_config.o
                0x00003a78                SemaphoreP_post
 *fill*         0x00003ab2        0x2 
 .text.vApplicationGetIdleTaskMemory
                0x00003ab4       0x34 ./syscfg/ti_freertos_config.o
                0x00003ab4                vApplicationGetIdleTaskMemory
 .text.vApplicationGetTimerTaskMemory
                0x00003ae8       0x34 ./syscfg/ti_freertos_config.o
                0x00003ae8                vApplicationGetTimerTaskMemory
 .text.maxbit   0x00003b1c       0x40 ./syscfg/ti_freertos_config.o
 .text.SwiP_Params_init
                0x00003b5c       0x2e ./syscfg/ti_freertos_config.o
                0x00003b5c                SwiP_Params_init
 *fill*         0x00003b8a        0x2 
 .text.SwiP_construct
                0x00003b8c      0x128 ./syscfg/ti_freertos_config.o
                0x00003b8c                SwiP_construct
 .text.SwiP_disable
                0x00003cb4       0x2c ./syscfg/ti_freertos_config.o
                0x00003cb4                SwiP_disable
 .text.SwiP_dispatch
                0x00003ce0       0xc4 ./syscfg/ti_freertos_config.o
                0x00003ce0                SwiP_dispatch
 .text.SwiP_handleHwi
                0x00003da4       0x20 ./syscfg/ti_freertos_config.o
 .text.SwiP_getTrigger
                0x00003dc4       0x18 ./syscfg/ti_freertos_config.o
                0x00003dc4                SwiP_getTrigger
 .text.SwiP_or  0x00003ddc       0x34 ./syscfg/ti_freertos_config.o
                0x00003ddc                SwiP_or
 .text.SwiP_post
                0x00003e10       0x90 ./syscfg/ti_freertos_config.o
                0x00003e10                SwiP_post
 .text.SwiP_restore
                0x00003ea0       0x60 ./syscfg/ti_freertos_config.o
                0x00003ea0                SwiP_restore
 .text.ClockP_Params_init
                0x00003f00       0x24 ./syscfg/ti_freertos_config.o
                0x00003f00                ClockP_Params_init
 .text.ClockP_startup
                0x00003f24       0xd0 ./syscfg/ti_freertos_config.o
                0x00003f24                ClockP_startup
 .text.ClockP_getTicks
                0x00003ff4       0x30 ./syscfg/ti_freertos_config.o
                0x00003ff4                ClockP_getTicks
 .text.ClockP_getTicksUntilInterrupt
                0x00004024       0x4c ./syscfg/ti_freertos_config.o
                0x00004024                ClockP_getTicksUntilInterrupt
 .text.ClockP_scheduleNextTick
                0x00004070       0x34 ./syscfg/ti_freertos_config.o
                0x00004070                ClockP_scheduleNextTick
 .text.ClockP_walkQueueDynamic
                0x000040a4       0xac ./syscfg/ti_freertos_config.o
                0x000040a4                ClockP_walkQueueDynamic
 .text.ClockP_workFuncDynamic
                0x00004150      0x120 ./syscfg/ti_freertos_config.o
                0x00004150                ClockP_workFuncDynamic
 .text.ClockP_doTick
                0x00004270       0x20 ./syscfg/ti_freertos_config.o
                0x00004270                ClockP_doTick
 .text.ClockP_construct
                0x00004290       0x78 ./syscfg/ti_freertos_config.o
                0x00004290                ClockP_construct
 .text.ClockP_start
                0x00004308       0xf0 ./syscfg/ti_freertos_config.o
                0x00004308                ClockP_start
 .text.ClockP_stop
                0x000043f8       0x1e ./syscfg/ti_freertos_config.o
                0x000043f8                ClockP_stop
 .text.ClockP_setTimeout
                0x00004416       0x20 ./syscfg/ti_freertos_config.o
                0x00004416                ClockP_setTimeout
 .text.ClockP_getTimeout
                0x00004436       0x30 ./syscfg/ti_freertos_config.o
                0x00004436                ClockP_getTimeout
 .text.ClockP_isActive
                0x00004466       0x1e ./syscfg/ti_freertos_config.o
                0x00004466                ClockP_isActive
 .text.ClockP_getSystemTickPeriod
                0x00004484       0x10 ./syscfg/ti_freertos_config.o
                0x00004484                ClockP_getSystemTickPeriod
 .text.ClockP_getSystemTicks
                0x00004494       0x34 ./syscfg/ti_freertos_config.o
                0x00004494                ClockP_getSystemTicks
 .text.HwiP_construct
                0x000044c8       0xb4 ./syscfg/ti_freertos_config.o
                0x000044c8                HwiP_construct
 .text.HwiP_disable
                0x0000457c       0x34 ./syscfg/ti_freertos_config.o
                0x0000457c                HwiP_disable
 .text.HwiP_dispatch
                0x000045b0       0x44 ./syscfg/ti_freertos_config.o
                0x000045b0                HwiP_dispatch
 .text.HwiP_enableInterrupt
                0x000045f4       0x18 ./syscfg/ti_freertos_config.o
                0x000045f4                HwiP_enableInterrupt
 .text.HwiP_inISR
                0x0000460c       0x2c ./syscfg/ti_freertos_config.o
                0x0000460c                HwiP_inISR
 .text.HwiP_Params_init
                0x00004638       0x2e ./syscfg/ti_freertos_config.o
                0x00004638                HwiP_Params_init
 *fill*         0x00004666        0x2 
 .text.HwiP_post
                0x00004668       0x2c ./syscfg/ti_freertos_config.o
                0x00004668                HwiP_post
 .text.HwiP_restore
                0x00004694       0x2c ./syscfg/ti_freertos_config.o
                0x00004694                HwiP_restore
 .text.HwiP_setFunc
                0x000046c0       0x30 ./syscfg/ti_freertos_config.o
                0x000046c0                HwiP_setFunc
 .text.PRCMSleep
                0x000046f0       0x12 ./syscfg/ti_freertos_config.o
 *fill*         0x00004702        0x2 
 .text.SysTickEnable
                0x00004704       0x20 ./syscfg/ti_freertos_config.o
 .text.SysTickDisable
                0x00004724       0x20 ./syscfg/ti_freertos_config.o
 .text.PowerCC26XX_standbyPolicy
                0x00004744      0x11c ./syscfg/ti_freertos_config.o
                0x00004744                PowerCC26XX_standbyPolicy
 .text.PowerCC26XX_schedulerDisable
                0x00004860        0xc ./syscfg/ti_freertos_config.o
                0x00004860                PowerCC26XX_schedulerDisable
 .text.PowerCC26XX_schedulerRestore
                0x0000486c        0xc ./syscfg/ti_freertos_config.o
                0x0000486c                PowerCC26XX_schedulerRestore
 .text.vPortSuppressTicksAndSleep
                0x00004878       0x20 ./syscfg/ti_freertos_config.o
                0x00004878                vPortSuppressTicksAndSleep
 .text.AONRTCEventClear
                0x00004898       0x4c ./syscfg/ti_freertos_config.o
 .text.AONRTCEventGet
                0x000048e4       0x64 ./syscfg/ti_freertos_config.o
 .text.AONRTCChannelEnable
                0x00004948       0x5c ./syscfg/ti_freertos_config.o
 .text.AONRTCCompareValueSet
                0x000049a4       0x54 ./syscfg/ti_freertos_config.o
 .text.AONRTCCurrentCompareValueGet
                0x000049f8       0x18 ./syscfg/ti_freertos_config.o
 .text.TimerP_Params_init
                0x00004a10       0x24 ./syscfg/ti_freertos_config.o
                0x00004a10                TimerP_Params_init
 .text.TimerP_construct
                0x00004a34      0x104 ./syscfg/ti_freertos_config.o
                0x00004a34                TimerP_construct
 .text.TimerP_getMaxTicks
                0x00004b38       0x48 ./syscfg/ti_freertos_config.o
                0x00004b38                TimerP_getMaxTicks
 .text.TimerP_setThreshold
                0x00004b80       0x54 ./syscfg/ti_freertos_config.o
                0x00004b80                TimerP_setThreshold
 .text.TimerP_setNextTick
                0x00004bd4       0x7e ./syscfg/ti_freertos_config.o
                0x00004bd4                TimerP_setNextTick
 *fill*         0x00004c52        0x2 
 .text.TimerP_startup
                0x00004c54       0x2c ./syscfg/ti_freertos_config.o
                0x00004c54                TimerP_startup
 .text.TimerP_start
                0x00004c80       0x60 ./syscfg/ti_freertos_config.o
                0x00004c80                TimerP_start
 .text.TimerP_getCount64
                0x00004ce0       0x1a ./syscfg/ti_freertos_config.o
                0x00004ce0                TimerP_getCount64
 *fill*         0x00004cfa        0x2 
 .text.TimerP_dynamicStub
                0x00004cfc       0x80 ./syscfg/ti_freertos_config.o
                0x00004cfc                TimerP_dynamicStub
 .text.TimerP_getCurrentTick
                0x00004d7c       0x70 ./syscfg/ti_freertos_config.o
                0x00004d7c                TimerP_getCurrentTick
 .text.localProgramStart
                0x00004dec       0xfc ./syscfg/ti_freertos_config.o
                0x00004dec                localProgramStart
 .text.resetISR
                0x00004ee8       0x12 ./syscfg/ti_freertos_config.o
                0x00004ee8                resetISR
 .text.nmiISR   0x00004efa        0x6 ./syscfg/ti_freertos_config.o
 .text.faultISR
                0x00004f00        0x6 ./syscfg/ti_freertos_config.o
 .text.busFaultHandler
                0x00004f06        0x6 ./syscfg/ti_freertos_config.o
 .text.intDefaultHandler
                0x00004f0c        0x6 ./syscfg/ti_freertos_config.o
 .text.secureFaultHandler
                0x00004f12        0x6 ./syscfg/ti_freertos_config.o
 .text._fini    0x00004f18        0xe ./syscfg/ti_freertos_config.o
                0x00004f18                _fini
 .text.malloc   0x00004f26       0x5e ./syscfg/ti_freertos_config.o
                0x00004f26                malloc
 .text.free     0x00004f84       0x26 ./syscfg/ti_freertos_config.o
                0x00004f84                free
 .text._free_r  0x00004faa       0x18 ./syscfg/ti_freertos_config.o
                0x00004faa                _free_r
 *fill*         0x00004fc2        0x2 
 .text.pthread_attr_init
                0x00004fc4       0x28 ./syscfg/ti_freertos_config.o
                0x00004fc4                pthread_attr_init
 .text.pthread_attr_setdetachstate
                0x00004fec       0x2e ./syscfg/ti_freertos_config.o
                0x00004fec                pthread_attr_setdetachstate
 .text.pthread_attr_setschedparam
                0x0000501a       0x34 ./syscfg/ti_freertos_config.o
                0x0000501a                pthread_attr_setschedparam
 .text.pthread_attr_setstacksize
                0x0000504e       0x1e ./syscfg/ti_freertos_config.o
                0x0000504e                pthread_attr_setstacksize
 .text.pthread_create
                0x0000506c      0x14c ./syscfg/ti_freertos_config.o
                0x0000506c                pthread_create
 .text.pthread_exit
                0x000051b8       0x74 ./syscfg/ti_freertos_config.o
                0x000051b8                pthread_exit
 .text.pthread_self
                0x0000522c       0x1e ./syscfg/ti_freertos_config.o
                0x0000522c                pthread_self
 .text.pthread_setcancelstate
                0x0000524a       0x4e ./syscfg/ti_freertos_config.o
                0x0000524a                pthread_setcancelstate
 .text._pthread_cleanup_pop
                0x00005298       0x32 ./syscfg/ti_freertos_config.o
                0x00005298                _pthread_cleanup_pop
 .text._pthread_runStub
                0x000052ca       0x28 ./syscfg/ti_freertos_config.o
 .text.removeThreadKeys
                0x000052f2       0x86 ./syscfg/ti_freertos_config.o
 .text.vQueueAddToRegistryWrapper
                0x00005378       0x16 ./syscfg/ti_freertos_config.o
                0x00005378                vQueueAddToRegistryWrapper
 *fill*         0x0000538e        0x2 
 .text.vPortSetupTimerInterrupt
                0x00005390       0x60 ./syscfg/ti_freertos_portable_config.o
                0x00005390                vPortSetupTimerInterrupt
 .text.prvTaskExitError
                0x000053f0       0x34 ./syscfg/ti_freertos_portable_config.o
 .text.prvSetupFPU
                0x00005424       0x30 ./syscfg/ti_freertos_portable_config.o
 .text.vPortYield
                0x00005454       0x24 ./syscfg/ti_freertos_portable_config.o
                0x00005454                vPortYield
 .text.vPortEnterCritical
                0x00005478       0x24 ./syscfg/ti_freertos_portable_config.o
                0x00005478                vPortEnterCritical
 .text.vPortExitCritical
                0x0000549c       0x34 ./syscfg/ti_freertos_portable_config.o
                0x0000549c                vPortExitCritical
 .text.SysTick_Handler
                0x000054d0       0x30 ./syscfg/ti_freertos_portable_config.o
                0x000054d0                SysTick_Handler
 .text.vPortSVCHandler_C
                0x00005500       0x34 ./syscfg/ti_freertos_portable_config.o
                0x00005500                vPortSVCHandler_C
 .text.pxPortInitialiseStack
                0x00005534      0x114 ./syscfg/ti_freertos_portable_config.o
                0x00005534                pxPortInitialiseStack
 .text.xPortStartScheduler
                0x00005648       0x40 ./syscfg/ti_freertos_portable_config.o
                0x00005648                xPortStartScheduler
 *fill*         0x00005688        0x8 
 .text.vRestoreContextOfFirstTask
                0x00005690       0x38 ./syscfg/ti_freertos_portable_config.o
                0x00005690                vRestoreContextOfFirstTask
 *fill*         0x000056c8        0x8 
 .text.vStartFirstTask
                0x000056d0       0x28 ./syscfg/ti_freertos_portable_config.o
                0x000056d0                vStartFirstTask
 .text.ulSetInterruptMask
                0x000056f8       0x1a ./syscfg/ti_freertos_portable_config.o
                0x000056f8                ulSetInterruptMask
 .text.vClearInterruptMask
                0x00005712       0x10 ./syscfg/ti_freertos_portable_config.o
                0x00005712                vClearInterruptMask
 *fill*         0x00005722        0xe 
 .text.PendSV_Handler
                0x00005730       0x68 ./syscfg/ti_freertos_portable_config.o
                0x00005730                PendSV_Handler
 *fill*         0x00005798        0x8 
 .text.SVC_Handler
                0x000057a0       0x28 ./syscfg/ti_freertos_portable_config.o
                0x000057a0                SVC_Handler
 .text.mainThreadTx
                0x000057c8      0x2f4 ./rfEchoTx.o
                0x000057c8                mainThreadTx
 .text.echoCallbackTx
                0x00005abc      0x17c ./rfEchoTx.o
 .text.RF_verifyGap
                0x00005c38       0x8e C:/ti/simplelink_cc13xx_cc26xx_sdk_7_41_00_17/source\ti/drivers/rf/lib/gcc/m33f/rf_multiMode_cc13x4.a(RFCC26X2_multiMode.c.cc13x4.gcc.o)
 .text.RF_defaultExecutionPolicy
                0x00005cc6        0x4 C:/ti/simplelink_cc13xx_cc26xx_sdk_7_41_00_17/source\ti/drivers/rf/lib/gcc/m33f/rf_multiMode_cc13x4.a(RFCC26X2_multiMode.c.cc13x4.gcc.o)
                0x00005cc6                RF_defaultExecutionPolicy
 *fill*         0x00005cca        0x2 
 .text.RF_checkCmdFsError
                0x00005ccc       0x30 C:/ti/simplelink_cc13xx_cc26xx_sdk_7_41_00_17/source\ti/drivers/rf/lib/gcc/m33f/rf_multiMode_cc13x4.a(RFCC26X2_multiMode.c.cc13x4.gcc.o)
 .text.RF_invokeGlobalCallback
                0x00005cfc       0x20 C:/ti/simplelink_cc13xx_cc26xx_sdk_7_41_00_17/source\ti/drivers/rf/lib/gcc/m33f/rf_multiMode_cc13x4.a(RFCC26X2_multiMode.c.cc13x4.gcc.o)
 .text.RF_defaultCallback
                0x00005d1c        0x2 C:/ti/simplelink_cc13xx_cc26xx_sdk_7_41_00_17/source\ti/drivers/rf/lib/gcc/m33f/rf_multiMode_cc13x4.a(RFCC26X2_multiMode.c.cc13x4.gcc.o)
 .text.RF_attachOverrides
                0x00005d1e       0x66 C:/ti/simplelink_cc13xx_cc26xx_sdk_7_41_00_17/source\ti/drivers/rf/lib/gcc/m33f/rf_multiMode_cc13x4.a(RFCC26X2_multiMode.c.cc13x4.gcc.o)
 .text.RF_detachOverrides
                0x00005d84       0x6a C:/ti/simplelink_cc13xx_cc26xx_sdk_7_41_00_17/source\ti/drivers/rf/lib/gcc/m33f/rf_multiMode_cc13x4.a(RFCC26X2_multiMode.c.cc13x4.gcc.o)
 .text.RF_cmdStoreEvents
                0x00005dee       0x2e C:/ti/simplelink_cc13xx_cc26xx_sdk_7_41_00_17/source\ti/drivers/rf/lib/gcc/m33f/rf_multiMode_cc13x4.a(RFCC26X2_multiMode.c.cc13x4.gcc.o)
 .text.RF_getPAOverrideOffsetAndValue
                0x00005e1c       0x1e C:/ti/simplelink_cc13xx_cc26xx_sdk_7_41_00_17/source\ti/drivers/rf/lib/gcc/m33f/rf_multiMode_cc13x4.a(RFCC26X2_multiMode.c.cc13x4.gcc.o)
 .text.RF_searchAndReplacePAOverride
                0x00005e3a       0x2e C:/ti/simplelink_cc13xx_cc26xx_sdk_7_41_00_17/source\ti/drivers/rf/lib/gcc/m33f/rf_multiMode_cc13x4.a(RFCC26X2_multiMode.c.cc13x4.gcc.o)
 .text.RF_issueRadioFreeCb
                0x00005e68       0x68 C:/ti/simplelink_cc13xx_cc26xx_sdk_7_41_00_17/source\ti/drivers/rf/lib/gcc/m33f/rf_multiMode_cc13x4.a(RFCC26X2_multiMode.c.cc13x4.gcc.o)
 .text.RF_clkReqAccess
                0x00005ed0        0x6 C:/ti/simplelink_cc13xx_cc26xx_sdk_7_41_00_17/source\ti/drivers/rf/lib/gcc/m33f/rf_multiMode_cc13x4.a(RFCC26X2_multiMode.c.cc13x4.gcc.o)
 *fill*         0x00005ed6        0x2 
 .text.RF_updatePowerupDuration
                0x00005ed8       0x40 C:/ti/simplelink_cc13xx_cc26xx_sdk_7_41_00_17/source\ti/drivers/rf/lib/gcc/m33f/rf_multiMode_cc13x4.a(RFCC26X2_multiMode.c.cc13x4.gcc.o)
 .text.RF_restartClockTimeout
                0x00005f18       0x18 C:/ti/simplelink_cc13xx_cc26xx_sdk_7_41_00_17/source\ti/drivers/rf/lib/gcc/m33f/rf_multiMode_cc13x4.a(RFCC26X2_multiMode.c.cc13x4.gcc.o)
 .text.RF_hwiHw
                0x00005f30       0x6c C:/ti/simplelink_cc13xx_cc26xx_sdk_7_41_00_17/source\ti/drivers/rf/lib/gcc/m33f/rf_multiMode_cc13x4.a(RFCC26X2_multiMode.c.cc13x4.gcc.o)
 .text.RF_swiFsm
                0x00005f9c       0x24 C:/ti/simplelink_cc13xx_cc26xx_sdk_7_41_00_17/source\ti/drivers/rf/lib/gcc/m33f/rf_multiMode_cc13x4.a(RFCC26X2_multiMode.c.cc13x4.gcc.o)
 .text.RF_isStateTransitionAllowed
                0x00005fc0       0x24 C:/ti/simplelink_cc13xx_cc26xx_sdk_7_41_00_17/source\ti/drivers/rf/lib/gcc/m33f/rf_multiMode_cc13x4.a(RFCC26X2_multiMode.c.cc13x4.gcc.o)
 .text.RF_decodeOverridePointers
                0x00005fe4      0x11c C:/ti/simplelink_cc13xx_cc26xx_sdk_7_41_00_17/source\ti/drivers/rf/lib/gcc/m33f/rf_multiMode_cc13x4.a(RFCC26X2_multiMode.c.cc13x4.gcc.o)
 .text.RF_updatePaConfiguration
                0x00006100      0x120 C:/ti/simplelink_cc13xx_cc26xx_sdk_7_41_00_17/source\ti/drivers/rf/lib/gcc/m33f/rf_multiMode_cc13x4.a(RFCC26X2_multiMode.c.cc13x4.gcc.o)
 .text.RF_initRadioSetup
                0x00006220       0xac C:/ti/simplelink_cc13xx_cc26xx_sdk_7_41_00_17/source\ti/drivers/rf/lib/gcc/m33f/rf_multiMode_cc13x4.a(RFCC26X2_multiMode.c.cc13x4.gcc.o)
 .text.RF_fsmXOSCState
                0x000062cc       0x54 C:/ti/simplelink_cc13xx_cc26xx_sdk_7_41_00_17/source\ti/drivers/rf/lib/gcc/m33f/rf_multiMode_cc13x4.a(RFCC26X2_multiMode.c.cc13x4.gcc.o)
 .text.RF_hwiCpe0ChangePhy
                0x00006320       0x24 C:/ti/simplelink_cc13xx_cc26xx_sdk_7_41_00_17/source\ti/drivers/rf/lib/gcc/m33f/rf_multiMode_cc13x4.a(RFCC26X2_multiMode.c.cc13x4.gcc.o)
 .text.RF_wakeupNotification
                0x00006344       0x50 C:/ti/simplelink_cc13xx_cc26xx_sdk_7_41_00_17/source\ti/drivers/rf/lib/gcc/m33f/rf_multiMode_cc13x4.a(RFCC26X2_multiMode.c.cc13x4.gcc.o)
 .text.RF_defaultSubmitPolicy
                0x00006394       0x96 C:/ti/simplelink_cc13xx_cc26xx_sdk_7_41_00_17/source\ti/drivers/rf/lib/gcc/m33f/rf_multiMode_cc13x4.a(RFCC26X2_multiMode.c.cc13x4.gcc.o)
                0x00006394                RF_defaultSubmitPolicy
 *fill*         0x0000642a        0x2 
 .text.RF_discardPendCmd
                0x0000642c       0x98 C:/ti/simplelink_cc13xx_cc26xx_sdk_7_41_00_17/source\ti/drivers/rf/lib/gcc/m33f/rf_multiMode_cc13x4.a(RFCC26X2_multiMode.c.cc13x4.gcc.o)
 .text.RF_cmdGet
                0x000064c4       0x40 C:/ti/simplelink_cc13xx_cc26xx_sdk_7_41_00_17/source\ti/drivers/rf/lib/gcc/m33f/rf_multiMode_cc13x4.a(RFCC26X2_multiMode.c.cc13x4.gcc.o)
 .text.RF_syncCb
                0x00006504       0x62 C:/ti/simplelink_cc13xx_cc26xx_sdk_7_41_00_17/source\ti/drivers/rf/lib/gcc/m33f/rf_multiMode_cc13x4.a(RFCC26X2_multiMode.c.cc13x4.gcc.o)
 *fill*         0x00006566        0x2 
 .text.RF_applyRfCorePatch
                0x00006568       0x68 C:/ti/simplelink_cc13xx_cc26xx_sdk_7_41_00_17/source\ti/drivers/rf/lib/gcc/m33f/rf_multiMode_cc13x4.a(RFCC26X2_multiMode.c.cc13x4.gcc.o)
 .text.RF_fsmSetupState
                0x000065d0      0x124 C:/ti/simplelink_cc13xx_cc26xx_sdk_7_41_00_17/source\ti/drivers/rf/lib/gcc/m33f/rf_multiMode_cc13x4.a(RFCC26X2_multiMode.c.cc13x4.gcc.o)
 .text.RF_abortCmd
                0x000066f4      0x16c C:/ti/simplelink_cc13xx_cc26xx_sdk_7_41_00_17/source\ti/drivers/rf/lib/gcc/m33f/rf_multiMode_cc13x4.a(RFCC26X2_multiMode.c.cc13x4.gcc.o)
 .text.RF_powerConstraintSet
                0x00006860       0x20 C:/ti/simplelink_cc13xx_cc26xx_sdk_7_41_00_17/source\ti/drivers/rf/lib/gcc/m33f/rf_multiMode_cc13x4.a(RFCC26X2_multiMode.c.cc13x4.gcc.o)
                0x00006860                RF_powerConstraintSet
 .text.RF_ratRestartChannels
                0x00006880       0xac C:/ti/simplelink_cc13xx_cc26xx_sdk_7_41_00_17/source\ti/drivers/rf/lib/gcc/m33f/rf_multiMode_cc13x4.a(RFCC26X2_multiMode.c.cc13x4.gcc.o)
 .text.RF_powerConstraintRelease
                0x0000692c       0x34 C:/ti/simplelink_cc13xx_cc26xx_sdk_7_41_00_17/source\ti/drivers/rf/lib/gcc/m33f/rf_multiMode_cc13x4.a(RFCC26X2_multiMode.c.cc13x4.gcc.o)
                0x0000692c                RF_powerConstraintRelease
 .text.RF_clkInactivityCallback
                0x00006960       0x1c C:/ti/simplelink_cc13xx_cc26xx_sdk_7_41_00_17/source\ti/drivers/rf/lib/gcc/m33f/rf_multiMode_cc13x4.a(RFCC26X2_multiMode.c.cc13x4.gcc.o)
 .text.RF_radioOpDoneCb
                0x0000697c      0x150 C:/ti/simplelink_cc13xx_cc26xx_sdk_7_41_00_17/source\ti/drivers/rf/lib/gcc/m33f/rf_multiMode_cc13x4.a(RFCC26X2_multiMode.c.cc13x4.gcc.o)
 .text.RF_ratFreeChannel
                0x00006acc       0x98 C:/ti/simplelink_cc13xx_cc26xx_sdk_7_41_00_17/source\ti/drivers/rf/lib/gcc/m33f/rf_multiMode_cc13x4.a(RFCC26X2_multiMode.c.cc13x4.gcc.o)
 .text.RF_swiHw
                0x00006b64       0xcc C:/ti/simplelink_cc13xx_cc26xx_sdk_7_41_00_17/source\ti/drivers/rf/lib/gcc/m33f/rf_multiMode_cc13x4.a(RFCC26X2_multiMode.c.cc13x4.gcc.o)
 .text.RF_getCurrentTime
                0x00006c30       0x60 C:/ti/simplelink_cc13xx_cc26xx_sdk_7_41_00_17/source\ti/drivers/rf/lib/gcc/m33f/rf_multiMode_cc13x4.a(RFCC26X2_multiMode.c.cc13x4.gcc.o)
                0x00006c30                RF_getCurrentTime
 .text.RF_cmdDispatchTime
                0x00006c90       0xb0 C:/ti/simplelink_cc13xx_cc26xx_sdk_7_41_00_17/source\ti/drivers/rf/lib/gcc/m33f/rf_multiMode_cc13x4.a(RFCC26X2_multiMode.c.cc13x4.gcc.o)
 .text.RF_dispatchNextCmd
                0x00006d40      0x1b8 C:/ti/simplelink_cc13xx_cc26xx_sdk_7_41_00_17/source\ti/drivers/rf/lib/gcc/m33f/rf_multiMode_cc13x4.a(RFCC26X2_multiMode.c.cc13x4.gcc.o)
 .text.RF_hwiCpe0Active
                0x00006ef8      0x10c C:/ti/simplelink_cc13xx_cc26xx_sdk_7_41_00_17/source\ti/drivers/rf/lib/gcc/m33f/rf_multiMode_cc13x4.a(RFCC26X2_multiMode.c.cc13x4.gcc.o)
 .text.RF_hwiCpe0PowerFsm
                0x00007004       0x60 C:/ti/simplelink_cc13xx_cc26xx_sdk_7_41_00_17/source\ti/drivers/rf/lib/gcc/m33f/rf_multiMode_cc13x4.a(RFCC26X2_multiMode.c.cc13x4.gcc.o)
 .text.RF_calculateDispatchTime
                0x00007064       0xd0 C:/ti/simplelink_cc13xx_cc26xx_sdk_7_41_00_17/source\ti/drivers/rf/lib/gcc/m33f/rf_multiMode_cc13x4.a(RFCC26X2_multiMode.c.cc13x4.gcc.o)
 .text.RF_dispatchNextEvent
                0x00007134       0x64 C:/ti/simplelink_cc13xx_cc26xx_sdk_7_41_00_17/source\ti/drivers/rf/lib/gcc/m33f/rf_multiMode_cc13x4.a(RFCC26X2_multiMode.c.cc13x4.gcc.o)
 .text.RF_fsmPowerUpState
                0x00007198      0x124 C:/ti/simplelink_cc13xx_cc26xx_sdk_7_41_00_17/source\ti/drivers/rf/lib/gcc/m33f/rf_multiMode_cc13x4.a(RFCC26X2_multiMode.c.cc13x4.gcc.o)
 .text.RF_fsmActiveState
                0x000072bc      0x4c4 C:/ti/simplelink_cc13xx_cc26xx_sdk_7_41_00_17/source\ti/drivers/rf/lib/gcc/m33f/rf_multiMode_cc13x4.a(RFCC26X2_multiMode.c.cc13x4.gcc.o)
 .text.RF_clkPowerUp
                0x00007780       0x24 C:/ti/simplelink_cc13xx_cc26xx_sdk_7_41_00_17/source\ti/drivers/rf/lib/gcc/m33f/rf_multiMode_cc13x4.a(RFCC26X2_multiMode.c.cc13x4.gcc.o)
 .text.RF_postCmd
                0x000077a4      0x118 C:/ti/simplelink_cc13xx_cc26xx_sdk_7_41_00_17/source\ti/drivers/rf/lib/gcc/m33f/rf_multiMode_cc13x4.a(RFCC26X2_multiMode.c.cc13x4.gcc.o)
                0x000077a4                RF_postCmd
 .text.RF_pendCmd
                0x000078bc       0xb0 C:/ti/simplelink_cc13xx_cc26xx_sdk_7_41_00_17/source\ti/drivers/rf/lib/gcc/m33f/rf_multiMode_cc13x4.a(RFCC26X2_multiMode.c.cc13x4.gcc.o)
                0x000078bc                RF_pendCmd
 .text.RF_runCmd
                0x0000796c       0x24 C:/ti/simplelink_cc13xx_cc26xx_sdk_7_41_00_17/source\ti/drivers/rf/lib/gcc/m33f/rf_multiMode_cc13x4.a(RFCC26X2_multiMode.c.cc13x4.gcc.o)
                0x0000796c                RF_runCmd
 .text.RF_Params_init
                0x00007990       0x18 C:/ti/simplelink_cc13xx_cc26xx_sdk_7_41_00_17/source\ti/drivers/rf/lib/gcc/m33f/rf_multiMode_cc13x4.a(RFCC26X2_multiMode.c.cc13x4.gcc.o)
                0x00007990                RF_Params_init
 .text.RF_open  0x000079a8      0x264 C:/ti/simplelink_cc13xx_cc26xx_sdk_7_41_00_17/source\ti/drivers/rf/lib/gcc/m33f/rf_multiMode_cc13x4.a(RFCC26X2_multiMode.c.cc13x4.gcc.o)
                0x000079a8                RF_open
 .text.RF_getTxPower
                0x00007c0c       0x98 C:/ti/simplelink_cc13xx_cc26xx_sdk_7_41_00_17/source\ti/drivers/rf/lib/gcc/m33f/rf_multiMode_cc13x4.a(RFCC26X2_multiMode.c.cc13x4.gcc.o)
                0x00007c0c                RF_getTxPower
 .text.NOROM_RFCCpeIntGetAndClear
                0x00007ca4       0x10 C:/ti/simplelink_cc13xx_cc26xx_sdk_7_41_00_17/source\ti/drivers/rf/lib/gcc/m33f/rf_multiMode_cc13x4.a(rfc.c.cc13x4.gcc.o)
                0x00007ca4                NOROM_RFCCpeIntGetAndClear
 .text.NOROM_RFCDoorbellSendTo
                0x00007cb4       0x2c C:/ti/simplelink_cc13xx_cc26xx_sdk_7_41_00_17/source\ti/drivers/rf/lib/gcc/m33f/rf_multiMode_cc13x4.a(rfc.c.cc13x4.gcc.o)
                0x00007cb4                NOROM_RFCDoorbellSendTo
 .text.NOROM_RFCSynthPowerDown
                0x00007ce0       0x58 C:/ti/simplelink_cc13xx_cc26xx_sdk_7_41_00_17/source\ti/drivers/rf/lib/gcc/m33f/rf_multiMode_cc13x4.a(rfc.c.cc13x4.gcc.o)
                0x00007ce0                NOROM_RFCSynthPowerDown
 .text.NOROM_RFCCpePatchReset
                0x00007d38        0x2 C:/ti/simplelink_cc13xx_cc26xx_sdk_7_41_00_17/source\ti/drivers/rf/lib/gcc/m33f/rf_multiMode_cc13x4.a(rfc.c.cc13x4.gcc.o)
                0x00007d38                NOROM_RFCCpePatchReset
 .text.NOROM_RFCOverrideSearch
                0x00007d3a       0x26 C:/ti/simplelink_cc13xx_cc26xx_sdk_7_41_00_17/source\ti/drivers/rf/lib/gcc/m33f/rf_multiMode_cc13x4.a(rfc.c.cc13x4.gcc.o)
                0x00007d3a                NOROM_RFCOverrideSearch
 .text.NOROM_RFCAnaDivTxOverride
                0x00007d60       0x3c C:/ti/simplelink_cc13xx_cc26xx_sdk_7_41_00_17/source\ti/drivers/rf/lib/gcc/m33f/rf_multiMode_cc13x4.a(rfc.c.cc13x4.gcc.o)
                0x00007d60                NOROM_RFCAnaDivTxOverride
 .text.NOROM_RFCOverrideUpdate
                0x00007d9c        0x4 C:/ti/simplelink_cc13xx_cc26xx_sdk_7_41_00_17/source\ti/drivers/rf/lib/gcc/m33f/rf_multiMode_cc13x4.a(rfc.c.cc13x4.gcc.o)
                0x00007d9c                NOROM_RFCOverrideUpdate
 .text.NOROM_RFCHwIntGetAndClear
                0x00007da0       0x10 C:/ti/simplelink_cc13xx_cc26xx_sdk_7_41_00_17/source\ti/drivers/rf/lib/gcc/m33f/rf_multiMode_cc13x4.a(rfc.c.cc13x4.gcc.o)
                0x00007da0                NOROM_RFCHwIntGetAndClear
 .text.configureMultiProtocolPatch
                0x00007db0       0x78 C:/ti/simplelink_cc13xx_cc26xx_sdk_7_41_00_17/source\ti/drivers/rf/lib/gcc/m33f/rf_multiMode_cc13x4.a(rf_patch_cpe_multi_protocol.c.cc13x4.gcc.o)
 .text.rf_patch_cpe_multi_protocol
                0x00007e28       0x2c C:/ti/simplelink_cc13xx_cc26xx_sdk_7_41_00_17/source\ti/drivers/rf/lib/gcc/m33f/rf_multiMode_cc13x4.a(rf_patch_cpe_multi_protocol.c.cc13x4.gcc.o)
                0x00007e28                rf_patch_cpe_multi_protocol
 .text.List_clearList
                0x00007e54       0x18 C:/ti/simplelink_cc13xx_cc26xx_sdk_7_41_00_17/source\ti/drivers/lib/gcc/m33f/drivers_cc13x4.a(List.c.obj)
                0x00007e54                List_clearList
 .text.List_get
                0x00007e6c       0x28 C:/ti/simplelink_cc13xx_cc26xx_sdk_7_41_00_17/source\ti/drivers/lib/gcc/m33f/drivers_cc13x4.a(List.c.obj)
                0x00007e6c                List_get
 .text.List_insert
                0x00007e94       0x30 C:/ti/simplelink_cc13xx_cc26xx_sdk_7_41_00_17/source\ti/drivers/lib/gcc/m33f/drivers_cc13x4.a(List.c.obj)
                0x00007e94                List_insert
 .text.List_put
                0x00007ec4       0x2c C:/ti/simplelink_cc13xx_cc26xx_sdk_7_41_00_17/source\ti/drivers/lib/gcc/m33f/drivers_cc13x4.a(List.c.obj)
                0x00007ec4                List_put
 .text.List_putHead
                0x00007ef0       0x2c C:/ti/simplelink_cc13xx_cc26xx_sdk_7_41_00_17/source\ti/drivers/lib/gcc/m33f/drivers_cc13x4.a(List.c.obj)
                0x00007ef0                List_putHead
 .text.List_remove
                0x00007f1c       0x30 C:/ti/simplelink_cc13xx_cc26xx_sdk_7_41_00_17/source\ti/drivers/lib/gcc/m33f/drivers_cc13x4.a(List.c.obj)
                0x00007f1c                List_remove
 .text.GPIO_resetConfig
                0x00007f4c       0x3c C:/ti/simplelink_cc13xx_cc26xx_sdk_7_41_00_17/source\ti/drivers/lib/gcc/m33f/drivers_cc13x4.a(GPIO.c.obj)
                0x00007f4c                GPIO_resetConfig
 .text.GPIO_disableInt
                0x00007f88       0x18 C:/ti/simplelink_cc13xx_cc26xx_sdk_7_41_00_17/source\ti/drivers/lib/gcc/m33f/drivers_cc13x4.a(GPIOCC26XX.c.obj)
                0x00007f88                GPIO_disableInt
 .text.GPIO_setConfig
                0x00007fa0       0xc4 C:/ti/simplelink_cc13xx_cc26xx_sdk_7_41_00_17/source\ti/drivers/lib/gcc/m33f/drivers_cc13x4.a(GPIOCC26XX.c.obj)
                0x00007fa0                GPIO_setConfig
 .text.GPIO_setConfigAndMux
                0x00008064       0xc4 C:/ti/simplelink_cc13xx_cc26xx_sdk_7_41_00_17/source\ti/drivers/lib/gcc/m33f/drivers_cc13x4.a(GPIOCC26XX.c.obj)
                0x00008064                GPIO_setConfigAndMux
 .text.GPIO_toggle
                0x00008128       0x2c C:/ti/simplelink_cc13xx_cc26xx_sdk_7_41_00_17/source\ti/drivers/lib/gcc/m33f/drivers_cc13x4.a(GPIOCC26XX.c.obj)
                0x00008128                GPIO_toggle
 .text.GPIO_write
                0x00008154       0x14 C:/ti/simplelink_cc13xx_cc26xx_sdk_7_41_00_17/source\ti/drivers/lib/gcc/m33f/drivers_cc13x4.a(GPIOCC26XX.c.obj)
                0x00008154                GPIO_write
 .text.emptyClockFunc
                0x00008168        0x4 C:/ti/simplelink_cc13xx_cc26xx_sdk_7_41_00_17/source\ti/drivers/lib/gcc/m33f/drivers_cc13x4.a(PowerCC26X2.c.obj)
 .text.nopResourceHandler
                0x0000816c        0x4 C:/ti/simplelink_cc13xx_cc26xx_sdk_7_41_00_17/source\ti/drivers/lib/gcc/m33f/drivers_cc13x4.a(PowerCC26X2.c.obj)
 .text.configureRFCoreClocks
                0x00008170        0x4 C:/ti/simplelink_cc13xx_cc26xx_sdk_7_41_00_17/source\ti/drivers/lib/gcc/m33f/drivers_cc13x4.a(PowerCC26X2.c.obj)
 .text.switchToTCXO
                0x00008174       0x7c C:/ti/simplelink_cc13xx_cc26xx_sdk_7_41_00_17/source\ti/drivers/lib/gcc/m33f/drivers_cc13x4.a(PowerCC26X2.c.obj)
 .text.configureXOSCHF
                0x000081f0      0x12c C:/ti/simplelink_cc13xx_cc26xx_sdk_7_41_00_17/source\ti/drivers/lib/gcc/m33f/drivers_cc13x4.a(PowerCC26X2.c.obj)
 .text.oscillatorISR
                0x0000831c      0x124 C:/ti/simplelink_cc13xx_cc26xx_sdk_7_41_00_17/source\ti/drivers/lib/gcc/m33f/drivers_cc13x4.a(PowerCC26X2.c.obj)
 .text.Power_getConstraintMask
                0x00008440        0xc C:/ti/simplelink_cc13xx_cc26xx_sdk_7_41_00_17/source\ti/drivers/lib/gcc/m33f/drivers_cc13x4.a(PowerCC26X2.c.obj)
                0x00008440                Power_getConstraintMask
 .text.Power_getTransitionLatency
                0x0000844c       0x20 C:/ti/simplelink_cc13xx_cc26xx_sdk_7_41_00_17/source\ti/drivers/lib/gcc/m33f/drivers_cc13x4.a(PowerCC26X2.c.obj)
                0x0000844c                Power_getTransitionLatency
 .text.Power_idleFunc
                0x0000846c       0x18 C:/ti/simplelink_cc13xx_cc26xx_sdk_7_41_00_17/source\ti/drivers/lib/gcc/m33f/drivers_cc13x4.a(PowerCC26X2.c.obj)
                0x0000846c                Power_idleFunc
 .text.Power_init
                0x00008484      0x164 C:/ti/simplelink_cc13xx_cc26xx_sdk_7_41_00_17/source\ti/drivers/lib/gcc/m33f/drivers_cc13x4.a(PowerCC26X2.c.obj)
                0x00008484                Power_init
 .text.Power_registerNotify
                0x000085e8       0x24 C:/ti/simplelink_cc13xx_cc26xx_sdk_7_41_00_17/source\ti/drivers/lib/gcc/m33f/drivers_cc13x4.a(PowerCC26X2.c.obj)
                0x000085e8                Power_registerNotify
 .text.Power_releaseConstraint
                0x0000860c       0x34 C:/ti/simplelink_cc13xx_cc26xx_sdk_7_41_00_17/source\ti/drivers/lib/gcc/m33f/drivers_cc13x4.a(PowerCC26X2.c.obj)
                0x0000860c                Power_releaseConstraint
 .text.Power_releaseDependency
                0x00008640       0xb8 C:/ti/simplelink_cc13xx_cc26xx_sdk_7_41_00_17/source\ti/drivers/lib/gcc/m33f/drivers_cc13x4.a(PowerCC26X2.c.obj)
                0x00008640                Power_releaseDependency
 .text.Power_setConstraint
                0x000086f8       0x30 C:/ti/simplelink_cc13xx_cc26xx_sdk_7_41_00_17/source\ti/drivers/lib/gcc/m33f/drivers_cc13x4.a(PowerCC26X2.c.obj)
                0x000086f8                Power_setConstraint
 .text.Power_setDependency
                0x00008728       0xc0 C:/ti/simplelink_cc13xx_cc26xx_sdk_7_41_00_17/source\ti/drivers/lib/gcc/m33f/drivers_cc13x4.a(PowerCC26X2.c.obj)
                0x00008728                Power_setDependency
 .text.Power_sleep
                0x000087e8      0x1b8 C:/ti/simplelink_cc13xx_cc26xx_sdk_7_41_00_17/source\ti/drivers/lib/gcc/m33f/drivers_cc13x4.a(PowerCC26X2.c.obj)
                0x000087e8                Power_sleep
 .text.PowerCC26XX_calibrate
                0x000089a0       0x18 C:/ti/simplelink_cc13xx_cc26xx_sdk_7_41_00_17/source\ti/drivers/lib/gcc/m33f/drivers_cc13x4.a(PowerCC26X2.c.obj)
                0x000089a0                PowerCC26XX_calibrate
 .text.PowerCC26XX_isStableXOSC_HF
                0x000089b8       0x30 C:/ti/simplelink_cc13xx_cc26xx_sdk_7_41_00_17/source\ti/drivers/lib/gcc/m33f/drivers_cc13x4.a(PowerCC26X2.c.obj)
                0x000089b8                PowerCC26XX_isStableXOSC_HF
 .text.PowerCC26XX_switchXOSC_HF
                0x000089e8       0x74 C:/ti/simplelink_cc13xx_cc26xx_sdk_7_41_00_17/source\ti/drivers/lib/gcc/m33f/drivers_cc13x4.a(PowerCC26X2.c.obj)
                0x000089e8                PowerCC26XX_switchXOSC_HF
 .text.PowerCC26X2_initiateCalibration
                0x00008a5c       0x74 C:/ti/simplelink_cc13xx_cc26xx_sdk_7_41_00_17/source\ti/drivers/lib/gcc/m33f/drivers_cc13x4.a(PowerCC26X2_calibrateRCOSC.c.obj)
                0x00008a5c                PowerCC26X2_initiateCalibration
 .text.PowerCC26X2_auxISR
                0x00008ad0      0x2ec C:/ti/simplelink_cc13xx_cc26xx_sdk_7_41_00_17/source\ti/drivers/lib/gcc/m33f/drivers_cc13x4.a(PowerCC26X2_calibrateRCOSC.c.obj)
                0x00008ad0                PowerCC26X2_auxISR
 .text.PowerCC26X2_calibrate
                0x00008dbc      0x140 C:/ti/simplelink_cc13xx_cc26xx_sdk_7_41_00_17/source\ti/drivers/lib/gcc/m33f/drivers_cc13x4.a(PowerCC26X2_calibrateRCOSC.c.obj)
                0x00008dbc                PowerCC26X2_calibrate
 .text.PowerCC26X2_RCOSC_clockFunc
                0x00008efc       0x4c C:/ti/simplelink_cc13xx_cc26xx_sdk_7_41_00_17/source\ti/drivers/lib/gcc/m33f/drivers_cc13x4.a(PowerCC26X2_calibrateRCOSC.c.obj)
                0x00008efc                PowerCC26X2_RCOSC_clockFunc
 .text.GPIO_hwiIntFxn
                0x00008f48       0x8c C:/ti/simplelink_cc13xx_cc26xx_sdk_7_41_00_17/source\ti/drivers/lib/gcc/m33f/drivers_cc13x4.a(GPIOCC26X4.c.obj)
                0x00008f48                GPIO_hwiIntFxn
 .text.GPIO_init
                0x00008fd4      0x160 C:/ti/simplelink_cc13xx_cc26xx_sdk_7_41_00_17/source\ti/drivers/lib/gcc/m33f/drivers_cc13x4.a(GPIOCC26X4.c.obj)
                0x00008fd4                GPIO_init
 .text.PowerCC26X2_updateSubSecInc
                0x00009134       0x6c C:/ti/simplelink_cc13xx_cc26xx_sdk_7_41_00_17/source\ti/drivers/lib/gcc/m33f/drivers_cc13x4.a(PowerCC26X2_calibrateRCOSC_helpers.c.obj)
                0x00009134                PowerCC26X2_updateSubSecInc
 .text.PowerCC26X2_readCtrim
                0x000091a0       0x10 C:/ti/simplelink_cc13xx_cc26xx_sdk_7_41_00_17/source\ti/drivers/lib/gcc/m33f/drivers_cc13x4.a(PowerCC26X2_calibrateRCOSC_helpers.c.obj)
                0x000091a0                PowerCC26X2_readCtrim
 .text.PowerCC26X2_readCtrimFract
                0x000091b0       0x10 C:/ti/simplelink_cc13xx_cc26xx_sdk_7_41_00_17/source\ti/drivers/lib/gcc/m33f/drivers_cc13x4.a(PowerCC26X2_calibrateRCOSC_helpers.c.obj)
                0x000091b0                PowerCC26X2_readCtrimFract
 .text.PowerCC26X2_readRtrim
                0x000091c0       0x10 C:/ti/simplelink_cc13xx_cc26xx_sdk_7_41_00_17/source\ti/drivers/lib/gcc/m33f/drivers_cc13x4.a(PowerCC26X2_calibrateRCOSC_helpers.c.obj)
                0x000091c0                PowerCC26X2_readRtrim
 .text.PowerCC26X2_writeCtrim
                0x000091d0       0x20 C:/ti/simplelink_cc13xx_cc26xx_sdk_7_41_00_17/source\ti/drivers/lib/gcc/m33f/drivers_cc13x4.a(PowerCC26X2_calibrateRCOSC_helpers.c.obj)
                0x000091d0                PowerCC26X2_writeCtrim
 .text.PowerCC26X2_writeCtrimFract
                0x000091f0       0x20 C:/ti/simplelink_cc13xx_cc26xx_sdk_7_41_00_17/source\ti/drivers/lib/gcc/m33f/drivers_cc13x4.a(PowerCC26X2_calibrateRCOSC_helpers.c.obj)
                0x000091f0                PowerCC26X2_writeCtrimFract
 .text.PowerCC26X2_writeCtrimFractEn
                0x00009210       0x20 C:/ti/simplelink_cc13xx_cc26xx_sdk_7_41_00_17/source\ti/drivers/lib/gcc/m33f/drivers_cc13x4.a(PowerCC26X2_calibrateRCOSC_helpers.c.obj)
                0x00009210                PowerCC26X2_writeCtrimFractEn
 .text.PowerCC26X2_writeRtrim
                0x00009230       0x20 C:/ti/simplelink_cc13xx_cc26xx_sdk_7_41_00_17/source\ti/drivers/lib/gcc/m33f/drivers_cc13x4.a(PowerCC26X2_calibrateRCOSC_helpers.c.obj)
                0x00009230                PowerCC26X2_writeRtrim
 .text.PowerCC26X2_setTdcClkSrc24M
                0x00009250       0x30 C:/ti/simplelink_cc13xx_cc26xx_sdk_7_41_00_17/source\ti/drivers/lib/gcc/m33f/drivers_cc13x4.a(PowerCC26X2_calibrateRCOSC_helpers.c.obj)
                0x00009250                PowerCC26X2_setTdcClkSrc24M
 .text.PowerCC26X2_setAclkRefSrc
                0x00009280       0x34 C:/ti/simplelink_cc13xx_cc26xx_sdk_7_41_00_17/source\ti/drivers/lib/gcc/m33f/drivers_cc13x4.a(PowerCC26X2_calibrateRCOSC_helpers.c.obj)
                0x00009280                PowerCC26X2_setAclkRefSrc
 .text.PowerCC26X2_oscCtlClearXtal
                0x000092b4       0x10 C:/ti/simplelink_cc13xx_cc26xx_sdk_7_41_00_17/source\ti/drivers/lib/gcc/m33f/drivers_cc13x4.a(PowerCC26X2_helpers.c.obj)
                0x000092b4                PowerCC26X2_oscCtlClearXtal
 .text.PowerCC26X2_prcmEnableCacheRetention
                0x000092c4       0x10 C:/ti/simplelink_cc13xx_cc26xx_sdk_7_41_00_17/source\ti/drivers/lib/gcc/m33f/drivers_cc13x4.a(PowerCC26X2_helpers.c.obj)
                0x000092c4                PowerCC26X2_prcmEnableCacheRetention
 .text.PowerCC26X2_oschfSwitchToRcosc
                0x000092d4        0x4 C:/ti/simplelink_cc13xx_cc26xx_sdk_7_41_00_17/source\ti/drivers/lib/gcc/m33f/drivers_cc13x4.a(PowerCC26X2_helpers.c.obj)
                0x000092d4                PowerCC26X2_oschfSwitchToRcosc
 .text.PowerCC26X2_oscClockSourceGet
                0x000092d8        0x4 C:/ti/simplelink_cc13xx_cc26xx_sdk_7_41_00_17/source\ti/drivers/lib/gcc/m33f/drivers_cc13x4.a(PowerCC26X2_helpers.c.obj)
                0x000092d8                PowerCC26X2_oscClockSourceGet
 .text.PowerCC26X2_oscDisableQualifiers
                0x000092dc       0x34 C:/ti/simplelink_cc13xx_cc26xx_sdk_7_41_00_17/source\ti/drivers/lib/gcc/m33f/drivers_cc13x4.a(PowerCC26X2_helpers.c.obj)
                0x000092dc                PowerCC26X2_oscDisableQualifiers
 .text.PowerCC26X2_getOscHfSourceReady
                0x00009310       0x1c C:/ti/simplelink_cc13xx_cc26xx_sdk_7_41_00_17/source\ti/drivers/lib/gcc/m33f/drivers_cc13x4.a(PowerCC26X2_helpers.c.obj)
                0x00009310                PowerCC26X2_getOscHfSourceReady
 .text.PowerCC26X2_oschfTrySwitchToXosc
                0x0000932c        0x8 C:/ti/simplelink_cc13xx_cc26xx_sdk_7_41_00_17/source\ti/drivers/lib/gcc/m33f/drivers_cc13x4.a(PowerCC26X2_helpers.c.obj)
                0x0000932c                PowerCC26X2_oschfTrySwitchToXosc
 .text.PowerCC26X2_enableTCXOQual
                0x00009334       0x20 C:/ti/simplelink_cc13xx_cc26xx_sdk_7_41_00_17/source\ti/drivers/lib/gcc/m33f/drivers_cc13x4.a(PowerCC26X2_helpers.c.obj)
                0x00009334                PowerCC26X2_enableTCXOQual
 .text.PowerCC26X2_disableTCXOQual
                0x00009354       0x20 C:/ti/simplelink_cc13xx_cc26xx_sdk_7_41_00_17/source\ti/drivers/lib/gcc/m33f/drivers_cc13x4.a(PowerCC26X2_helpers.c.obj)
                0x00009354                PowerCC26X2_disableTCXOQual
 .text.PowerCC26X2_turnOnXosc
                0x00009374        0x4 C:/ti/simplelink_cc13xx_cc26xx_sdk_7_41_00_17/source\ti/drivers/lib/gcc/m33f/drivers_cc13x4.a(PowerCC26X2_helpers.c.obj)
                0x00009374                PowerCC26X2_turnOnXosc
 .text.PowerCC26X2_switchToTCXO
                0x00009378       0x10 C:/ti/simplelink_cc13xx_cc26xx_sdk_7_41_00_17/source\ti/drivers/lib/gcc/m33f/drivers_cc13x4.a(PowerCC26X2_helpers.c.obj)
                0x00009378                PowerCC26X2_switchToTCXO
 .text.PowerCC26X2_sysCtrlStandby
                0x00009388        0xc C:/ti/simplelink_cc13xx_cc26xx_sdk_7_41_00_17/source\ti/drivers/lib/gcc/m33f/drivers_cc13x4.a(PowerCC26X2_helpers.c.obj)
                0x00009388                PowerCC26X2_sysCtrlStandby
 .text.PowerCC26X2_setPeriphDependency
                0x00009394       0x2c C:/ti/simplelink_cc13xx_cc26xx_sdk_7_41_00_17/source\ti/drivers/lib/gcc/m33f/drivers_cc13x4.a(PowerCC26X2_helpers.c.obj)
                0x00009394                PowerCC26X2_setPeriphDependency
 .text.PowerCC26X2_releasePeriphDependency
                0x000093c0       0x2c C:/ti/simplelink_cc13xx_cc26xx_sdk_7_41_00_17/source\ti/drivers/lib/gcc/m33f/drivers_cc13x4.a(PowerCC26X2_helpers.c.obj)
                0x000093c0                PowerCC26X2_releasePeriphDependency
 .text.PowerCC26X2_setPeriphDeepSleepEnable
                0x000093ec        0x4 C:/ti/simplelink_cc13xx_cc26xx_sdk_7_41_00_17/source\ti/drivers/lib/gcc/m33f/drivers_cc13x4.a(PowerCC26X2_helpers.c.obj)
                0x000093ec                PowerCC26X2_setPeriphDeepSleepEnable
 .text.PowerCC26X2_sysCtrlGetResetSource
                0x000093f0        0x4 C:/ti/simplelink_cc13xx_cc26xx_sdk_7_41_00_17/source\ti/drivers/lib/gcc/m33f/drivers_cc13x4.a(PowerCC26X2_helpers.c.obj)
                0x000093f0                PowerCC26X2_sysCtrlGetResetSource
 .text.PowerCC26X2_setSubSecIncToXoscLf
                0x000093f4       0x28 C:/ti/simplelink_cc13xx_cc26xx_sdk_7_41_00_17/source\ti/drivers/lib/gcc/m33f/drivers_cc13x4.a(PowerCC26X2_helpers.c.obj)
                0x000093f4                PowerCC26X2_setSubSecIncToXoscLf
 .text.PowerCC26X2_sysCtrlUpdateVoltageRegulator
                0x0000941c        0x4 C:/ti/simplelink_cc13xx_cc26xx_sdk_7_41_00_17/source\ti/drivers/lib/gcc/m33f/drivers_cc13x4.a(PowerCC26X2_helpers.c.obj)
                0x0000941c                PowerCC26X2_sysCtrlUpdateVoltageRegulator
 .text.NOROM_AONBatMonTemperatureGetDegC
                0x00009420       0x30 C:/ti/simplelink_cc13xx_cc26xx_sdk_7_41_00_17/source\ti/devices/cc13x4_cc26x4/driverlib/bin/gcc/driverlib.lib(aon_batmon.c.obj)
                0x00009420                NOROM_AONBatMonTemperatureGetDegC
 .text.NOROM_AONEventMcuWakeUpSet
                0x00009450       0x30 C:/ti/simplelink_cc13xx_cc26xx_sdk_7_41_00_17/source\ti/devices/cc13x4_cc26x4/driverlib/bin/gcc/driverlib.lib(aon_event.c.obj)
                0x00009450                NOROM_AONEventMcuWakeUpSet
 .text.NOROM_AONRTCCurrent64BitValueGet
                0x00009480       0x20 C:/ti/simplelink_cc13xx_cc26xx_sdk_7_41_00_17/source\ti/devices/cc13x4_cc26x4/driverlib/bin/gcc/driverlib.lib(aon_rtc.c.obj)
                0x00009480                NOROM_AONRTCCurrent64BitValueGet
 .text.NOROM_CPUcpsid
                0x000094a0        0x8 C:/ti/simplelink_cc13xx_cc26xx_sdk_7_41_00_17/source\ti/devices/cc13x4_cc26x4/driverlib/bin/gcc/driverlib.lib(cpu.c.obj)
                0x000094a0                NOROM_CPUcpsid
 .text.NOROM_CPUcpsie
                0x000094a8        0x8 C:/ti/simplelink_cc13xx_cc26xx_sdk_7_41_00_17/source\ti/devices/cc13x4_cc26x4/driverlib/bin/gcc/driverlib.lib(cpu.c.obj)
                0x000094a8                NOROM_CPUcpsie
 .text.NOROM_CPUdelay
                0x000094b0        0x8 C:/ti/simplelink_cc13xx_cc26xx_sdk_7_41_00_17/source\ti/devices/cc13x4_cc26x4/driverlib/bin/gcc/driverlib.lib(cpu.c.obj)
                0x000094b0                NOROM_CPUdelay
 .text.NOROM_DDI32RegWrite
                0x000094b8        0x4 C:/ti/simplelink_cc13xx_cc26xx_sdk_7_41_00_17/source\ti/devices/cc13x4_cc26x4/driverlib/bin/gcc/driverlib.lib(ddi.c.obj)
                0x000094b8                NOROM_DDI32RegWrite
 .text.NOROM_DDI16BitfieldWrite
                0x000094bc       0x2c C:/ti/simplelink_cc13xx_cc26xx_sdk_7_41_00_17/source\ti/devices/cc13x4_cc26x4/driverlib/bin/gcc/driverlib.lib(ddi.c.obj)
                0x000094bc                NOROM_DDI16BitfieldWrite
 .text.NOROM_DDI16BitfieldRead
                0x000094e8       0x1c C:/ti/simplelink_cc13xx_cc26xx_sdk_7_41_00_17/source\ti/devices/cc13x4_cc26x4/driverlib/bin/gcc/driverlib.lib(ddi.c.obj)
                0x000094e8                NOROM_DDI16BitfieldRead
 .text.NOROM_IntRegister
                0x00009504       0x38 C:/ti/simplelink_cc13xx_cc26xx_sdk_7_41_00_17/source\ti/devices/cc13x4_cc26x4/driverlib/bin/gcc/driverlib.lib(interrupt.c.obj)
                0x00009504                NOROM_IntRegister
 .text.NOROM_IntPrioritySet
                0x0000953c       0x2c C:/ti/simplelink_cc13xx_cc26xx_sdk_7_41_00_17/source\ti/devices/cc13x4_cc26x4/driverlib/bin/gcc/driverlib.lib(interrupt.c.obj)
                0x0000953c                NOROM_IntPrioritySet
 .text.NOROM_IntEnable
                0x00009568       0x78 C:/ti/simplelink_cc13xx_cc26xx_sdk_7_41_00_17/source\ti/devices/cc13x4_cc26x4/driverlib/bin/gcc/driverlib.lib(interrupt.c.obj)
                0x00009568                NOROM_IntEnable
 .text.NOROM_IntPendClear
                0x000095e0       0x54 C:/ti/simplelink_cc13xx_cc26xx_sdk_7_41_00_17/source\ti/devices/cc13x4_cc26x4/driverlib/bin/gcc/driverlib.lib(interrupt.c.obj)
                0x000095e0                NOROM_IntPendClear
 .text.NOROM_OSCClockSourceSet
                0x00009634       0x40 C:/ti/simplelink_cc13xx_cc26xx_sdk_7_41_00_17/source\ti/devices/cc13x4_cc26x4/driverlib/bin/gcc/driverlib.lib(osc.c.obj)
                0x00009634                NOROM_OSCClockSourceSet
 .text.NOROM_OSCClockSourceGet
                0x00009674       0x20 C:/ti/simplelink_cc13xx_cc26xx_sdk_7_41_00_17/source\ti/devices/cc13x4_cc26x4/driverlib/bin/gcc/driverlib.lib(osc.c.obj)
                0x00009674                NOROM_OSCClockSourceGet
 .text.NOROM_OSCHF_TurnOnXosc
                0x00009694       0x2c C:/ti/simplelink_cc13xx_cc26xx_sdk_7_41_00_17/source\ti/devices/cc13x4_cc26x4/driverlib/bin/gcc/driverlib.lib(osc.c.obj)
                0x00009694                NOROM_OSCHF_TurnOnXosc
 .text.NOROM_OSCHF_AttemptToSwitchToXosc
                0x000096c0       0x8c C:/ti/simplelink_cc13xx_cc26xx_sdk_7_41_00_17/source\ti/devices/cc13x4_cc26x4/driverlib/bin/gcc/driverlib.lib(osc.c.obj)
                0x000096c0                NOROM_OSCHF_AttemptToSwitchToXosc
 .text.NOROM_OSCHF_SwitchToRcOscTurnOffXosc
                0x0000974c       0x70 C:/ti/simplelink_cc13xx_cc26xx_sdk_7_41_00_17/source\ti/devices/cc13x4_cc26x4/driverlib/bin/gcc/driverlib.lib(osc.c.obj)
                0x0000974c                NOROM_OSCHF_SwitchToRcOscTurnOffXosc
 .text.NOROM_OSC_HPOSCRelativeFrequencyOffsetGet
                0x000097bc       0x40 C:/ti/simplelink_cc13xx_cc26xx_sdk_7_41_00_17/source\ti/devices/cc13x4_cc26x4/driverlib/bin/gcc/driverlib.lib(osc.c.obj)
                0x000097bc                NOROM_OSC_HPOSCRelativeFrequencyOffsetGet
 .text.NOROM_OSC_HPOSCRelativeFrequencyOffsetToRFCoreFormatConvert
                0x000097fc        0xc C:/ti/simplelink_cc13xx_cc26xx_sdk_7_41_00_17/source\ti/devices/cc13x4_cc26x4/driverlib/bin/gcc/driverlib.lib(osc.c.obj)
                0x000097fc                NOROM_OSC_HPOSCRelativeFrequencyOffsetToRFCoreFormatConvert
 .text.NOROM_PRCMPowerDomainOn
                0x00009808       0x48 C:/ti/simplelink_cc13xx_cc26xx_sdk_7_41_00_17/source\ti/devices/cc13x4_cc26x4/driverlib/bin/gcc/driverlib.lib(prcm.c.obj)
                0x00009808                NOROM_PRCMPowerDomainOn
 .text.NOROM_PRCMPowerDomainOff
                0x00009850       0x4c C:/ti/simplelink_cc13xx_cc26xx_sdk_7_41_00_17/source\ti/devices/cc13x4_cc26x4/driverlib/bin/gcc/driverlib.lib(prcm.c.obj)
                0x00009850                NOROM_PRCMPowerDomainOff
 .text.NOROM_PRCMPeripheralRunEnable
                0x0000989c       0x20 C:/ti/simplelink_cc13xx_cc26xx_sdk_7_41_00_17/source\ti/devices/cc13x4_cc26x4/driverlib/bin/gcc/driverlib.lib(prcm.c.obj)
                0x0000989c                NOROM_PRCMPeripheralRunEnable
 .text.NOROM_PRCMPeripheralRunDisable
                0x000098bc       0x24 C:/ti/simplelink_cc13xx_cc26xx_sdk_7_41_00_17/source\ti/devices/cc13x4_cc26x4/driverlib/bin/gcc/driverlib.lib(prcm.c.obj)
                0x000098bc                NOROM_PRCMPeripheralRunDisable
 .text.NOROM_PRCMPeripheralSleepEnable
                0x000098e0       0x20 C:/ti/simplelink_cc13xx_cc26xx_sdk_7_41_00_17/source\ti/devices/cc13x4_cc26x4/driverlib/bin/gcc/driverlib.lib(prcm.c.obj)
                0x000098e0                NOROM_PRCMPeripheralSleepEnable
 .text.NOROM_PRCMPeripheralSleepDisable
                0x00009900       0x24 C:/ti/simplelink_cc13xx_cc26xx_sdk_7_41_00_17/source\ti/devices/cc13x4_cc26x4/driverlib/bin/gcc/driverlib.lib(prcm.c.obj)
                0x00009900                NOROM_PRCMPeripheralSleepDisable
 .text.NOROM_PRCMPeripheralDeepSleepEnable
                0x00009924       0x20 C:/ti/simplelink_cc13xx_cc26xx_sdk_7_41_00_17/source\ti/devices/cc13x4_cc26x4/driverlib/bin/gcc/driverlib.lib(prcm.c.obj)
                0x00009924                NOROM_PRCMPeripheralDeepSleepEnable
 .text.NOROM_PRCMPeripheralDeepSleepDisable
                0x00009944       0x24 C:/ti/simplelink_cc13xx_cc26xx_sdk_7_41_00_17/source\ti/devices/cc13x4_cc26x4/driverlib/bin/gcc/driverlib.lib(prcm.c.obj)
                0x00009944                NOROM_PRCMPeripheralDeepSleepDisable
 .text.NOROM_PRCMPowerDomainsAllOff
                0x00009968       0x94 C:/ti/simplelink_cc13xx_cc26xx_sdk_7_41_00_17/source\ti/devices/cc13x4_cc26x4/driverlib/bin/gcc/driverlib.lib(prcm.c.obj)
                0x00009968                NOROM_PRCMPowerDomainsAllOff
 .text.NOROM_PRCMPowerDomainsAllOn
                0x000099fc       0x54 C:/ti/simplelink_cc13xx_cc26xx_sdk_7_41_00_17/source\ti/devices/cc13x4_cc26x4/driverlib/bin/gcc/driverlib.lib(prcm.c.obj)
                0x000099fc                NOROM_PRCMPowerDomainsAllOn
 .text.NOROM_PRCMDeepSleep
                0x00009a50       0x1c C:/ti/simplelink_cc13xx_cc26xx_sdk_7_41_00_17/source\ti/devices/cc13x4_cc26x4/driverlib/bin/gcc/driverlib.lib(prcm.c.obj)
                0x00009a50                NOROM_PRCMDeepSleep
 .text.TrimAfterColdResetWakeupFromShutDown
                0x00009a6c       0xb4 C:/ti/simplelink_cc13xx_cc26xx_sdk_7_41_00_17/source\ti/devices/cc13x4_cc26x4/driverlib/bin/gcc/driverlib.lib(setup.c.obj)
 .text.NOROM_SetupTrimDevice
                0x00009b20      0x128 C:/ti/simplelink_cc13xx_cc26xx_sdk_7_41_00_17/source\ti/devices/cc13x4_cc26x4/driverlib/bin/gcc/driverlib.lib(setup.c.obj)
                0x00009b20                NOROM_SetupTrimDevice
 .text.NOROM_SetupStepVddrTrimTo
                0x00009c48       0x8c C:/ti/simplelink_cc13xx_cc26xx_sdk_7_41_00_17/source\ti/devices/cc13x4_cc26x4/driverlib/bin/gcc/driverlib.lib(setup_rom.c.obj)
                0x00009c48                NOROM_SetupStepVddrTrimTo
 .text.NOROM_SetupAfterColdResetWakeupFromShutDownCfg1
                0x00009cd4       0x74 C:/ti/simplelink_cc13xx_cc26xx_sdk_7_41_00_17/source\ti/devices/cc13x4_cc26x4/driverlib/bin/gcc/driverlib.lib(setup_rom.c.obj)
                0x00009cd4                NOROM_SetupAfterColdResetWakeupFromShutDownCfg1
 .text.NOROM_SetupAfterColdResetWakeupFromShutDownCfg3
                0x00009d48      0x190 C:/ti/simplelink_cc13xx_cc26xx_sdk_7_41_00_17/source\ti/devices/cc13x4_cc26x4/driverlib/bin/gcc/driverlib.lib(setup_rom.c.obj)
                0x00009d48                NOROM_SetupAfterColdResetWakeupFromShutDownCfg3
 .text.NOROM_SetupGetTrimForAmpcompCtrl
                0x00009ed8       0x54 C:/ti/simplelink_cc13xx_cc26xx_sdk_7_41_00_17/source\ti/devices/cc13x4_cc26x4/driverlib/bin/gcc/driverlib.lib(setup_rom.c.obj)
                0x00009ed8                NOROM_SetupGetTrimForAmpcompCtrl
 .text.NOROM_SetupAfterColdResetWakeupFromShutDownCfg2
                0x00009f2c      0x1e4 C:/ti/simplelink_cc13xx_cc26xx_sdk_7_41_00_17/source\ti/devices/cc13x4_cc26x4/driverlib/bin/gcc/driverlib.lib(setup_rom.c.obj)
                0x00009f2c                NOROM_SetupAfterColdResetWakeupFromShutDownCfg2
 .text.NOROM_SetupSetCacheModeAccordingToCcfgSetting
                0x0000a110       0x60 C:/ti/simplelink_cc13xx_cc26xx_sdk_7_41_00_17/source\ti/devices/cc13x4_cc26x4/driverlib/bin/gcc/driverlib.lib(setup_rom.c.obj)
                0x0000a110                NOROM_SetupSetCacheModeAccordingToCcfgSetting
 .text.NOROM_SetupSetAonRtcSubSecInc
                0x0000a170       0x2c C:/ti/simplelink_cc13xx_cc26xx_sdk_7_41_00_17/source\ti/devices/cc13x4_cc26x4/driverlib/bin/gcc/driverlib.lib(setup_rom.c.obj)
                0x0000a170                NOROM_SetupSetAonRtcSubSecInc
 .text.NOROM_SysCtrlStandby
                0x0000a19c      0x100 C:/ti/simplelink_cc13xx_cc26xx_sdk_7_41_00_17/source\ti/devices/cc13x4_cc26x4/driverlib/bin/gcc/driverlib.lib(sys_ctrl.c.obj)
                0x0000a19c                NOROM_SysCtrlStandby
 .text.NOROM_SysCtrl_DCDC_VoltageConditionalControl
                0x0000a29c       0x7c C:/ti/simplelink_cc13xx_cc26xx_sdk_7_41_00_17/source\ti/devices/cc13x4_cc26x4/driverlib/bin/gcc/driverlib.lib(sys_ctrl.c.obj)
                0x0000a29c                NOROM_SysCtrl_DCDC_VoltageConditionalControl
 .text.NOROM_SysCtrlResetSourceGet
                0x0000a318       0x20 C:/ti/simplelink_cc13xx_cc26xx_sdk_7_41_00_17/source\ti/devices/cc13x4_cc26x4/driverlib/bin/gcc/driverlib.lib(sys_ctrl.c.obj)
                0x0000a318                NOROM_SysCtrlResetSourceGet
 .text.NOROM_VIMSModeSet
                0x0000a338       0x10 C:/ti/simplelink_cc13xx_cc26xx_sdk_7_41_00_17/source\ti/devices/cc13x4_cc26x4/driverlib/bin/gcc/driverlib.lib(vims.c.obj)
                0x0000a338                NOROM_VIMSModeSet
 .text.NOROM_VIMSModeGet
                0x0000a348       0x10 C:/ti/simplelink_cc13xx_cc26xx_sdk_7_41_00_17/source\ti/devices/cc13x4_cc26x4/driverlib/bin/gcc/driverlib.lib(vims.c.obj)
                0x0000a348                NOROM_VIMSModeGet
 .text.NOROM_AUXSYSIFOpModeChange
                0x0000a358       0x40 C:/ti/simplelink_cc13xx_cc26xx_sdk_7_41_00_17/source\ti/devices/cc13x4_cc26x4/driverlib/bin/gcc/driverlib.lib(aux_sysif.c.obj)
                0x0000a358                NOROM_AUXSYSIFOpModeChange
 .text.NOROM_ThisLibraryIsFor_CC13x4_CC26x4_HaltIfViolated
                0x0000a398       0x18 C:/ti/simplelink_cc13xx_cc26xx_sdk_7_41_00_17/source\ti/devices/cc13x4_cc26x4/driverlib/bin/gcc/driverlib.lib(chipinfo.c.obj)
                0x0000a398                NOROM_ThisLibraryIsFor_CC13x4_CC26x4_HaltIfViolated
 .text.NOROM_IOCPortConfigureSet
                0x0000a3b0       0x10 C:/ti/simplelink_cc13xx_cc26xx_sdk_7_41_00_17/source\ti/devices/cc13x4_cc26x4/driverlib/bin/gcc/driverlib.lib(ioc.c.obj)
                0x0000a3b0                NOROM_IOCPortConfigureSet
 .text.__errno  0x0000a3c0        0xc c:/ti/gcc_arm_none_eabi_9_2_1/bin/../lib/gcc/arm-none-eabi/9.2.1/../../../../arm-none-eabi/lib/thumb/v8-m.main+fp/hard\libc_nano.a(lib_a-errno.o)
                0x0000a3c0                __errno
 .text.memcmp   0x0000a3cc       0x1c c:/ti/gcc_arm_none_eabi_9_2_1/bin/../lib/gcc/arm-none-eabi/9.2.1/../../../../arm-none-eabi/lib/thumb/v8-m.main+fp/hard\libc_nano.a(lib_a-memcmp.o)
                0x0000a3cc                memcmp
 .text.memcpy   0x0000a3e8       0x1a c:/ti/gcc_arm_none_eabi_9_2_1/bin/../lib/gcc/arm-none-eabi/9.2.1/../../../../arm-none-eabi/lib/thumb/v8-m.main+fp/hard\libc_nano.a(lib_a-memcpy-stub.o)
                0x0000a3e8                memcpy
 .text.memset   0x0000a402       0x10 c:/ti/gcc_arm_none_eabi_9_2_1/bin/../lib/gcc/arm-none-eabi/9.2.1/../../../../arm-none-eabi/lib/thumb/v8-m.main+fp/hard\libc_nano.a(lib_a-memset.o)
                0x0000a402                memset
 *fill*         0x0000a412        0x2 
 .text.rand     0x0000a414       0x68 c:/ti/gcc_arm_none_eabi_9_2_1/bin/../lib/gcc/arm-none-eabi/9.2.1/../../../../arm-none-eabi/lib/thumb/v8-m.main+fp/hard\libc_nano.a(lib_a-rand.o)
                0x0000a414                rand
 .text.cleanup_glue
                0x0000a47c       0x1a c:/ti/gcc_arm_none_eabi_9_2_1/bin/../lib/gcc/arm-none-eabi/9.2.1/../../../../arm-none-eabi/lib/thumb/v8-m.main+fp/hard\libc_nano.a(lib_a-reent.o)
                0x0000a47c                cleanup_glue
 *fill*         0x0000a496        0x2 
 .text._reclaim_reent
                0x0000a498       0xb8 c:/ti/gcc_arm_none_eabi_9_2_1/bin/../lib/gcc/arm-none-eabi/9.2.1/../../../../arm-none-eabi/lib/thumb/v8-m.main+fp/hard\libc_nano.a(lib_a-reent.o)
                0x0000a498                _reclaim_reent
                0x0000a550                . = ALIGN (0x4)
 *(.ctors)
                0x0000a550                . = ALIGN (0x4)
 *(.dtors)
                0x0000a550                . = ALIGN (0x4)
                0x0000a550                __init_array_start = .
 *(.init_array*)
                0x0000a550                __init_array_end = .
 *(.init)
 *(.fini*)
                [!provide]                PROVIDE (__etext = .)
                [!provide]                PROVIDE (_etext = .)
                [!provide]                PROVIDE (etext = .)

.glue_7         0x0000a550        0x0
 .glue_7        0x0000a550        0x0 linker stubs

.glue_7t        0x0000a550        0x0
 .glue_7t       0x0000a550        0x0 linker stubs

.vfp11_veneer   0x0000a550        0x0
 .vfp11_veneer  0x0000a550        0x0 linker stubs

.v4_bx          0x0000a550        0x0
 .v4_bx         0x0000a550        0x0 linker stubs

.iplt           0x0000a550        0x0
 .iplt          0x0000a550        0x0 ./RFQueue.o

.rodata         0x0000a550      0x884
 *(.rodata)
 .rodata        0x0000a550       0x4a ./syscfg/ti_freertos_config.o
 *(.rodata.*)
 .rodata.GPIO_pinLowerBound
                0x0000a59a        0x1 ./syscfg/ti_drivers_config.o
                0x0000a59a                GPIO_pinLowerBound
 .rodata.GPIO_pinUpperBound
                0x0000a59b        0x1 ./syscfg/ti_drivers_config.o
                0x0000a59b                GPIO_pinUpperBound
 .rodata.GPIO_config
                0x0000a59c       0x10 ./syscfg/ti_drivers_config.o
                0x0000a59c                GPIO_config
 .rodata.PowerCC26X2_config
                0x0000a5ac       0x14 ./syscfg/ti_drivers_config.o
                0x0000a5ac                PowerCC26X2_config
 .rodata.RFCC26XX_hwAttrs
                0x0000a5c0        0xc ./syscfg/ti_drivers_config.o
                0x0000a5c0                RFCC26XX_hwAttrs
 .rodata.SwiP_defaultParams
                0x0000a5cc       0x10 ./syscfg/ti_freertos_config.o
 .rodata.RF_defaultParams
                0x0000a5dc       0x20 C:/ti/simplelink_cc13xx_cc26xx_sdk_7_41_00_17/source\ti/drivers/rf/lib/gcc/m33f/rf_multiMode_cc13x4.a(RFCC26X2_multiMode.c.cc13x4.gcc.o)
 .rodata.CSWTCH.10
                0x0000a5fc       0x3e C:/ti/simplelink_cc13xx_cc26xx_sdk_7_41_00_17/source\ti/drivers/rf/lib/gcc/m33f/rf_multiMode_cc13x4.a(rfc.c.cc13x4.gcc.o)
 *fill*         0x0000a63a        0x2 
 .rodata.patchImageMultiProtocol
                0x0000a63c      0x628 C:/ti/simplelink_cc13xx_cc26xx_sdk_7_41_00_17/source\ti/drivers/rf/lib/gcc/m33f/rf_multiMode_cc13x4.a(rf_patch_cpe_multi_protocol.c.cc13x4.gcc.o)
 .rodata.resourceDB
                0x0000ac64       0x68 C:/ti/simplelink_cc13xx_cc26xx_sdk_7_41_00_17/source\ti/drivers/lib/gcc/m33f/drivers_cc13x4.a(PowerCC26X2.c.obj)
                0x0000ac64                resourceDB
 .rodata.g_pui32Regs
                0x0000accc       0x48 C:/ti/simplelink_cc13xx_cc26xx_sdk_7_41_00_17/source\ti/devices/cc13x4_cc26x4/driverlib/bin/gcc/driverlib.lib(interrupt.c.obj)
 .rodata.g_pui32DCGCRegs
                0x0000ad14       0x1c C:/ti/simplelink_cc13xx_cc26xx_sdk_7_41_00_17/source\ti/devices/cc13x4_cc26x4/driverlib/bin/gcc/driverlib.lib(prcm.c.obj)
 .rodata.g_pui32RCGCRegs
                0x0000ad30       0x1c C:/ti/simplelink_cc13xx_cc26xx_sdk_7_41_00_17/source\ti/devices/cc13x4_cc26x4/driverlib/bin/gcc/driverlib.lib(prcm.c.obj)
 .rodata.g_pui32SCGCRegs
                0x0000ad4c       0x1c C:/ti/simplelink_cc13xx_cc26xx_sdk_7_41_00_17/source\ti/devices/cc13x4_cc26x4/driverlib/bin/gcc/driverlib.lib(prcm.c.obj)
 .rodata.g_OpMode_to_order
                0x0000ad68        0x4 C:/ti/simplelink_cc13xx_cc26xx_sdk_7_41_00_17/source\ti/devices/cc13x4_cc26x4/driverlib/bin/gcc/driverlib.lib(aux_sysif.c.obj)
 .rodata.g_Order_to_OpMode
                0x0000ad6c        0x4 C:/ti/simplelink_cc13xx_cc26xx_sdk_7_41_00_17/source\ti/devices/cc13x4_cc26x4/driverlib/bin/gcc/driverlib.lib(aux_sysif.c.obj)
 .rodata.__sf_fake_stderr
                0x0000ad70       0x20 c:/ti/gcc_arm_none_eabi_9_2_1/bin/../lib/gcc/arm-none-eabi/9.2.1/../../../../arm-none-eabi/lib/thumb/v8-m.main+fp/hard\libc_nano.a(lib_a-findfp.o)
                0x0000ad70                __sf_fake_stderr
 .rodata.__sf_fake_stdin
                0x0000ad90       0x20 c:/ti/gcc_arm_none_eabi_9_2_1/bin/../lib/gcc/arm-none-eabi/9.2.1/../../../../arm-none-eabi/lib/thumb/v8-m.main+fp/hard\libc_nano.a(lib_a-findfp.o)
                0x0000ad90                __sf_fake_stdin
 .rodata.__sf_fake_stdout
                0x0000adb0       0x20 c:/ti/gcc_arm_none_eabi_9_2_1/bin/../lib/gcc/arm-none-eabi/9.2.1/../../../../arm-none-eabi/lib/thumb/v8-m.main+fp/hard\libc_nano.a(lib_a-findfp.o)
                0x0000adb0                __sf_fake_stdout
 *(.rodata_*)
 *(.timestampPFormat)
 .timestampPFormat
                0x0000add0        0x4 ./syscfg/ti_freertos_config.o
                0x0000add0                TimestampP_nativeFormat32

.data           0x200000fc      0x394 load address 0x0000add4
                0x0000add4                __data_load__ = LOADADDR (.data)
                0x200000fc                __data_start__ = .
 *(.data)
 *(.data.*)
 .data.RF_prop  0x200000fc       0x10 ./syscfg/ti_radio_config.o
                0x200000fc                RF_prop
 .data.pOverrides
                0x2000010c       0x28 ./syscfg/ti_radio_config.o
                0x2000010c                pOverrides
 .data.RF_cmdPropRadioDivSetup
                0x20000134       0x30 ./syscfg/ti_radio_config.o
                0x20000134                RF_cmdPropRadioDivSetup
 .data.RF_cmdFs
                0x20000164       0x18 ./syscfg/ti_radio_config.o
                0x20000164                RF_cmdFs
 .data.RF_cmdPropTx
                0x2000017c       0x18 ./syscfg/ti_radio_config.o
                0x2000017c                RF_cmdPropTx
 .data.RF_cmdPropRx
                0x20000194       0x24 ./syscfg/ti_radio_config.o
                0x20000194                RF_cmdPropRx
 .data.gpioPinConfigs
                0x200001b8       0xc0 ./syscfg/ti_drivers_config.o
                0x200001b8                gpioPinConfigs
 .data.uxTopUsedPriority
                0x20000278        0x4 ./syscfg/ti_freertos_config.o
                0x20000278                uxTopUsedPriority
 .data.HwiP_swiPIntNum
                0x2000027c        0x4 ./syscfg/ti_freertos_config.o
                0x2000027c                HwiP_swiPIntNum
 .data.HwiP_nvic
                0x20000280        0x4 ./syscfg/ti_freertos_config.o
 .data.TimerP_defaultParams
                0x20000284        0xc ./syscfg/ti_freertos_config.o
 .data.defaultPthreadAttrs
                0x20000290       0x14 ./syscfg/ti_freertos_config.o
 .data.ulCriticalNesting
                0x200002a4        0x4 ./syscfg/ti_freertos_portable_config.o
 .data.RFCC26XX_schedulerPolicy
                0x200002a8        0x8 C:/ti/simplelink_cc13xx_cc26xx_sdk_7_41_00_17/source\ti/drivers/rf/lib/gcc/m33f/rf_multiMode_cc13x4.a(RFCC26X2_multiMode.c.cc13x4.gcc.o)
                0x200002a8                RFCC26XX_schedulerPolicy
 .data.PowerCC26X2_module
                0x200002b0      0x178 C:/ti/simplelink_cc13xx_cc26xx_sdk_7_41_00_17/source\ti/drivers/lib/gcc/m33f/drivers_cc13x4.a(PowerCC26X2.c.obj)
                0x200002b0                PowerCC26X2_module
 .data.PowerCC26X2_rtcSubSecInc
                0x20000428        0x4 C:/ti/simplelink_cc13xx_cc26xx_sdk_7_41_00_17/source\ti/drivers/lib/gcc/m33f/drivers_cc13x4.a(PowerCC26X2.c.obj)
 .data._impure_ptr
                0x2000042c        0x4 c:/ti/gcc_arm_none_eabi_9_2_1/bin/../lib/gcc/arm-none-eabi/9.2.1/../../../../arm-none-eabi/lib/thumb/v8-m.main+fp/hard\libc_nano.a(lib_a-impure.o)
                0x2000042c                _impure_ptr
 .data.impure_data
                0x20000430       0x60 c:/ti/gcc_arm_none_eabi_9_2_1/bin/../lib/gcc/arm-none-eabi/9.2.1/../../../../arm-none-eabi/lib/thumb/v8-m.main+fp/hard\libc_nano.a(lib_a-impure.o)
                0x20000490                . = ALIGN (0x4)
                0x20000490                __data_end__ = .

.igot.plt       0x20000490        0x0 load address 0x0000b168
 .igot.plt      0x20000490        0x0 ./RFQueue.o

.ARM.exidx      0x0000b168        0x8
                0x0000b168                __exidx_start = .
 *(.ARM.exidx* .gnu.linkonce.armexidx.*)
 .ARM.exidx     0x0000b168        0x8 c:/ti/gcc_arm_none_eabi_9_2_1/bin/../lib/gcc/arm-none-eabi/9.2.1/thumb/v8-m.main+fp/hard\libgcc.a(_udivmoddi4.o)
                0x0000b170                __exidx_end = .

.ARM.extab
 *(.ARM.extab* .gnu.linkonce.armextab.*)

.nvs
 *(.nvs)

.ccfg           0x50000000       0x7c
 *(.ccfg)
 .ccfg          0x50000000       0x7c ./syscfg/ti_devices_config.o
                0x50000000                __ccfg

.rel.dyn        0x5000007c        0x0
 .rel.iplt      0x5000007c        0x0 ./RFQueue.o

.bss            0x20000490     0x9548
                0x20000490                __bss_start__ = .
 *(.shbss)
 *(.bss)
 *(.bss.*)
 .bss.rfObject  0x20000490      0x100 ./rfEchoRx.o
 .bss.rfHandle  0x20000590        0x4 ./rfEchoRx.o
 .bss.rxDataEntryBuffer
                0x20000594       0x58 ./rfEchoRx.o
 .bss.rxStatistics
                0x200005ec        0xc ./rfEchoRx.o
 .bss.dataQueue
                0x200005f8        0x8 ./rfEchoRx.o
 .bss.currentDataEntry
                0x20000600        0x4 ./rfEchoRx.o
 .bss.packetLength
                0x20000604        0x1 ./rfEchoRx.o
 *fill*         0x20000605        0x3 
 .bss.packetDataPointer
                0x20000608        0x4 ./rfEchoRx.o
 .bss.txPacket  0x2000060c       0x1e ./rfEchoRx.o
 *fill*         0x2000062a        0x2 
 .bss.pxCurrentTCB
                0x2000062c        0x4 ./syscfg/ti_freertos_config.o
                0x2000062c                pxCurrentTCB
 .bss.pxReadyTasksLists
                0x20000630       0xc8 ./syscfg/ti_freertos_config.o
 .bss.xDelayedTaskList1
                0x200006f8       0x14 ./syscfg/ti_freertos_config.o
 .bss.xDelayedTaskList2
                0x2000070c       0x14 ./syscfg/ti_freertos_config.o
 .bss.pxDelayedTaskList
                0x20000720        0x4 ./syscfg/ti_freertos_config.o
 .bss.pxOverflowDelayedTaskList
                0x20000724        0x4 ./syscfg/ti_freertos_config.o
 .bss.xPendingReadyList
                0x20000728       0x14 ./syscfg/ti_freertos_config.o
 .bss.xTasksWaitingTermination
                0x2000073c       0x14 ./syscfg/ti_freertos_config.o
 .bss.uxDeletedTasksWaitingCleanUp
                0x20000750        0x4 ./syscfg/ti_freertos_config.o
 .bss.xSuspendedTaskList
                0x20000754       0x14 ./syscfg/ti_freertos_config.o
 .bss.uxCurrentNumberOfTasks
                0x20000768        0x4 ./syscfg/ti_freertos_config.o
 .bss.xTickCount
                0x2000076c        0x4 ./syscfg/ti_freertos_config.o
 .bss.uxTopReadyPriority
                0x20000770        0x4 ./syscfg/ti_freertos_config.o
 .bss.xSchedulerRunning
                0x20000774        0x4 ./syscfg/ti_freertos_config.o
 .bss.xPendedTicks
                0x20000778        0x4 ./syscfg/ti_freertos_config.o
 .bss.xYieldPending
                0x2000077c        0x4 ./syscfg/ti_freertos_config.o
 .bss.xNumOfOverflows
                0x20000780        0x4 ./syscfg/ti_freertos_config.o
 .bss.uxTaskNumber
                0x20000784        0x4 ./syscfg/ti_freertos_config.o
 .bss.xNextTaskUnblockTime
                0x20000788        0x4 ./syscfg/ti_freertos_config.o
 .bss.xIdleTaskHandle
                0x2000078c        0x4 ./syscfg/ti_freertos_config.o
 .bss.uxSchedulerSuspended
                0x20000790        0x4 ./syscfg/ti_freertos_config.o
 .bss.xActiveTimerList1
                0x20000794       0x14 ./syscfg/ti_freertos_config.o
 .bss.xActiveTimerList2
                0x200007a8       0x14 ./syscfg/ti_freertos_config.o
 .bss.pxCurrentTimerList
                0x200007bc        0x4 ./syscfg/ti_freertos_config.o
 .bss.pxOverflowTimerList
                0x200007c0        0x4 ./syscfg/ti_freertos_config.o
 .bss.xTimerQueue
                0x200007c4        0x4 ./syscfg/ti_freertos_config.o
 .bss.xTimerTaskHandle
                0x200007c8        0x4 ./syscfg/ti_freertos_config.o
 .bss.ucHeap    0x200007cc     0x8000 ./syscfg/ti_freertos_config.o
 .bss.xStart    0x200087cc        0x8 ./syscfg/ti_freertos_config.o
 .bss.pxEnd     0x200087d4        0x4 ./syscfg/ti_freertos_config.o
 .bss.xFreeBytesRemaining
                0x200087d8        0x4 ./syscfg/ti_freertos_config.o
 .bss.xMinimumEverFreeBytesRemaining
                0x200087dc        0x4 ./syscfg/ti_freertos_config.o
 .bss.xNumberOfSuccessfulAllocations
                0x200087e0        0x4 ./syscfg/ti_freertos_config.o
 .bss.xNumberOfSuccessfulFrees
                0x200087e4        0x4 ./syscfg/ti_freertos_config.o
 .bss.SwiP_readyMask
                0x200087e8        0x4 ./syscfg/ti_freertos_config.o
 .bss.SwiP_lockState
                0x200087ec        0x4 ./syscfg/ti_freertos_config.o
 .bss.SwiP_currentTrigger
                0x200087f0        0x4 ./syscfg/ti_freertos_config.o
 .bss.SwiP_schedulerRunning