Archive member included to satisfy reference by file (symbol)

C:/ti/simplelink_cc13xx_cc26xx_sdk_7_41_00_17/source\ti/drivers/rf/lib/gcc/m33f/rf_multiMode_cc13x4.a(RFCC26X2_multiMode.c.cc13x4.gcc.o)
                              ./rfEchoTx.o (RF_getCurrentTime)
C:/ti/simplelink_cc13xx_cc26xx_sdk_7_41_00_17/source\ti/drivers/rf/lib/gcc/m33f/rf_multiMode_cc13x4.a(rfc.c.cc13x4.gcc.o)
                              C:/ti/simplelink_cc13xx_cc26xx_sdk_7_41_00_17/source\ti/drivers/rf/lib/gcc/m33f/rf_multiMode_cc13x4.a(RFCC26X2_multiMode.c.cc13x4.gcc.o) (NOROM_RFCCpeIntGetAndClear)
C:/ti/simplelink_cc13xx_cc26xx_sdk_7_41_00_17/source\ti/drivers/rf/lib/gcc/m33f/rf_multiMode_cc13x4.a(rf_patch_cpe_multi_protocol.c.cc13x4.gcc.o)
                              ./syscfg/ti_radio_config.o (rf_patch_cpe_multi_protocol)
C:/ti/simplelink_cc13xx_cc26xx_sdk_7_41_00_17/source\ti/drivers/lib/gcc/m33f/drivers_cc13x4.a(List.c.obj)
                              C:/ti/simplelink_cc13xx_cc26xx_sdk_7_41_00_17/source\ti/drivers/rf/lib/gcc/m33f/rf_multiMode_cc13x4.a(RFCC26X2_multiMode.c.cc13x4.gcc.o) (List_clearList)
C:/ti/simplelink_cc13xx_cc26xx_sdk_7_41_00_17/source\ti/drivers/lib/gcc/m33f/drivers_cc13x4.a(GPIO.c.obj)
                              ./emptyTest.o (GPIO_setCallback)
C:/ti/simplelink_cc13xx_cc26xx_sdk_7_41_00_17/source\ti/drivers/lib/gcc/m33f/drivers_cc13x4.a(GPIOCC26XX.c.obj)
                              C:/ti/simplelink_cc13xx_cc26xx_sdk_7_41_00_17/source\ti/drivers/lib/gcc/m33f/drivers_cc13x4.a(GPIO.c.obj) (GPIO_disableInt)
C:/ti/simplelink_cc13xx_cc26xx_sdk_7_41_00_17/source\ti/drivers/lib/gcc/m33f/drivers_cc13x4.a(PowerCC26X2.c.obj)
                              ./syscfg/ti_freertos_config.o (Power_getConstraintMask)
C:/ti/simplelink_cc13xx_cc26xx_sdk_7_41_00_17/source\ti/drivers/lib/gcc/m33f/drivers_cc13x4.a(PowerCC26X2_calibrateRCOSC.c.obj)
                              C:/ti/simplelink_cc13xx_cc26xx_sdk_7_41_00_17/source\ti/drivers/lib/gcc/m33f/drivers_cc13x4.a(PowerCC26X2.c.obj) (PowerCC26X2_initiateCalibration)
C:/ti/simplelink_cc13xx_cc26xx_sdk_7_41_00_17/source\ti/drivers/lib/gcc/m33f/drivers_cc13x4.a(TemperatureCC26X2.c.obj)
                              C:/ti/simplelink_cc13xx_cc26xx_sdk_7_41_00_17/source\ti/drivers/rf/lib/gcc/m33f/rf_multiMode_cc13x4.a(RFCC26X2_multiMode.c.cc13x4.gcc.o) (Temperature_init)
C:/ti/simplelink_cc13xx_cc26xx_sdk_7_41_00_17/source\ti/drivers/lib/gcc/m33f/drivers_cc13x4.a(UART2.c.obj)
                              ./rfEchoRx.o (UART2_Params_init)
C:/ti/simplelink_cc13xx_cc26xx_sdk_7_41_00_17/source\ti/drivers/lib/gcc/m33f/drivers_cc13x4.a(UART2CC26X2.c.obj)
                              ./rfEchoRx.o (UART2_open)
C:/ti/simplelink_cc13xx_cc26xx_sdk_7_41_00_17/source\ti/drivers/lib/gcc/m33f/drivers_cc13x4.a(GPIOCC26X4.c.obj)
                              ./emptyTest.o (GPIO_init)
C:/ti/simplelink_cc13xx_cc26xx_sdk_7_41_00_17/source\ti/drivers/lib/gcc/m33f/drivers_cc13x4.a(PowerCC26X2_calibrateRCOSC_helpers.c.obj)
                              C:/ti/simplelink_cc13xx_cc26xx_sdk_7_41_00_17/source\ti/drivers/lib/gcc/m33f/drivers_cc13x4.a(PowerCC26X2_calibrateRCOSC.c.obj) (PowerCC26X2_updateSubSecInc)
C:/ti/simplelink_cc13xx_cc26xx_sdk_7_41_00_17/source\ti/drivers/lib/gcc/m33f/drivers_cc13x4.a(PowerCC26X2_helpers.c.obj)
                              C:/ti/simplelink_cc13xx_cc26xx_sdk_7_41_00_17/source\ti/drivers/lib/gcc/m33f/drivers_cc13x4.a(PowerCC26X2.c.obj) (PowerCC26X2_oscCtlClearXtal)
C:/ti/simplelink_cc13xx_cc26xx_sdk_7_41_00_17/source\ti/drivers/lib/gcc/m33f/drivers_cc13x4.a(RingBuf.c.obj)
                              C:/ti/simplelink_cc13xx_cc26xx_sdk_7_41_00_17/source\ti/drivers/lib/gcc/m33f/drivers_cc13x4.a(UART2CC26X2.c.obj) (RingBuf_construct)
C:/ti/simplelink_cc13xx_cc26xx_sdk_7_41_00_17/source\ti/drivers/lib/gcc/m33f/drivers_cc13x4.a(UDMACC26XX.c.obj)
                              C:/ti/simplelink_cc13xx_cc26xx_sdk_7_41_00_17/source\ti/drivers/lib/gcc/m33f/drivers_cc13x4.a(UART2CC26X2.c.obj) (UDMACC26XX_open)
C:/ti/simplelink_cc13xx_cc26xx_sdk_7_41_00_17/source\ti/devices/cc13x4_cc26x4/driverlib/bin/gcc/driverlib.lib(aon_batmon.c.obj)
                              C:/ti/simplelink_cc13xx_cc26xx_sdk_7_41_00_17/source\ti/drivers/lib/gcc/m33f/drivers_cc13x4.a(TemperatureCC26X2.c.obj) (NOROM_AONBatMonTemperatureGetDegC)
C:/ti/simplelink_cc13xx_cc26xx_sdk_7_41_00_17/source\ti/devices/cc13x4_cc26x4/driverlib/bin/gcc/driverlib.lib(aon_event.c.obj)
                              ./syscfg/ti_freertos_config.o (NOROM_AONEventMcuWakeUpSet)
C:/ti/simplelink_cc13xx_cc26xx_sdk_7_41_00_17/source\ti/devices/cc13x4_cc26x4/driverlib/bin/gcc/driverlib.lib(aon_rtc.c.obj)
                              ./syscfg/ti_freertos_config.o (NOROM_AONRTCCurrent64BitValueGet)
C:/ti/simplelink_cc13xx_cc26xx_sdk_7_41_00_17/source\ti/devices/cc13x4_cc26x4/driverlib/bin/gcc/driverlib.lib(cpu.c.obj)
                              ./emptyTest.o (NOROM_CPUcpsid)
[...]
Memory Configuration

Name             Origin             Length             Attributes
FLASH            0x00000000         0x00100000         xr
FLASH_CCFG       0x50000000         0x00000800         r
SRAM             0x20000000         0x00040000         xrw
GPRAM            0x11000000         0x00002000         xrw
LOG_DATA         0x90000000         0x00040000         r
LOG_PTR          0x94000008         0x00040000         r
*default*        0x00000000         0xffffffff

Linker script and memory map

LOAD ./RFQueue.o
LOAD ./emptyTest.o
LOAD ./main_freertos.o
LOAD ./rfEchoRx.o
LOAD ./syscfg/ti_devices_config.o
LOAD ./syscfg/ti_radio_config.o
LOAD ./syscfg/ti_drivers_config.o
LOAD ./syscfg/ti_freertos_config.o
LOAD ./syscfg/ti_freertos_portable_config.o
LOAD ./rfEchoTx.o
                0x00000800                STACKSIZE = 0x800
                0x00000000                PROVIDE (_intvecs_base_address = DEFINED (_intvecs_base_address)?_intvecs_base_address:0x0)

.resetVecs      0x00000000       0xfc
 *(.resetVecs)
 .resetVecs     0x00000000       0xfc ./syscfg/ti_freertos_config.o

.ramVecs        0x20000000       0xfc
 *(.ramVecs)
 .ramVecs       0x20000000       0xfc C:/ti/simplelink_cc13xx_cc26xx_sdk_7_41_00_17/source\ti/devices/cc13x4_cc26x4/driverlib/bin/gcc/driverlib.lib(interrupt.c.obj)
                0x20000400                UDMACC26XX_CONFIG_BASE = 0x20000400
                0x20000410                DMA_UART0_RX_CONTROL_TABLE_ENTRY_ADDRESS = (UDMACC26XX_CONFIG_BASE + 0x10)
                0x20000420                DMA_UART0_TX_CONTROL_TABLE_ENTRY_ADDRESS = (UDMACC26XX_CONFIG_BASE + 0x20)
                0x20000430                DMA_SPI0_RX_CONTROL_TABLE_ENTRY_ADDRESS = (UDMACC26XX_CONFIG_BASE + 0x30)
                0x20000440                DMA_SPI0_TX_CONTROL_TABLE_ENTRY_ADDRESS = (UDMACC26XX_CONFIG_BASE + 0x40)
                0x20000450                DMA_UART1_RX_CONTROL_TABLE_ENTRY_ADDRESS = (UDMACC26XX_CONFIG_BASE + 0x50)
                0x20000460                DMA_UART1_TX_CONTROL_TABLE_ENTRY_ADDRESS = (UDMACC26XX_CONFIG_BASE + 0x60)
                0x20000470                DMA_ADC_PRI_CONTROL_TABLE_ENTRY_ADDRESS = (UDMACC26XX_CONFIG_BASE + 0x70)
                0x20000490                DMA_GPT0A_PRI_CONTROL_TABLE_ENTRY_ADDRESS = (UDMACC26XX_CONFIG_BASE + 0x90)
                0x20000500                DMA_SPI1_RX_CONTROL_TABLE_ENTRY_ADDRESS = (UDMACC26XX_CONFIG_BASE + 0x100)
                0x20000510                DMA_SPI1_TX_CONTROL_TABLE_ENTRY_ADDRESS = (UDMACC26XX_CONFIG_BASE + 0x110)
                0x20000610                DMA_UART0_RX_ALT_CONTROL_TABLE_ENTRY_ADDRESS = (UDMACC26XX_CONFIG_BASE + 0x210)
                0x20000620                DMA_UART0_TX_ALT_CONTROL_TABLE_ENTRY_ADDRESS = (UDMACC26XX_CONFIG_BASE + 0x220)
                0x20000630                DMA_SPI0_RX_ALT_CONTROL_TABLE_ENTRY_ADDRESS = (UDMACC26XX_CONFIG_BASE + 0x230)
                0x20000640                DMA_SPI0_TX_ALT_CONTROL_TABLE_ENTRY_ADDRESS = (UDMACC26XX_CONFIG_BASE + 0x240)
                0x20000650                DMA_UART1_RX_ALT_CONTROL_TABLE_ENTRY_ADDRESS = (UDMACC26XX_CONFIG_BASE + 0x250)
                0x20000660                DMA_UART1_TX_ALT_CONTROL_TABLE_ENTRY_ADDRESS = (UDMACC26XX_CONFIG_BASE + 0x260)
                0x20000670                DMA_ADC_ALT_CONTROL_TABLE_ENTRY_ADDRESS = (UDMACC26XX_CONFIG_BASE + 0x270)
                0x20000690                DMA_GPT0A_ALT_CONTROL_TABLE_ENTRY_ADDRESS = (UDMACC26XX_CONFIG_BASE + 0x290)
                0x20000700                DMA_SPI1_RX_ALT_CONTROL_TABLE_ENTRY_ADDRESS = (UDMACC26XX_CONFIG_BASE + 0x300)
                0x20000710                DMA_SPI1_TX_ALT_CONTROL_TABLE_ENTRY_ADDRESS = (UDMACC26XX_CONFIG_BASE + 0x310)
                0x00000000                UDMACC26XX_uart0RxControlTableEntry_is_placed = 0x0

.dmaUart0RxControlTableEntry
                0x20000410       0x10
 *(.dmaUart0RxControlTableEntry)
 .dmaUart0RxControlTableEntry
                0x20000410       0x10 ./syscfg/ti_drivers_config.o
                0x00000000                UDMACC26XX_uart0TxControlTableEntry_is_placed = 0x0

.dmaUart0TxControlTableEntry
                0x20000420       0x10
 *(.dmaUart0TxControlTableEntry)
 .dmaUart0TxControlTableEntry
                0x20000420       0x10 ./syscfg/ti_drivers_config.o
                0x00000000                UDMACC26XX_dmaSpi0RxControlTableEntry_is_placed = 0x0

.dmaSpi0RxControlTableEntry
 *(.dmaSpi0RxControlTableEntry)
                0x00000000                UDMACC26XX_dmaSpi0TxControlTableEntry_is_placed = 0x0

.dmaSpi0TxControlTableEntry
 *(.dmaSpi0TxControlTableEntry)
                0x00000000                UDMACC26XX_uart1RxControlTableEntry_is_placed = 0x0

.dmaUart1RxControlTableEntry
 *(.dmaUart1RxControlTableEntry)
                0x00000000                UDMACC26XX_uart1TxControlTableEntry_is_placed = 0x0

.dmaUart1TxControlTableEntry
 *(.dmaUart1TxControlTableEntry)
                0x00000000                UDMACC26XX_dmaADCPriControlTableEntry_is_placed = 0x0

.dmaADCPriControlTableEntry
 *(.dmaADCPriControlTableEntry)
                0x00000000                UDMACC26XX_dmaGPT0APriControlTableEntry_is_placed = 0x0

.dmaGPT0APriControlTableEntry
 *(.dmaGPT0APriControlTableEntry)
                0x00000000                UDMACC26XX_dmaSpi1RxControlTableEntry_is_placed = 0x0

.dmaSpi1RxControlTableEntry
 *(.dmaSpi1RxControlTableEntry)
                0x00000000                UDMACC26XX_dmaSpi1TxControlTableEntry_is_placed = 0x0

.dmaSpi1TxControlTableEntry
 *(.dmaSpi1TxControlTableEntry)
                0x00000000                UDMACC26XX_uart0RxAltControlTableEntry_is_placed = 0x0

.dmaUart0RxAltControlTableEntry
 *(.dmaUart0RxAltControlTableEntry)
                0x00000000                UDMACC26XX_uart0TxAltControlTableEntry_is_placed = 0x0

.dmaUart0TxAltControlTableEntry
 *(.dmaUart0TxAltControlTableEntry)
                0x00000000                UDMACC26XX_dmaSpi0RxAltControlTableEntry_is_placed = 0x0

.dmaSpi0RxAltControlTableEntry
 *(.dmaSpi0RxAltControlTableEntry)
                0x00000000                UDMACC26XX_dmaSpi0TxAltControlTableEntry_is_placed = 0x0

.dmaSpi0TxAltControlTableEntry
 *(.dmaSpi0TxAltControlTableEntry)
                0x00000000                UDMACC26XX_uart1RxAltControlTableEntry_is_placed = 0x0

.dmaUart1RxAltControlTableEntry
 *(.dmaUart1RxAltControlTableEntry)
                0x00000000                UDMACC26XX_uart1TxAltControlTableEntry_is_placed = 0x0

.dmaUart1TxAltControlTableEntry
 *(.dmaUart1TxAltControlTableEntry)
                0x00000000                UDMACC26XX_dmaADCAltControlTableEntry_is_placed = 0x0

.dmaADCAltControlTableEntry
 *(.dmaADCAltControlTableEntry)
                0x00000000                UDMACC26XX_dmaGPT0AAltControlTableEntry_is_placed = 0x0

.dmaGPT0AAltControlTableEntry
 *(.dmaGPT0AAltControlTableEntry)
                0x00000000                UDMACC26XX_dmaSpi1RxAltControlTableEntry_is_placed = 0x0

.dmaSpi1RxAltControlTableEntry
 *(.dmaSpi1RxAltControlTableEntry)
                0x00000000                UDMACC26XX_dmaSpi1TxAltControlTableEntry_is_placed = 0x0

.dmaSpi1TxAltControlTableEntry
 *(.dmaSpi1TxAltControlTableEntry)

.text           0x00000100     0xb7ec
 CREATE_OBJECT_SYMBOLS
 *(.text)
 .text          0x00000100       0x30 c:/ti/gcc_arm_none_eabi_9_2_1/bin/../lib/gcc/arm-none-eabi/9.2.1/thumb/v8-m.main+fp/hard\libgcc.a(_aeabi_uldivmod.o)
                0x00000100                __aeabi_uldivmod
 .text          0x00000130      0x2c0 c:/ti/gcc_arm_none_eabi_9_2_1/bin/../lib/gcc/arm-none-eabi/9.2.1/thumb/v8-m.main+fp/hard\libgcc.a(_udivmoddi4.o)
                0x00000130                __udivmoddi4
 .text          0x000003f0        0x4 c:/ti/gcc_arm_none_eabi_9_2_1/bin/../lib/gcc/arm-none-eabi/9.2.1/thumb/v8-m.main+fp/hard\libgcc.a(_dvmd_tls.o)
                0x000003f0                __aeabi_idiv0
                0x000003f0                __aeabi_ldiv0
 .text          0x000003f4       0x10 c:/ti/gcc_arm_none_eabi_9_2_1/bin/../lib/gcc/arm-none-eabi/9.2.1/../../../../arm-none-eabi/lib/thumb/v8-m.main+fp/hard\libc_nano.a(lib_a-strlen.o)
                0x000003f4                strlen
 *(.text.*)
 .text.RFQueue_getDataEntry
                0x00000404       0x18 ./RFQueue.o
                0x00000404                RFQueue_getDataEntry
 .text.RFQueue_nextEntry
                0x0000041c       0x2c ./RFQueue.o
                0x0000041c                RFQueue_nextEntry
 .text.RFQueue_defineQueue
                0x00000448       0xe8 ./RFQueue.o
                0x00000448                RFQueue_defineQueue
 .text.SysCtrlSystemReset
                0x00000530       0x1c ./emptyTest.o
 .text.mainThread
                0x0000054c       0x58 ./emptyTest.o
                0x0000054c                mainThread
 .text.buttonCallback
                0x000005a4       0x16 ./emptyTest.o
                0x000005a4                buttonCallback
 *fill*         0x000005ba        0x2 
 .text.main     0x000005bc       0x90 ./main_freertos.o
                0x000005bc                main
 .text.vApplicationStackOverflowHook
                0x0000064c        0xc ./main_freertos.o
                0x0000064c                vApplicationStackOverflowHook
 .text.mainThreadRx
                0x00000658      0x300 ./rfEchoRx.o
                0x00000658                mainThreadRx
 .text.echoCallbackRx
                0x00000958       0xd0 ./rfEchoRx.o
 .text.RF_globalCallbackFunction
                0x00000a28       0x2e ./syscfg/ti_drivers_config.o
 .text.rfDriverCallback
                0x00000a56       0x1a ./syscfg/ti_drivers_config.o
                0x00000a56                rfDriverCallback
 .text.rfDriverCallbackAntennaSwitching
                0x00000a70      0x18c ./syscfg/ti_drivers_config.o
                0x00000a70                rfDriverCallbackAntennaSwitching
 .text.Board_sendExtFlashByte
                0x00000bfc       0x72 ./syscfg/ti_drivers_config.o
                0x00000bfc                Board_sendExtFlashByte
 *fill*         0x00000c6e        0x2 
 .text.Board_wakeUpExtFlash
                0x00000c70       0x34 ./syscfg/ti_drivers_config.o
                0x00000c70                Board_wakeUpExtFlash
 .text.Board_shutDownExtFlash
                0x00000ca4       0x64 ./syscfg/ti_drivers_config.o
                0x00000ca4                Board_shutDownExtFlash
 .text.Board_initHook
                0x00000d08        0xe ./syscfg/ti_drivers_config.o
                0x00000d08                Board_initHook
 .text.Board_init
                0x00000d16       0x18 ./syscfg/ti_drivers_config.o
                0x00000d16                Board_init
 .text.vListInitialise
                0x00000d2e       0x40 ./syscfg/ti_freertos_config.o
                0x00000d2e                vListInitialise
 .text.vListInitialiseItem
                0x00000d6e       0x1a ./syscfg/ti_freertos_config.o
                0x00000d6e                vListInitialiseItem
 .text.vListInsertEnd
                0x00000d88       0x48 ./syscfg/ti_freertos_config.o
                0x00000d88                vListInsertEnd
 .text.vListInsert
                0x00000dd0       0x72 ./syscfg/ti_freertos_config.o
                0x00000dd0                vListInsert
 .text.uxListRemove
                0x00000e42       0x54 ./syscfg/ti_freertos_config.o
                0x00000e42                uxListRemove
 .text.xQueueGenericReset
                0x00000e96       0xee ./syscfg/ti_freertos_config.o
                0x00000e96                xQueueGenericReset
 .text.xQueueGenericCreateStatic
                0x00000f84       0x8c ./syscfg/ti_freertos_config.o
                0x00000f84                xQueueGenericCreateStatic
 .text.xQueueGenericCreate
                0x00001010       0x94 ./syscfg/ti_freertos_config.o
                0x00001010                xQueueGenericCreate
 .text.prvInitialiseNewQueue
                0x000010a4       0x46 ./syscfg/ti_freertos_config.o
 .text.xQueueGenericSend
                0x000010ea      0x192 ./syscfg/ti_freertos_config.o
                0x000010ea                xQueueGenericSend
 .text.xQueueGiveFromISR
                0x0000127c       0xe4 ./syscfg/ti_freertos_config.o
                0x0000127c                xQueueGiveFromISR
 .text.xQueueReceive
                0x00001360      0x172 ./syscfg/ti_freertos_config.o
                0x00001360                xQueueReceive
 .text.xQueueSemaphoreTake
                0x000014d2      0x1ae ./syscfg/ti_freertos_config.o
                0x000014d2                xQueueSemaphoreTake
 .text.xQueueReceiveFromISR
                0x00001680       0xda ./syscfg/ti_freertos_config.o
                0x00001680                xQueueReceiveFromISR
 .text.vQueueDelete
                0x0000175a       0x30 ./syscfg/ti_freertos_config.o
                0x0000175a                vQueueDelete
 .text.prvGetDisinheritPriorityAfterTimeout
                0x0000178a       0x30 ./syscfg/ti_freertos_config.o
 .text.prvCopyDataToQueue
                0x000017ba       0xd4 ./syscfg/ti_freertos_config.o
 .text.prvCopyDataFromQueue
                0x0000188e       0x4c ./syscfg/ti_freertos_config.o
 .text.prvUnlockQueue
                0x000018da       0xa4 ./syscfg/ti_freertos_config.o
 .text.prvIsQueueEmpty
                0x0000197e       0x2c ./syscfg/ti_freertos_config.o
 .text.prvIsQueueFull
                0x000019aa       0x30 ./syscfg/ti_freertos_config.o
 .text.vQueueWaitForMessageRestricted
                0x000019da       0x68 ./syscfg/ti_freertos_config.o
                0x000019da                vQueueWaitForMessageRestricted
 .text.xTaskCreateStatic
                0x00001a42       0x94 ./syscfg/ti_freertos_config.o
                0x00001a42                xTaskCreateStatic
 .text.xTaskCreate
                0x00001ad6       0x94 ./syscfg/ti_freertos_config.o
                0x00001ad6                xTaskCreate
 *fill*         0x00001b6a        0x2 
 .text.prvInitialiseNewTask
                0x00001b6c      0x134 ./syscfg/ti_freertos_config.o
 .text.prvAddNewTaskToReadyList
                0x00001ca0      0x120 ./syscfg/ti_freertos_config.o
 .text.vTaskDelete
                0x00001dc0       0xd0 ./syscfg/ti_freertos_config.o
                0x00001dc0                vTaskDelete
 .text.vTaskSuspend
                0x00001e90       0xe4 ./syscfg/ti_freertos_config.o
                0x00001e90                vTaskSuspend
 .text.vTaskStartScheduler
                0x00001f74       0xc8 ./syscfg/ti_freertos_config.o
                0x00001f74                vTaskStartScheduler
 .text.vTaskSuspendAll
                0x0000203c       0x1c ./syscfg/ti_freertos_config.o
                0x0000203c                vTaskSuspendAll
 .text.prvGetExpectedIdleTime
                0x00002058       0x70 ./syscfg/ti_freertos_config.o
 .text.xTaskResumeAll
                0x000020c8      0x1d8 ./syscfg/ti_freertos_config.o
                0x000020c8                xTaskResumeAll
 .text.xTaskGetTickCount
                0x000022a0       0x20 ./syscfg/ti_freertos_config.o
                0x000022a0                xTaskGetTickCount
 .text.uxTaskGetNumberOfTasks
                0x000022c0       0x18 ./syscfg/ti_freertos_config.o
                0x000022c0                uxTaskGetNumberOfTasks
 .text.vTaskStepTick
                0x000022d8       0x84 ./syscfg/ti_freertos_config.o
                0x000022d8                vTaskStepTick
 .text.xTaskIncrementTick
                0x0000235c      0x204 ./syscfg/ti_freertos_config.o
                0x0000235c                xTaskIncrementTick
 .text.vTaskSetApplicationTaskTag
                0x00002560       0x38 ./syscfg/ti_freertos_config.o
                0x00002560                vTaskSetApplicationTaskTag
 .text.xTaskGetApplicationTaskTag
                0x00002598       0x34 ./syscfg/ti_freertos_config.o
                0x00002598                xTaskGetApplicationTaskTag
 .text.vTaskSwitchContext
                0x000025cc      0x104 ./syscfg/ti_freertos_config.o
                0x000025cc                vTaskSwitchContext
 .text.vTaskPlaceOnEventList
                0x000026d0       0x38 ./syscfg/ti_freertos_config.o
                0x000026d0                vTaskPlaceOnEventList
 .text.vTaskPlaceOnEventListRestricted
                0x00002708       0x7c ./syscfg/ti_freertos_config.o
                0x00002708                vTaskPlaceOnEventListRestricted
 .text.xTaskRemoveFromEventList
                0x00002784      0x1a0 ./syscfg/ti_freertos_config.o
                0x00002784                xTaskRemoveFromEventList
 .text.vTaskInternalSetTimeOutState
                0x00002924       0x2c ./syscfg/ti_freertos_config.o
                0x00002924                vTaskInternalSetTimeOutState
 .text.xTaskCheckForTimeOut
                0x00002950       0xac ./syscfg/ti_freertos_config.o
                0x00002950                xTaskCheckForTimeOut
 .text.vTaskMissedYield
                0x000029fc       0x18 ./syscfg/ti_freertos_config.o
                0x000029fc                vTaskMissedYield
 .text.prvIdleTask
                0x00002a14       0x50 ./syscfg/ti_freertos_config.o
 .text.eTaskConfirmSleepModeStatus
                0x00002a64       0x70 ./syscfg/ti_freertos_config.o
                0x00002a64                eTaskConfirmSleepModeStatus
 .text.prvInitialiseTaskLists
                0x00002ad4       0x80 ./syscfg/ti_freertos_config.o
 .text.prvCheckTasksWaitingTermination
                0x00002b54       0x5c ./syscfg/ti_freertos_config.o
 .text.prvDeleteTCB
                0x00002bb0       0x60 ./syscfg/ti_freertos_config.o
 .text.prvResetNextTaskUnblockTime
                0x00002c10       0x38 ./syscfg/ti_freertos_config.o
 .text.xTaskGetCurrentTaskHandle
                0x00002c48       0x20 ./syscfg/ti_freertos_config.o
                0x00002c48                xTaskGetCurrentTaskHandle
 .text.xTaskGetSchedulerState
                0x00002c68       0x3c ./syscfg/ti_freertos_config.o
                0x00002c68                xTaskGetSchedulerState
 .text.xTaskPriorityInherit
                0x00002ca4      0x120 ./syscfg/ti_freertos_config.o
                0x00002ca4                xTaskPriorityInherit
 .text.xTaskPriorityDisinherit
                0x00002dc4      0x10c ./syscfg/ti_freertos_config.o
                0x00002dc4                xTaskPriorityDisinherit
 .text.vTaskPriorityDisinheritAfterTimeout
                0x00002ed0      0x134 ./syscfg/ti_freertos_config.o
                0x00002ed0                vTaskPriorityDisinheritAfterTimeout
 .text.pvTaskIncrementMutexHeldCount
                0x00003004       0x28 ./syscfg/ti_freertos_config.o
                0x00003004                pvTaskIncrementMutexHeldCount
 .text.prvAddCurrentTaskToDelayedList
                0x0000302c       0xdc ./syscfg/ti_freertos_config.o
 .text.xTimerCreateTimerTask
                0x00003108       0x80 ./syscfg/ti_freertos_config.o
                0x00003108                xTimerCreateTimerTask
 .text.prvReloadTimer
                0x00003188       0x42 ./syscfg/ti_freertos_config.o
 *fill*         0x000031ca        0x2 
 .text.prvProcessExpiredTimer
                0x000031cc       0x60 ./syscfg/ti_freertos_config.o
 .text.prvTimerTask
                0x0000322c       0x24 ./syscfg/ti_freertos_config.o
 .text.prvProcessTimerOrBlockTask
                0x00003250       0x8c ./syscfg/ti_freertos_config.o
 .text.prvGetNextExpireTime
                0x000032dc       0x48 ./syscfg/ti_freertos_config.o
 .text.prvSampleTimeNow
                0x00003324       0x40 ./syscfg/ti_freertos_config.o
 .text.prvInsertTimerInActiveList
                0x00003364       0x84 ./syscfg/ti_freertos_config.o
 .text.prvProcessReceivedCommands
                0x000033e8      0x194 ./syscfg/ti_freertos_config.o
 .text.prvSwitchTimerLists
                0x0000357c       0x4c ./syscfg/ti_freertos_config.o
 .text.prvCheckForValidListAndQueue
                0x000035c8       0x68 ./syscfg/ti_freertos_config.o
 .text.pvPortMalloc
                0x00003630      0x154 ./syscfg/ti_freertos_config.o
                0x00003630                pvPortMalloc
 .text.vPortFree
                0x00003784       0x98 ./syscfg/ti_freertos_config.o
                0x00003784                vPortFree
 .text.prvHeapInit
                0x0000381c       0xb8 ./syscfg/ti_freertos_config.o
 .text.prvInsertBlockIntoFreeList
                0x000038d4       0xb4 ./syscfg/ti_freertos_config.o
 .text.QueueP_init
                0x00003988       0x1e ./syscfg/ti_freertos_config.o
                0x00003988                QueueP_init
 .text.QueueP_empty
                0x000039a6       0x24 ./syscfg/ti_freertos_config.o
                0x000039a6                QueueP_empty
 .text.QueueP_get
                0x000039ca       0x34 ./syscfg/ti_freertos_config.o
                0x000039ca                QueueP_get
 .text.QueueP_head
                0x000039fe       0x18 ./syscfg/ti_freertos_config.o
                0x000039fe                QueueP_head
 .text.QueueP_next
                0x00003a16       0x18 ./syscfg/ti_freertos_config.o
                0x00003a16                QueueP_next
 .text.QueueP_put
                0x00003a2e       0x3a ./syscfg/ti_freertos_config.o
                0x00003a2e                QueueP_put
 .text.SemaphoreP_constructBinary
                0x00003a68       0x54 ./syscfg/ti_freertos_config.o
                0x00003a68                SemaphoreP_constructBinary
 .text.SemaphoreP_pend
                0x00003abc       0x98 ./syscfg/ti_freertos_config.o
                0x00003abc                SemaphoreP_pend
 .text.SemaphoreP_post
                0x00003b54       0x3a ./syscfg/ti_freertos_config.o
                0x00003b54                SemaphoreP_post
 *fill*         0x00003b8e        0x2 
 .text.vApplicationGetIdleTaskMemory
                0x00003b90       0x34 ./syscfg/ti_freertos_config.o
                0x00003b90                vApplicationGetIdleTaskMemory
 .text.vApplicationGetTimerTaskMemory
                0x00003bc4       0x34 ./syscfg/ti_freertos_config.o
                0x00003bc4                vApplicationGetTimerTaskMemory
 .text.maxbit   0x00003bf8       0x40 ./syscfg/ti_freertos_config.o
 .text.SwiP_Params_init
                0x00003c38       0x2e ./syscfg/ti_freertos_config.o
                0x00003c38                SwiP_Params_init
 *fill*         0x00003c66        0x2 
 .text.SwiP_construct
                0x00003c68      0x128 ./syscfg/ti_freertos_config.o
                0x00003c68                SwiP_construct
 .text.SwiP_disable
                0x00003d90       0x2c ./syscfg/ti_freertos_config.o
                0x00003d90                SwiP_disable
 .text.SwiP_dispatch
                0x00003dbc       0xc4 ./syscfg/ti_freertos_config.o
                0x00003dbc                SwiP_dispatch
 .text.SwiP_handleHwi
                0x00003e80       0x20 ./syscfg/ti_freertos_config.o
 .text.SwiP_getTrigger
                0x00003ea0       0x18 ./syscfg/ti_freertos_config.o
                0x00003ea0                SwiP_getTrigger
 .text.SwiP_or  0x00003eb8       0x34 ./syscfg/ti_freertos_config.o
                0x00003eb8                SwiP_or
 .text.SwiP_post
                0x00003eec       0x90 ./syscfg/ti_freertos_config.o
                0x00003eec                SwiP_post
 .text.SwiP_restore
                0x00003f7c       0x60 ./syscfg/ti_freertos_config.o
                0x00003f7c                SwiP_restore
 .text.ClockP_Params_init
                0x00003fdc       0x24 ./syscfg/ti_freertos_config.o
                0x00003fdc                ClockP_Params_init
 .text.ClockP_startup
                0x00004000       0xd0 ./syscfg/ti_freertos_config.o
                0x00004000                ClockP_startup
 .text.ClockP_getTicks
                0x000040d0       0x30 ./syscfg/ti_freertos_config.o
                0x000040d0                ClockP_getTicks
 .text.ClockP_getTicksUntilInterrupt
                0x00004100       0x4c ./syscfg/ti_freertos_config.o
                0x00004100                ClockP_getTicksUntilInterrupt
 .text.ClockP_scheduleNextTick
                0x0000414c       0x34 ./syscfg/ti_freertos_config.o
                0x0000414c                ClockP_scheduleNextTick
 .text.ClockP_walkQueueDynamic
                0x00004180       0xac ./syscfg/ti_freertos_config.o
                0x00004180                ClockP_walkQueueDynamic
 .text.ClockP_workFuncDynamic
                0x0000422c      0x120 ./syscfg/ti_freertos_config.o
                0x0000422c                ClockP_workFuncDynamic
 .text.ClockP_doTick
                0x0000434c       0x20 ./syscfg/ti_freertos_config.o
                0x0000434c                ClockP_doTick
 .text.ClockP_construct
                0x0000436c       0x78 ./syscfg/ti_freertos_config.o
                0x0000436c                ClockP_construct
 .text.ClockP_start
                0x000043e4       0xf0 ./syscfg/ti_freertos_config.o
                0x000043e4                ClockP_start
 .text.ClockP_stop
                0x000044d4       0x1e ./syscfg/ti_freertos_config.o
                0x000044d4                ClockP_stop
 .text.ClockP_setTimeout
                0x000044f2       0x20 ./syscfg/ti_freertos_config.o
                0x000044f2                ClockP_setTimeout
 .text.ClockP_getTimeout
                0x00004512       0x30 ./syscfg/ti_freertos_config.o
                0x00004512                ClockP_getTimeout
 .text.ClockP_isActive
                0x00004542       0x1e ./syscfg/ti_freertos_config.o
                0x00004542                ClockP_isActive
 .text.ClockP_getCpuFreq
                0x00004560       0x24 ./syscfg/ti_freertos_config.o
                0x00004560                ClockP_getCpuFreq
 .text.ClockP_getSystemTickPeriod
                0x00004584       0x10 ./syscfg/ti_freertos_config.o
                0x00004584                ClockP_getSystemTickPeriod
 .text.ClockP_getSystemTicks
                0x00004594       0x34 ./syscfg/ti_freertos_config.o
                0x00004594                ClockP_getSystemTicks
 .text.HwiP_construct
                0x000045c8       0xb4 ./syscfg/ti_freertos_config.o
                0x000045c8                HwiP_construct
 .text.HwiP_disable
                0x0000467c       0x34 ./syscfg/ti_freertos_config.o
                0x0000467c                HwiP_disable
 .text.HwiP_dispatch
                0x000046b0       0x44 ./syscfg/ti_freertos_config.o
                0x000046b0                HwiP_dispatch
 .text.HwiP_enableInterrupt
                0x000046f4       0x18 ./syscfg/ti_freertos_config.o
                0x000046f4                HwiP_enableInterrupt
 .text.HwiP_interruptsEnabled
                0x0000470c       0x20 ./syscfg/ti_freertos_config.o
                0x0000470c                HwiP_interruptsEnabled
 .text.HwiP_inISR
                0x0000472c       0x2c ./syscfg/ti_freertos_config.o
                0x0000472c                HwiP_inISR
 .text.HwiP_Params_init
                0x00004758       0x2e ./syscfg/ti_freertos_config.o
                0x00004758                HwiP_Params_init
 *fill*         0x00004786        0x2 
 .text.HwiP_post
                0x00004788       0x2c ./syscfg/ti_freertos_config.o
                0x00004788                HwiP_post
 .text.HwiP_restore
                0x000047b4       0x2c ./syscfg/ti_freertos_config.o
                0x000047b4                HwiP_restore
 .text.HwiP_setFunc
                0x000047e0       0x30 ./syscfg/ti_freertos_config.o
                0x000047e0                HwiP_setFunc
 .text.PRCMSleep
                0x00004810       0x12 ./syscfg/ti_freertos_config.o
 *fill*         0x00004822        0x2 
 .text.SysTickEnable
                0x00004824       0x20 ./syscfg/ti_freertos_config.o
 .text.SysTickDisable
                0x00004844       0x20 ./syscfg/ti_freertos_config.o
 .text.PowerCC26XX_standbyPolicy
                0x00004864      0x11c ./syscfg/ti_freertos_config.o
                0x00004864                PowerCC26XX_standbyPolicy
 .text.PowerCC26XX_schedulerDisable
                0x00004980        0xc ./syscfg/ti_freertos_config.o
                0x00004980                PowerCC26XX_schedulerDisable
 .text.PowerCC26XX_schedulerRestore
                0x0000498c        0xc ./syscfg/ti_freertos_config.o
                0x0000498c                PowerCC26XX_schedulerRestore
 .text.vPortSuppressTicksAndSleep
                0x00004998       0x20 ./syscfg/ti_freertos_config.o
                0x00004998                vPortSuppressTicksAndSleep
 .text.AONRTCEventClear
                0x000049b8       0x4c ./syscfg/ti_freertos_config.o
 .text.AONRTCEventGet
                0x00004a04       0x64 ./syscfg/ti_freertos_config.o
 .text.AONRTCChannelEnable
                0x00004a68       0x5c ./syscfg/ti_freertos_config.o
 .text.AONRTCCompareValueSet
                0x00004ac4       0x54 ./syscfg/ti_freertos_config.o
 .text.AONRTCCurrentCompareValueGet
                0x00004b18       0x18 ./syscfg/ti_freertos_config.o
 .text.TimerP_Params_init
                0x00004b30       0x24 ./syscfg/ti_freertos_config.o
                0x00004b30                TimerP_Params_init
 .text.TimerP_construct
                0x00004b54      0x104 ./syscfg/ti_freertos_config.o
                0x00004b54                TimerP_construct
 .text.TimerP_getMaxTicks
                0x00004c58       0x48 ./syscfg/ti_freertos_config.o
                0x00004c58                TimerP_getMaxTicks
 .text.TimerP_setThreshold
                0x00004ca0       0x54 ./syscfg/ti_freertos_config.o
                0x00004ca0                TimerP_setThreshold
 .text.TimerP_setNextTick
                0x00004cf4       0x7e ./syscfg/ti_freertos_config.o
                0x00004cf4                TimerP_setNextTick
 *fill*         0x00004d72        0x2 
 .text.TimerP_startup
                0x00004d74       0x2c ./syscfg/ti_freertos_config.o
                0x00004d74                TimerP_startup
 .text.TimerP_start
                0x00004da0       0x60 ./syscfg/ti_freertos_config.o
                0x00004da0                TimerP_start
 .text.TimerP_getCount64
                0x00004e00       0x1a ./syscfg/ti_freertos_config.o
                0x00004e00                TimerP_getCount64
 *fill*         0x00004e1a        0x2 
 .text.TimerP_dynamicStub
                0x00004e1c       0x80 ./syscfg/ti_freertos_config.o
                0x00004e1c                TimerP_dynamicStub
 .text.TimerP_getCurrentTick
                0x00004e9c       0x70 ./syscfg/ti_freertos_config.o
                0x00004e9c                TimerP_getCurrentTick
 .text.localProgramStart
                0x00004f0c       0xfc ./syscfg/ti_freertos_config.o
                0x00004f0c                localProgramStart
 .text.resetISR
                0x00005008       0x12 ./syscfg/ti_freertos_config.o
                0x00005008                resetISR
 .text.nmiISR   0x0000501a        0x6 ./syscfg/ti_freertos_config.o
 .text.faultISR
                0x00005020        0x6 ./syscfg/ti_freertos_config.o
 .text.busFaultHandler
                0x00005026        0x6 ./syscfg/ti_freertos_config.o
 .text.intDefaultHandler
                0x0000502c        0x6 ./syscfg/ti_freertos_config.o
 .text.secureFaultHandler
                0x00005032        0x6 ./syscfg/ti_freertos_config.o
 .text._fini    0x00005038        0xe ./syscfg/ti_freertos_config.o
                0x00005038                _fini
 .text.free     0x00005046       0x26 ./syscfg/ti_freertos_config.o
                0x00005046                free
 .text._free_r  0x0000506c       0x18 ./syscfg/ti_freertos_config.o
                0x0000506c                _free_r
 .text.pthread_attr_init
                0x00005084       0x28 ./syscfg/ti_freertos_config.o
                0x00005084                pthread_attr_init
 .text.pthread_attr_setdetachstate
                0x000050ac       0x2e ./syscfg/ti_freertos_config.o
                0x000050ac                pthread_attr_setdetachstate
 .text.pthread_attr_setschedparam
                0x000050da       0x34 ./syscfg/ti_freertos_config.o
                0x000050da                pthread_attr_setschedparam
 .text.pthread_attr_setstacksize
                0x0000510e       0x1e ./syscfg/ti_freertos_config.o
                0x0000510e                pthread_attr_setstacksize
 .text.pthread_create
                0x0000512c      0x14c ./syscfg/ti_freertos_config.o
                0x0000512c                pthread_create
 .text.pthread_exit
                0x00005278       0x74 ./syscfg/ti_freertos_config.o
                0x00005278                pthread_exit
 .text.pthread_self
                0x000052ec       0x1e ./syscfg/ti_freertos_config.o
                0x000052ec                pthread_self
 .text.pthread_setcancelstate
                0x0000530a       0x4e ./syscfg/ti_freertos_config.o
                0x0000530a                pthread_setcancelstate
 .text._pthread_cleanup_pop
                0x00005358       0x32 ./syscfg/ti_freertos_config.o
                0x00005358                _pthread_cleanup_pop
 .text._pthread_runStub
                0x0000538a       0x28 ./syscfg/ti_freertos_config.o
 .text.removeThreadKeys
                0x000053b2       0x86 ./syscfg/ti_freertos_config.o
 .text.vQueueAddToRegistryWrapper
                0x00005438       0x16 ./syscfg/ti_freertos_config.o
                0x00005438                vQueueAddToRegistryWrapper
 *fill*         0x0000544e        0x2 
 .text.vPortSetupTimerInterrupt
                0x00005450       0x60 ./syscfg/ti_freertos_portable_config.o
                0x00005450                vPortSetupTimerInterrupt
 .text.prvTaskExitError
                0x000054b0       0x34 ./syscfg/ti_freertos_portable_config.o
 .text.prvSetupFPU
                0x000054e4       0x30 ./syscfg/ti_freertos_portable_config.o
 .text.vPortYield
                0x00005514       0x24 ./syscfg/ti_freertos_portable_config.o
                0x00005514                vPortYield
 .text.vPortEnterCritical
                0x00005538       0x24 ./syscfg/ti_freertos_portable_config.o
                0x00005538                vPortEnterCritical
 .text.vPortExitCritical
                0x0000555c       0x34 ./syscfg/ti_freertos_portable_config.o
                0x0000555c                vPortExitCritical
 .text.SysTick_Handler
                0x00005590       0x30 ./syscfg/ti_freertos_portable_config.o
                0x00005590                SysTick_Handler
 .text.vPortSVCHandler_C
                0x000055c0       0x34 ./syscfg/ti_freertos_portable_config.o
                0x000055c0                vPortSVCHandler_C
 .text.pxPortInitialiseStack
                0x000055f4      0x114 ./syscfg/ti_freertos_portable_config.o
                0x000055f4                pxPortInitialiseStack
 .text.xPortStartScheduler
                0x00005708       0x40 ./syscfg/ti_freertos_portable_config.o
                0x00005708                xPortStartScheduler
 *fill*         0x00005748        0x8 
 .text.vRestoreContextOfFirstTask
                0x00005750       0x38 ./syscfg/ti_freertos_portable_config.o
                0x00005750                vRestoreContextOfFirstTask
 *fill*         0x00005788        0x8 
 .text.vStartFirstTask
                0x00005790       0x28 ./syscfg/ti_freertos_portable_config.o
                0x00005790                vStartFirstTask
 .text.ulSetInterruptMask
                0x000057b8       0x1a ./syscfg/ti_freertos_portable_config.o
                0x000057b8                ulSetInterruptMask
 .text.vClearInterruptMask
                0x000057d2       0x10 ./syscfg/ti_freertos_portable_config.o
                0x000057d2                vClearInterruptMask
 *fill*         0x000057e2        0xe 
 .text.PendSV_Handler
                0x000057f0       0x68 ./syscfg/ti_freertos_portable_config.o
                0x000057f0                PendSV_Handler
 *fill*         0x00005858        0x8 
 .text.SVC_Handler
                0x00005860       0x28 ./syscfg/ti_freertos_portable_config.o
                0x00005860                SVC_Handler
 .text.mainThreadTx
                0x00005888      0x3ac ./rfEchoTx.o
                0x00005888                mainThreadTx
 .text.echoCallbackTx
                0x00005c34      0x17c ./rfEchoTx.o
 .text.RF_verifyGap
                0x00005db0       0x8e C:/ti/simplelink_cc13xx_cc26xx_sdk_7_41_00_17/source\ti/drivers/rf/lib/gcc/m33f/rf_multiMode_cc13x4.a(RFCC26X2_multiMode.c.cc13x4.gcc.o)
 .text.RF_defaultExecutionPolicy
                0x00005e3e        0x4 C:/ti/simplelink_cc13xx_cc26xx_sdk_7_41_00_17/source\ti/drivers/rf/lib/gcc/m33f/rf_multiMode_cc13x4.a(RFCC26X2_multiMode.c.cc13x4.gcc.o)
                0x00005e3e                RF_defaultExecutionPolicy
 *fill*         0x00005e42        0x2 
 .text.RF_checkCmdFsError
                0x00005e44       0x30 C:/ti/simplelink_cc13xx_cc26xx_sdk_7_41_00_17/source\ti/drivers/rf/lib/gcc/m33f/rf_multiMode_cc13x4.a(RFCC26X2_multiMode.c.cc13x4.gcc.o)
 .text.RF_invokeGlobalCallback
                0x00005e74       0x20 C:/ti/simplelink_cc13xx_cc26xx_sdk_7_41_00_17/source\ti/drivers/rf/lib/gcc/m33f/rf_multiMode_cc13x4.a(RFCC26X2_multiMode.c.cc13x4.gcc.o)
 .text.RF_defaultCallback
                0x00005e94        0x2 C:/ti/simplelink_cc13xx_cc26xx_sdk_7_41_00_17/source\ti/drivers/rf/lib/gcc/m33f/rf_multiMode_cc13x4.a(RFCC26X2_multiMode.c.cc13x4.gcc.o)
 .text.RF_attachOverrides
                0x00005e96       0x66 C:/ti/simplelink_cc13xx_cc26xx_sdk_7_41_00_17/source\ti/drivers/rf/lib/gcc/m33f/rf_multiMode_cc13x4.a(RFCC26X2_multiMode.c.cc13x4.gcc.o)
 .text.RF_detachOverrides
                0x00005efc       0x6a C:/ti/simplelink_cc13xx_cc26xx_sdk_7_41_00_17/source\ti/drivers/rf/lib/gcc/m33f/rf_multiMode_cc13x4.a(RFCC26X2_multiMode.c.cc13x4.gcc.o)
 .text.RF_cmdStoreEvents
                0x00005f66       0x2e C:/ti/simplelink_cc13xx_cc26xx_sdk_7_41_00_17/source\ti/drivers/rf/lib/gcc/m33f/rf_multiMode_cc13x4.a(RFCC26X2_multiMode.c.cc13x4.gcc.o)
 .text.RF_getPAOverrideOffsetAndValue
                0x00005f94       0x1e C:/ti/simplelink_cc13xx_cc26xx_sdk_7_41_00_17/source\ti/drivers/rf/lib/gcc/m33f/rf_multiMode_cc13x4.a(RFCC26X2_multiMode.c.cc13x4.gcc.o)
 .text.RF_searchAndReplacePAOverride
                0x00005fb2       0x2e C:/ti/simplelink_cc13xx_cc26xx_sdk_7_41_00_17/source\ti/drivers/rf/lib/gcc/m33f/rf_multiMode_cc13x4.a(RFCC26X2_multiMode.c.cc13x4.gcc.o)
 .text.RF_issueRadioFreeCb
                0x00005fe0       0x68 C:/ti/simplelink_cc13xx_cc26xx_sdk_7_41_00_17/source\ti/drivers/rf/lib/gcc/m33f/rf_multiMode_cc13x4.a(RFCC26X2_multiMode.c.cc13x4.gcc.o)
 .text.RF_clkReqAccess
                0x00006048        0x6 C:/ti/simplelink_cc13xx_cc26xx_sdk_7_41_00_17/source\ti/drivers/rf/lib/gcc/m33f/rf_multiMode_cc13x4.a(RFCC26X2_multiMode.c.cc13x4.gcc.o)
 *fill*         0x0000604e        0x2 
 .text.RF_updatePowerupDuration
                0x00006050       0x40 C:/ti/simplelink_cc13xx_cc26xx_sdk_7_41_00_17/source\ti/drivers/rf/lib/gcc/m33f/rf_multiMode_cc13x4.a(RFCC26X2_multiMode.c.cc13x4.gcc.o)
 .text.RF_restartClockTimeout
                0x00006090       0x18 C:/ti/simplelink_cc13xx_cc26xx_sdk_7_41_00_17/source\ti/drivers/rf/lib/gcc/m33f/rf_multiMode_cc13x4.a(RFCC26X2_multiMode.c.cc13x4.gcc.o)
 .text.RF_hwiHw
                0x000060a8       0x6c C:/ti/simplelink_cc13xx_cc26xx_sdk_7_41_00_17/source\ti/drivers/rf/lib/gcc/m33f/rf_multiMode_cc13x4.a(RFCC26X2_multiMode.c.cc13x4.gcc.o)
 .text.RF_swiFsm
                0x00006114       0x24 C:/ti/simplelink_cc13xx_cc26xx_sdk_7_41_00_17/source\ti/drivers/rf/lib/gcc/m33f/rf_multiMode_cc13x4.a(RFCC26X2_multiMode.c.cc13x4.gcc.o)
 .text.RF_isStateTransitionAllowed
                0x00006138       0x24 C:/ti/simplelink_cc13xx_cc26xx_sdk_7_41_00_17/source\ti/drivers/rf/lib/gcc/m33f/rf_multiMode_cc13x4.a(RFCC26X2_multiMode.c.cc13x4.gcc.o)
 .text.RF_decodeOverridePointers
                0x0000615c      0x11c C:/ti/simplelink_cc13xx_cc26xx_sdk_7_41_00_17/source\ti/drivers/rf/lib/gcc/m33f/rf_multiMode_cc13x4.a(RFCC26X2_multiMode.c.cc13x4.gcc.o)
 .text.RF_updatePaConfiguration
                0x00006278      0x120 C:/ti/simplelink_cc13xx_cc26xx_sdk_7_41_00_17/source\ti/drivers/rf/lib/gcc/m33f/rf_multiMode_cc13x4.a(RFCC26X2_multiMode.c.cc13x4.gcc.o)
 .text.RF_initRadioSetup
                0x00006398       0xac C:/ti/simplelink_cc13xx_cc26xx_sdk_7_41_00_17/source\ti/drivers/rf/lib/gcc/m33f/rf_multiMode_cc13x4.a(RFCC26X2_multiMode.c.cc13x4.gcc.o)
 .text.RF_fsmXOSCState
                0x00006444       0x54 C:/ti/simplelink_cc13xx_cc26xx_sdk_7_41_00_17/source\ti/drivers/rf/lib/gcc/m33f/rf_multiMode_cc13x4.a(RFCC26X2_multiMode.c.cc13x4.gcc.o)
 .text.RF_hwiCpe0ChangePhy
                0x00006498       0x24 C:/ti/simplelink_cc13xx_cc26xx_sdk_7_41_00_17/source\ti/drivers/rf/lib/gcc/m33f/rf_multiMode_cc13x4.a(RFCC26X2_multiMode.c.cc13x4.gcc.o)
 .text.RF_wakeupNotification
                0x000064bc       0x50 C:/ti/simplelink_cc13xx_cc26xx_sdk_7_41_00_17/source\ti/drivers/rf/lib/gcc/m33f/rf_multiMode_cc13x4.a(RFCC26X2_multiMode.c.cc13x4.gcc.o)
 .text.RF_defaultSubmitPolicy
                0x0000650c       0x96 C:/ti/simplelink_cc13xx_cc26xx_sdk_7_41_00_17/source\ti/drivers/rf/lib/gcc/m33f/rf_multiMode_cc13x4.a(RFCC26X2_multiMode.c.cc13x4.gcc.o)
                0x0000650c                RF_defaultSubmitPolicy
 *fill*         0x000065a2        0x2 
 .text.RF_discardPendCmd
                0x000065a4       0x98 C:/ti/simplelink_cc13xx_cc26xx_sdk_7_41_00_17/source\ti/drivers/rf/lib/gcc/m33f/rf_multiMode_cc13x4.a(RFCC26X2_multiMode.c.cc13x4.gcc.o)
 .text.RF_cmdGet
                0x0000663c       0x40 C:/ti/simplelink_cc13xx_cc26xx_sdk_7_41_00_17/source\ti/drivers/rf/lib/gcc/m33f/rf_multiMode_cc13x4.a(RFCC26X2_multiMode.c.cc13x4.gcc.o)
 .text.RF_syncCb
                0x0000667c       0x62 C:/ti/simplelink_cc13xx_cc26xx_sdk_7_41_00_17/source\ti/drivers/rf/lib/gcc/m33f/rf_multiMode_cc13x4.a(RFCC26X2_multiMode.c.cc13x4.gcc.o)
 *fill*         0x000066de        0x2 
 .text.RF_applyRfCorePatch
                0x000066e0       0x68 C:/ti/simplelink_cc13xx_cc26xx_sdk_7_41_00_17/source\ti/drivers/rf/lib/gcc/m33f/rf_multiMode_cc13x4.a(RFCC26X2_multiMode.c.cc13x4.gcc.o)
 .text.RF_fsmSetupState
                0x00006748      0x124 C:/ti/simplelink_cc13xx_cc26xx_sdk_7_41_00_17/source\ti/drivers/rf/lib/gcc/m33f/rf_multiMode_cc13x4.a(RFCC26X2_multiMode.c.cc13x4.gcc.o)
 .text.RF_abortCmd
                0x0000686c      0x16c C:/ti/simplelink_cc13xx_cc26xx_sdk_7_41_00_17/source\ti/drivers/rf/lib/gcc/m33f/rf_multiMode_cc13x4.a(RFCC26X2_multiMode.c.cc13x4.gcc.o)
 .text.RF_powerConstraintSet
                0x000069d8       0x20 C:/ti/simplelink_cc13xx_cc26xx_sdk_7_41_00_17/source\ti/drivers/rf/lib/gcc/m33f/rf_multiMode_cc13x4.a(RFCC26X2_multiMode.c.cc13x4.gcc.o)
                0x000069d8                RF_powerConstraintSet
 .text.RF_ratRestartChannels
                0x000069f8       0xac C:/ti/simplelink_cc13xx_cc26xx_sdk_7_41_00_17/source\ti/drivers/rf/lib/gcc/m33f/rf_multiMode_cc13x4.a(RFCC26X2_multiMode.c.cc13x4.gcc.o)
 .text.RF_powerConstraintRelease
                0x00006aa4       0x34 C:/ti/simplelink_cc13xx_cc26xx_sdk_7_41_00_17/source\ti/drivers/rf/lib/gcc/m33f/rf_multiMode_cc13x4.a(RFCC26X2_multiMode.c.cc13x4.gcc.o)
                0x00006aa4                RF_powerConstraintRelease
 .text.RF_clkInactivityCallback
                0x00006ad8       0x1c C:/ti/simplelink_cc13xx_cc26xx_sdk_7_41_00_17/source\ti/drivers/rf/lib/gcc/m33f/rf_multiMode_cc13x4.a(RFCC26X2_multiMode.c.cc13x4.gcc.o)
 .text.RF_radioOpDoneCb
                0x00006af4      0x150 C:/ti/simplelink_cc13xx_cc26xx_sdk_7_41_00_17/source\ti/drivers/rf/lib/gcc/m33f/rf_multiMode_cc13x4.a(RFCC26X2_multiMode.c.cc13x4.gcc.o)
 .text.RF_ratFreeChannel
                0x00006c44       0x98 C:/ti/simplelink_cc13xx_cc26xx_sdk_7_41_00_17/source\ti/drivers/rf/lib/gcc/m33f/rf_multiMode_cc13x4.a(RFCC26X2_multiMode.c.cc13x4.gcc.o)
 .text.RF_swiHw
                0x00006cdc       0xcc C:/ti/simplelink_cc13xx_cc26xx_sdk_7_41_00_17/source\ti/drivers/rf/lib/gcc/m33f/rf_multiMode_cc13x4.a(RFCC26X2_multiMode.c.cc13x4.gcc.o)
 .text.RF_getCurrentTime
                0x00006da8       0x60 C:/ti/simplelink_cc13xx_cc26xx_sdk_7_41_00_17/source\ti/drivers/rf/lib/gcc/m33f/rf_multiMode_cc13x4.a(RFCC26X2_multiMode.c.cc13x4.gcc.o)
                0x00006da8                RF_getCurrentTime
 .text.RF_cmdDispatchTime
                0x00006e08       0xb0 C:/ti/simplelink_cc13xx_cc26xx_sdk_7_41_00_17/source\ti/drivers/rf/lib/gcc/m33f/rf_multiMode_cc13x4.a(RFCC26X2_multiMode.c.cc13x4.gcc.o)
 .text.RF_dispatchNextCmd
                0x00006eb8      0x1b8 C:/ti/simplelink_cc13xx_cc26xx_sdk_7_41_00_17/source\ti/drivers/rf/lib/gcc/m33f/rf_multiMode_cc13x4.a(RFCC26X2_multiMode.c.cc13x4.gcc.o)
 .text.RF_hwiCpe0Active
                0x00007070      0x10c C:/ti/simplelink_cc13xx_cc26xx_sdk_7_41_00_17/source\ti/drivers/rf/lib/gcc/m33f/rf_multiMode_cc13x4.a(RFCC26X2_multiMode.c.cc13x4.gcc.o)
 .text.RF_hwiCpe0PowerFsm
                0x0000717c       0x60 C:/ti/simplelink_cc13xx_cc26xx_sdk_7_41_00_17/source\ti/drivers/rf/lib/gcc/m33f/rf_multiMode_cc13x4.a(RFCC26X2_multiMode.c.cc13x4.gcc.o)
 .text.RF_calculateDispatchTime
                0x000071dc       0xd0 C:/ti/simplelink_cc13xx_cc26xx_sdk_7_41_00_17/source\ti/drivers/rf/lib/gcc/m33f/rf_multiMode_cc13x4.a(RFCC26X2_multiMode.c.cc13x4.gcc.o)
 .text.RF_dispatchNextEvent
                0x000072ac       0x64 C:/ti/simplelink_cc13xx_cc26xx_sdk_7_41_00_17/source\ti/drivers/rf/lib/gcc/m33f/rf_multiMode_cc13x4.a(RFCC26X2_multiMode.c.cc13x4.gcc.o)
 .text.RF_fsmPowerUpState
                0x00007310      0x124 C:/ti/simplelink_cc13xx_cc26xx_sdk_7_41_00_17/source\ti/drivers/rf/lib/gcc/m33f/rf_multiMode_cc13x4.a(RFCC26X2_multiMode.c.cc13x4.gcc.o)
 .text.RF_fsmActiveState
                0x00007434      0x4c4 C:/ti/simplelink_cc13xx_cc26xx_sdk_7_41_00_17/source\ti/drivers/rf/lib/gcc/m33f/rf_multiMode_cc13x4.a(RFCC26X2_multiMode.c.cc13x4.gcc.o)
 .text.RF_clkPowerUp
                0x000078f8       0x24 C:/ti/simplelink_cc13xx_cc26xx_sdk_7_41_00_17/source\ti/drivers/rf/lib/gcc/m33f/rf_multiMode_cc13x4.a(RFCC26X2_multiMode.c.cc13x4.gcc.o)
 .text.RF_postCmd
                0x0000791c      0x118 C:/ti/simplelink_cc13xx_cc26xx_sdk_7_41_00_17/source\ti/drivers/rf/lib/gcc/m33f/rf_multiMode_cc13x4.a(RFCC26X2_multiMode.c.cc13x4.gcc.o)
                0x0000791c                RF_postCmd
 .text.RF_pendCmd
                0x00007a34       0xb0 C:/ti/simplelink_cc13xx_cc26xx_sdk_7_41_00_17/source\ti/drivers/rf/lib/gcc/m33f/rf_multiMode_cc13x4.a(RFCC26X2_multiMode.c.cc13x4.gcc.o)
                0x00007a34                RF_pendCmd
 .text.RF_runCmd
                0x00007ae4       0x24 C:/ti/simplelink_cc13xx_cc26xx_sdk_7_41_00_17/source\ti/drivers/rf/lib/gcc/m33f/rf_multiMode_cc13x4.a(RFCC26X2_multiMode.c.cc13x4.gcc.o)
                0x00007ae4                RF_runCmd
 .text.RF_Params_init
                0x00007b08       0x18 C:/ti/simplelink_cc13xx_cc26xx_sdk_7_41_00_17/source\ti/drivers/rf/lib/gcc/m33f/rf_multiMode_cc13x4.a(RFCC26X2_multiMode.c.cc13x4.gcc.o)
                0x00007b08                RF_Params_init
 .text.RF_open  0x00007b20      0x264 C:/ti/simplelink_cc13xx_cc26xx_sdk_7_41_00_17/source\ti/drivers/rf/lib/gcc/m33f/rf_multiMode_cc13x4.a(RFCC26X2_multiMode.c.cc13x4.gcc.o)
                0x00007b20                RF_open
 .text.RF_getTxPower
                0x00007d84       0x98 C:/ti/simplelink_cc13xx_cc26xx_sdk_7_41_00_17/source\ti/drivers/rf/lib/gcc/m33f/rf_multiMode_cc13x4.a(RFCC26X2_multiMode.c.cc13x4.gcc.o)
                0x00007d84                RF_getTxPower
 .text.NOROM_RFCCpeIntGetAndClear
                0x00007e1c       0x10 C:/ti/simplelink_cc13xx_cc26xx_sdk_7_41_00_17/source\ti/drivers/rf/lib/gcc/m33f/rf_multiMode_cc13x4.a(rfc.c.cc13x4.gcc.o)
                0x00007e1c                NOROM_RFCCpeIntGetAndClear
 .text.NOROM_RFCDoorbellSendTo
                0x00007e2c       0x2c C:/ti/simplelink_cc13xx_cc26xx_sdk_7_41_00_17/source\ti/drivers/rf/lib/gcc/m33f/rf_multiMode_cc13x4.a(rfc.c.cc13x4.gcc.o)
                0x00007e2c                NOROM_RFCDoorbellSendTo
 .text.NOROM_RFCSynthPowerDown
                0x00007e58       0x58 C:/ti/simplelink_cc13xx_cc26xx_sdk_7_41_00_17/source\ti/drivers/rf/lib/gcc/m33f/rf_multiMode_cc13x4.a(rfc.c.cc13x4.gcc.o)
                0x00007e58                NOROM_RFCSynthPowerDown
 .text.NOROM_RFCCpePatchReset
                0x00007eb0        0x2 C:/ti/simplelink_cc13xx_cc26xx_sdk_7_41_00_17/source\ti/drivers/rf/lib/gcc/m33f/rf_multiMode_cc13x4.a(rfc.c.cc13x4.gcc.o)
                0x00007eb0                NOROM_RFCCpePatchReset
 .text.NOROM_RFCOverrideSearch
                0x00007eb2       0x26 C:/ti/simplelink_cc13xx_cc26xx_sdk_7_41_00_17/source\ti/drivers/rf/lib/gcc/m33f/rf_multiMode_cc13x4.a(rfc.c.cc13x4.gcc.o)
                0x00007eb2                NOROM_RFCOverrideSearch
 .text.NOROM_RFCAnaDivTxOverride
                0x00007ed8       0x3c C:/ti/simplelink_cc13xx_cc26xx_sdk_7_41_00_17/source\ti/drivers/rf/lib/gcc/m33f/rf_multiMode_cc13x4.a(rfc.c.cc13x4.gcc.o)
                0x00007ed8                NOROM_RFCAnaDivTxOverride
 .text.NOROM_RFCOverrideUpdate
                0x00007f14        0x4 C:/ti/simplelink_cc13xx_cc26xx_sdk_7_41_00_17/source\ti/drivers/rf/lib/gcc/m33f/rf_multiMode_cc13x4.a(rfc.c.cc13x4.gcc.o)
                0x00007f14                NOROM_RFCOverrideUpdate
 .text.NOROM_RFCHwIntGetAndClear
                0x00007f18       0x10 C:/ti/simplelink_cc13xx_cc26xx_sdk_7_41_00_17/source\ti/drivers/rf/lib/gcc/m33f/rf_multiMode_cc13x4.a(rfc.c.cc13x4.gcc.o)
                0x00007f18                NOROM_RFCHwIntGetAndClear
 .text.configureMultiProtocolPatch
                0x00007f28       0x78 C:/ti/simplelink_cc13xx_cc26xx_sdk_7_41_00_17/source\ti/drivers/rf/lib/gcc/m33f/rf_multiMode_cc13x4.a(rf_patch_cpe_multi_protocol.c.cc13x4.gcc.o)
 .text.rf_patch_cpe_multi_protocol
                0x00007fa0       0x2c C:/ti/simplelink_cc13xx_cc26xx_sdk_7_41_00_17/source\ti/drivers/rf/lib/gcc/m33f/rf_multiMode_cc13x4.a(rf_patch_cpe_multi_protocol.c.cc13x4.gcc.o)
                0x00007fa0                rf_patch_cpe_multi_protocol
 .text.List_clearList
                0x00007fcc       0x18 C:/ti/simplelink_cc13xx_cc26xx_sdk_7_41_00_17/source\ti/drivers/lib/gcc/m33f/drivers_cc13x4.a(List.c.obj)
                0x00007fcc                List_clearList
 .text.List_get
                0x00007fe4       0x28 C:/ti/simplelink_cc13xx_cc26xx_sdk_7_41_00_17/source\ti/drivers/lib/gcc/m33f/drivers_cc13x4.a(List.c.obj)
                0x00007fe4                List_get
 .text.List_insert
                0x0000800c       0x30 C:/ti/simplelink_cc13xx_cc26xx_sdk_7_41_00_17/source\ti/drivers/lib/gcc/m33f/drivers_cc13x4.a(List.c.obj)
                0x0000800c                List_insert
 .text.List_put
                0x0000803c       0x2c C:/ti/simplelink_cc13xx_cc26xx_sdk_7_41_00_17/source\ti/drivers/lib/gcc/m33f/drivers_cc13x4.a(List.c.obj)
                0x0000803c                List_put
 .text.List_putHead
                0x00008068       0x2c C:/ti/simplelink_cc13xx_cc26xx_sdk_7_41_00_17/source\ti/drivers/lib/gcc/m33f/drivers_cc13x4.a(List.c.obj)
                0x00008068                List_putHead
 .text.List_remove
                0x00008094       0x30 C:/ti/simplelink_cc13xx_cc26xx_sdk_7_41_00_17/source\ti/drivers/lib/gcc/m33f/drivers_cc13x4.a(List.c.obj)
                0x00008094                List_remove
 .text.GPIO_setCallback
                0x000080c4       0x1c C:/ti/simplelink_cc13xx_cc26xx_sdk_7_41_00_17/source\ti/drivers/lib/gcc/m33f/drivers_cc13x4.a(GPIO.c.obj)
                0x000080c4                GPIO_setCallback
 .text.GPIO_resetConfig
                0x000080e0       0x3c C:/ti/simplelink_cc13xx_cc26xx_sdk_7_41_00_17/source\ti/drivers/lib/gcc/m33f/drivers_cc13x4.a(GPIO.c.obj)
                0x000080e0                GPIO_resetConfig
 .text.GPIO_disableInt
                0x0000811c       0x18 C:/ti/simplelink_cc13xx_cc26xx_sdk_7_41_00_17/source\ti/drivers/lib/gcc/m33f/drivers_cc13x4.a(GPIOCC26XX.c.obj)
                0x0000811c                GPIO_disableInt
 .text.GPIO_enableInt
                0x00008134       0x18 C:/ti/simplelink_cc13xx_cc26xx_sdk_7_41_00_17/source\ti/drivers/lib/gcc/m33f/drivers_cc13x4.a(GPIOCC26XX.c.obj)
                0x00008134                GPIO_enableInt
 .text.GPIO_read
                0x0000814c       0x2c C:/ti/simplelink_cc13xx_cc26xx_sdk_7_41_00_17/source\ti/drivers/lib/gcc/m33f/drivers_cc13x4.a(GPIOCC26XX.c.obj)
                0x0000814c                GPIO_read
 .text.GPIO_setConfig
                0x00008178       0xc4 C:/ti/simplelink_cc13xx_cc26xx_sdk_7_41_00_17/source\ti/drivers/lib/gcc/m33f/drivers_cc13x4.a(GPIOCC26XX.c.obj)
                0x00008178                GPIO_setConfig
 .text.GPIO_setConfigAndMux
                0x0000823c       0xc4 C:/ti/simplelink_cc13xx_cc26xx_sdk_7_41_00_17/source\ti/drivers/lib/gcc/m33f/drivers_cc13x4.a(GPIOCC26XX.c.obj)
                0x0000823c                GPIO_setConfigAndMux
 .text.GPIO_toggle
                0x00008300       0x2c C:/ti/simplelink_cc13xx_cc26xx_sdk_7_41_00_17/source\ti/drivers/lib/gcc/m33f/drivers_cc13x4.a(GPIOCC26XX.c.obj)
                0x00008300                GPIO_toggle
 .text.GPIO_write
                0x0000832c       0x14 C:/ti/simplelink_cc13xx_cc26xx_sdk_7_41_00_17/source\ti/drivers/lib/gcc/m33f/drivers_cc13x4.a(GPIOCC26XX.c.obj)
                0x0000832c                GPIO_write
 .text.emptyClockFunc
                0x00008340        0x4 C:/ti/simplelink_cc13xx_cc26xx_sdk_7_41_00_17/source\ti/drivers/lib/gcc/m33f/drivers_cc13x4.a(PowerCC26X2.c.obj)
 .text.nopResourceHandler
                0x00008344        0x4 C:/ti/simplelink_cc13xx_cc26xx_sdk_7_41_00_17/source\ti/drivers/lib/gcc/m33f/drivers_cc13x4.a(PowerCC26X2.c.obj)
 .text.configureRFCoreClocks
                0x00008348        0x4 C:/ti/simplelink_cc13xx_cc26xx_sdk_7_41_00_17/source\ti/drivers/lib/gcc/m33f/drivers_cc13x4.a(PowerCC26X2.c.obj)
 .text.switchToTCXO
                0x0000834c       0x7c C:/ti/simplelink_cc13xx_cc26xx_sdk_7_41_00_17/source\ti/drivers/lib/gcc/m33f/drivers_cc13x4.a(PowerCC26X2.c.obj)
 .text.configureXOSCHF
                0x000083c8      0x12c C:/ti/simplelink_cc13xx_cc26xx_sdk_7_41_00_17/source\ti/drivers/lib/gcc/m33f/drivers_cc13x4.a(PowerCC26X2.c.obj)
 .text.oscillatorISR
                0x000084f4      0x124 C:/ti/simplelink_cc13xx_cc26xx_sdk_7_41_00_17/source\ti/drivers/lib/gcc/m33f/drivers_cc13x4.a(PowerCC26X2.c.obj)
 .text.Power_getConstraintMask
                0x00008618        0xc C:/ti/simplelink_cc13xx_cc26xx_sdk_7_41_00_17/source\ti/drivers/lib/gcc/m33f/drivers_cc13x4.a(PowerCC26X2.c.obj)
                0x00008618                Power_getConstraintMask
 .text.Power_getTransitionLatency
                0x00008624       0x20 C:/ti/simplelink_cc13xx_cc26xx_sdk_7_41_00_17/source\ti/drivers/lib/gcc/m33f/drivers_cc13x4.a(PowerCC26X2.c.obj)
                0x00008624                Power_getTransitionLatency
 .text.Power_idleFunc
                0x00008644       0x18 C:/ti/simplelink_cc13xx_cc26xx_sdk_7_41_00_17/source\ti/drivers/lib/gcc/m33f/drivers_cc13x4.a(PowerCC26X2.c.obj)
                0x00008644                Power_idleFunc
 .text.Power_init
                0x0000865c      0x164 C:/ti/simplelink_cc13xx_cc26xx_sdk_7_41_00_17/source\ti/drivers/lib/gcc/m33f/drivers_cc13x4.a(PowerCC26X2.c.obj)
                0x0000865c                Power_init
 .text.Power_registerNotify
                0x000087c0       0x24 C:/ti/simplelink_cc13xx_cc26xx_sdk_7_41_00_17/source\ti/drivers/lib/gcc/m33f/drivers_cc13x4.a(PowerCC26X2.c.obj)
                0x000087c0                Power_registerNotify
 .text.Power_releaseConstraint
                0x000087e4       0x34 C:/ti/simplelink_cc13xx_cc26xx_sdk_7_41_00_17/source\ti/drivers/lib/gcc/m33f/drivers_cc13x4.a(PowerCC26X2.c.obj)
                0x000087e4                Power_releaseConstraint
 .text.Power_releaseDependency
                0x00008818       0xb8 C:/ti/simplelink_cc13xx_cc26xx_sdk_7_41_00_17/source\ti/drivers/lib/gcc/m33f/drivers_cc13x4.a(PowerCC26X2.c.obj)
                0x00008818                Power_releaseDependency
 .text.Power_setConstraint
                0x000088d0       0x30 C:/ti/simplelink_cc13xx_cc26xx_sdk_7_41_00_17/source\ti/drivers/lib/gcc/m33f/drivers_cc13x4.a(PowerCC26X2.c.obj)
                0x000088d0                Power_setConstraint
 .text.Power_setDependency
                0x00008900       0xc0 C:/ti/simplelink_cc13xx_cc26xx_sdk_7_41_00_17/source\ti/drivers/lib/gcc/m33f/drivers_cc13x4.a(PowerCC26X2.c.obj)
                0x00008900                Power_setDependency
 .text.Power_sleep
                0x000089c0      0x1b8 C:/ti/simplelink_cc13xx_cc26xx_sdk_7_41_00_17/source\ti/drivers/lib/gcc/m33f/drivers_cc13x4.a(PowerCC26X2.c.obj)
                0x000089c0                Power_sleep
 .text.PowerCC26XX_calibrate
                0x00008b78       0x18 C:/ti/simplelink_cc13xx_cc26xx_sdk_7_41_00_17/source\ti/drivers/lib/gcc/m33f/drivers_cc13x4.a(PowerCC26X2.c.obj)
                0x00008b78                PowerCC26XX_calibrate
 .text.PowerCC26XX_isStableXOSC_HF
                0x00008b90       0x30 C:/ti/simplelink_cc13xx_cc26xx_sdk_7_41_00_17/source\ti/drivers/lib/gcc/m33f/drivers_cc13x4.a(PowerCC26X2.c.obj)
                0x00008b90                PowerCC26XX_isStableXOSC_HF
 .text.PowerCC26XX_switchXOSC_HF
                0x00008bc0       0x74 C:/ti/simplelink_cc13xx_cc26xx_sdk_7_41_00_17/source\ti/drivers/lib/gcc/m33f/drivers_cc13x4.a(PowerCC26X2.c.obj)
                0x00008bc0                PowerCC26XX_switchXOSC_HF
 .text.PowerCC26X2_initiateCalibration
                0x00008c34       0x74 C:/ti/simplelink_cc13xx_cc26xx_sdk_7_41_00_17/source\ti/drivers/lib/gcc/m33f/drivers_cc13x4.a(PowerCC26X2_calibrateRCOSC.c.obj)
                0x00008c34                PowerCC26X2_initiateCalibration
 .text.PowerCC26X2_auxISR
                0x00008ca8      0x2ec C:/ti/simplelink_cc13xx_cc26xx_sdk_7_41_00_17/source\ti/drivers/lib/gcc/m33f/drivers_cc13x4.a(PowerCC26X2_calibrateRCOSC.c.obj)
                0x00008ca8                PowerCC26X2_auxISR
 .text.PowerCC26X2_calibrate
                0x00008f94      0x140 C:/ti/simplelink_cc13xx_cc26xx_sdk_7_41_00_17/source\ti/drivers/lib/gcc/m33f/drivers_cc13x4.a(PowerCC26X2_calibrateRCOSC.c.obj)
                0x00008f94                PowerCC26X2_calibrate
 .text.PowerCC26X2_RCOSC_clockFunc
                0x000090d4       0x4c C:/ti/simplelink_cc13xx_cc26xx_sdk_7_41_00_17/source\ti/drivers/lib/gcc/m33f/drivers_cc13x4.a(PowerCC26X2_calibrateRCOSC.c.obj)
                0x000090d4                PowerCC26X2_RCOSC_clockFunc
 .text.UART2_Params_init
                0x00009120       0x1c C:/ti/simplelink_cc13xx_cc26xx_sdk_7_41_00_17/source\ti/drivers/lib/gcc/m33f/drivers_cc13x4.a(UART2.c.obj)
                0x00009120                UART2_Params_init
 .text.UART2_rxEnable
                0x0000913c       0x44 C:/ti/simplelink_cc13xx_cc26xx_sdk_7_41_00_17/source\ti/drivers/lib/gcc/m33f/drivers_cc13x4.a(UART2.c.obj)
                0x0000913c                UART2_rxEnable
 .text.UART2_readTimeout
                0x00009180      0x1c4 C:/ti/simplelink_cc13xx_cc26xx_sdk_7_41_00_17/source\ti/drivers/lib/gcc/m33f/drivers_cc13x4.a(UART2.c.obj)
                0x00009180                UART2_readTimeout
 .text.UART2_readFull
                0x00009344       0x50 C:/ti/simplelink_cc13xx_cc26xx_sdk_7_41_00_17/source\ti/drivers/lib/gcc/m33f/drivers_cc13x4.a(UART2.c.obj)
                0x00009344                UART2_readFull
 .text.UART2_read
                0x00009394       0x24 C:/ti/simplelink_cc13xx_cc26xx_sdk_7_41_00_17/source\ti/drivers/lib/gcc/m33f/drivers_cc13x4.a(UART2.c.obj)
                0x00009394                UART2_read
 .text.UART2_writeTimeoutBlocking
                0x000093b8      0x174 C:/ti/simplelink_cc13xx_cc26xx_sdk_7_41_00_17/source\ti/drivers/lib/gcc/m33f/drivers_cc13x4.a(UART2.c.obj)
                0x000093b8                UART2_writeTimeoutBlocking
 .text.UART2_writeTimeoutNonblocking
                0x0000952c      0x134 C:/ti/simplelink_cc13xx_cc26xx_sdk_7_41_00_17/source\ti/drivers/lib/gcc/m33f/drivers_cc13x4.a(UART2.c.obj)
                0x0000952c                UART2_writeTimeoutNonblocking
 .text.UART2_writeTimeout
                0x00009660       0x1c C:/ti/simplelink_cc13xx_cc26xx_sdk_7_41_00_17/source\ti/drivers/lib/gcc/m33f/drivers_cc13x4.a(UART2.c.obj)
                0x00009660                UART2_writeTimeout
 .text.UART2_write
                0x0000967c       0x14 C:/ti/simplelink_cc13xx_cc26xx_sdk_7_41_00_17/source\ti/drivers/lib/gcc/m33f/drivers_cc13x4.a(UART2.c.obj)
                0x0000967c                UART2_write
 .text.UART2CC26X2_eventCallback
                0x00009690        0x4 C:/ti/simplelink_cc13xx_cc26xx_sdk_7_41_00_17/source\ti/drivers/lib/gcc/m33f/drivers_cc13x4.a(UART2CC26X2.c.obj)
 .text.UART2CC26X2_postNotifyFxn
                0x00009694      0x124 C:/ti/simplelink_cc13xx_cc26xx_sdk_7_41_00_17/source\ti/drivers/lib/gcc/m33f/drivers_cc13x4.a(UART2CC26X2.c.obj)
 .text.UART2_open
                0x000097b8      0x2dc C:/ti/simplelink_cc13xx_cc26xx_sdk_7_41_00_17/source\ti/drivers/lib/gcc/m33f/drivers_cc13x4.a(UART2CC26X2.c.obj)
                0x000097b8                UART2_open
 .text.UART2Support_disableTx
                0x00009a94        0xc C:/ti/simplelink_cc13xx_cc26xx_sdk_7_41_00_17/source\ti/drivers/lib/gcc/m33f/drivers_cc13x4.a(UART2CC26X2.c.obj)
                0x00009a94                UART2Support_disableTx
 .text.UART2Support_dmaStartTx
                0x00009aa0       0xe4 C:/ti/simplelink_cc13xx_cc26xx_sdk_7_41_00_17/source\ti/drivers/lib/gcc/m33f/drivers_cc13x4.a(UART2CC26X2.c.obj)
                0x00009aa0                UART2Support_dmaStartTx
 .text.UART2Support_dmaStopRx
                0x00009b84       0x6c C:/ti/simplelink_cc13xx_cc26xx_sdk_7_41_00_17/source\ti/drivers/lib/gcc/m33f/drivers_cc13x4.a(UART2CC26X2.c.obj)
                0x00009b84                UART2Support_dmaStopRx
 .text.UART2Support_dmaStartRx
                0x00009bf0      0x104 C:/ti/simplelink_cc13xx_cc26xx_sdk_7_41_00_17/source\ti/drivers/lib/gcc/m33f/drivers_cc13x4.a(UART2CC26X2.c.obj)
                0x00009bf0                UART2Support_dmaStartRx
 .text.UART2Support_dmaStopTx
                0x00009cf4       0x84 C:/ti/simplelink_cc13xx_cc26xx_sdk_7_41_00_17/source\ti/drivers/lib/gcc/m33f/drivers_cc13x4.a(UART2CC26X2.c.obj)
                0x00009cf4                UART2Support_dmaStopTx
 .text.UART2CC26X2_hwiIntFxn
                0x00009d78      0x2c0 C:/ti/simplelink_cc13xx_cc26xx_sdk_7_41_00_17/source\ti/drivers/lib/gcc/m33f/drivers_cc13x4.a(UART2CC26X2.c.obj)
 .text.UART2Support_enableInts
                0x0000a038       0x2c C:/ti/simplelink_cc13xx_cc26xx_sdk_7_41_00_17/source\ti/drivers/lib/gcc/m33f/drivers_cc13x4.a(UART2CC26X2.c.obj)
                0x0000a038                UART2Support_enableInts
 .text.UART2Support_enableRx
                0x0000a064        0xc C:/ti/simplelink_cc13xx_cc26xx_sdk_7_41_00_17/source\ti/drivers/lib/gcc/m33f/drivers_cc13x4.a(UART2CC26X2.c.obj)
                0x0000a064                UART2Support_enableRx
 .text.UART2Support_enableTx
                0x0000a070        0xc C:/ti/simplelink_cc13xx_cc26xx_sdk_7_41_00_17/source\ti/drivers/lib/gcc/m33f/drivers_cc13x4.a(UART2CC26X2.c.obj)
                0x0000a070                UART2Support_enableTx
 .text.UART2Support_powerSetConstraint
                0x0000a07c       0x28 C:/ti/simplelink_cc13xx_cc26xx_sdk_7_41_00_17/source\ti/drivers/lib/gcc/m33f/drivers_cc13x4.a(UART2CC26X2.c.obj)
                0x0000a07c                UART2Support_powerSetConstraint
 .text.UART2Support_sendData
                0x0000a0a4       0x2c C:/ti/simplelink_cc13xx_cc26xx_sdk_7_41_00_17/source\ti/drivers/lib/gcc/m33f/drivers_cc13x4.a(UART2CC26X2.c.obj)
                0x0000a0a4                UART2Support_sendData
 .text.UART2Support_txDone
                0x0000a0d0       0x10 C:/ti/simplelink_cc13xx_cc26xx_sdk_7_41_00_17/source\ti/drivers/lib/gcc/m33f/drivers_cc13x4.a(UART2CC26X2.c.obj)
                0x0000a0d0                UART2Support_txDone
 .text.GPIO_hwiIntFxn
                0x0000a0e0       0x8c C:/ti/simplelink_cc13xx_cc26xx_sdk_7_41_00_17/source\ti/drivers/lib/gcc/m33f/drivers_cc13x4.a(GPIOCC26X4.c.obj)
                0x0000a0e0                GPIO_hwiIntFxn
 .text.GPIO_init
                0x0000a16c      0x160 C:/ti/simplelink_cc13xx_cc26xx_sdk_7_41_00_17/source\ti/drivers/lib/gcc/m33f/drivers_cc13x4.a(GPIOCC26X4.c.obj)
                0x0000a16c                GPIO_init
 .text.PowerCC26X2_updateSubSecInc
                0x0000a2cc       0x6c C:/ti/simplelink_cc13xx_cc26xx_sdk_7_41_00_17/source\ti/drivers/lib/gcc/m33f/drivers_cc13x4.a(PowerCC26X2_calibrateRCOSC_helpers.c.obj)
                0x0000a2cc                PowerCC26X2_updateSubSecInc
 .text.PowerCC26X2_readCtrim
                0x0000a338       0x10 C:/ti/simplelink_cc13xx_cc26xx_sdk_7_41_00_17/source\ti/drivers/lib/gcc/m33f/drivers_cc13x4.a(PowerCC26X2_calibrateRCOSC_helpers.c.obj)
                0x0000a338                PowerCC26X2_readCtrim
 .text.PowerCC26X2_readCtrimFract
                0x0000a348       0x10 C:/ti/simplelink_cc13xx_cc26xx_sdk_7_41_00_17/source\ti/drivers/lib/gcc/m33f/drivers_cc13x4.a(PowerCC26X2_calibrateRCOSC_helpers.c.obj)
                0x0000a348                PowerCC26X2_readCtrimFract
 .text.PowerCC26X2_readRtrim
                0x0000a358       0x10 C:/ti/simplelink_cc13xx_cc26xx_sdk_7_41_00_17/source\ti/drivers/lib/gcc/m33f/drivers_cc13x4.a(PowerCC26X2_calibrateRCOSC_helpers.c.obj)
                0x0000a358                PowerCC26X2_readRtrim
 .text.PowerCC26X2_writeCtrim
                0x0000a368       0x20 C:/ti/simplelink_cc13xx_cc26xx_sdk_7_41_00_17/source\ti/drivers/lib/gcc/m33f/drivers_cc13x4.a(PowerCC26X2_calibrateRCOSC_helpers.c.obj)
                0x0000a368                PowerCC26X2_writeCtrim
 .text.PowerCC26X2_writeCtrimFract
                0x0000a388       0x20 C:/ti/simplelink_cc13xx_cc26xx_sdk_7_41_00_17/source\ti/drivers/lib/gcc/m33f/drivers_cc13x4.a(PowerCC26X2_calibrateRCOSC_helpers.c.obj)
                0x0000a388                PowerCC26X2_writeCtrimFract
 .text.PowerCC26X2_writeCtrimFractEn
                0x0000a3a8       0x20 C:/ti/simplelink_cc13xx_cc26xx_sdk_7_41_00_17/source\ti/drivers/lib/gcc/m33f/drivers_cc13x4.a(PowerCC26X2_calibrateRCOSC_helpers.c.obj)
                0x0000a3a8                PowerCC26X2_writeCtrimFractEn
 .text.PowerCC26X2_writeRtrim
                0x0000a3c8       0x20 C:/ti/simplelink_cc13xx_cc26xx_sdk_7_41_00_17/source\ti/drivers/lib/gcc/m33f/drivers_cc13x4.a(PowerCC26X2_calibrateRCOSC_helpers.c.obj)
                0x0000a3c8                PowerCC26X2_writeRtrim
 .text.PowerCC26X2_setTdcClkSrc24M
                0x0000a3e8       0x30 C:/ti/simplelink_cc13xx_cc26xx_sdk_7_41_00_17/source\ti/drivers/lib/gcc/m33f/drivers_cc13x4.a(PowerCC26X2_calibrateRCOSC_helpers.c.obj)
                0x0000a3e8                PowerCC26X2_setTdcClkSrc24M
 .text.PowerCC26X2_setAclkRefSrc
                0x0000a418       0x34 C:/ti/simplelink_cc13xx_cc26xx_sdk_7_41_00_17/source\ti/drivers/lib/gcc/m33f/drivers_cc13x4.a(PowerCC26X2_calibrateRCOSC_helpers.c.obj)
                0x0000a418                PowerCC26X2_setAclkRefSrc
 .text.PowerCC26X2_oscCtlClearXtal
                0x0000a44c       0x10 C:/ti/simplelink_cc13xx_cc26xx_sdk_7_41_00_17/source\ti/drivers/lib/gcc/m33f/drivers_cc13x4.a(PowerCC26X2_helpers.c.obj)
                0x0000a44c                PowerCC26X2_oscCtlClearXtal
 .text.PowerCC26X2_prcmEnableCacheRetention
                0x0000a45c       0x10 C:/ti/simplelink_cc13xx_cc26xx_sdk_7_41_00_17/source\ti/drivers/lib/gcc/m33f/drivers_cc13x4.a(PowerCC26X2_helpers.c.obj)
                0x0000a45c                PowerCC26X2_prcmEnableCacheRetention
 .text.PowerCC26X2_oschfSwitchToRcosc
                0x0000a46c        0x4 C:/ti/simplelink_cc13xx_cc26xx_sdk_7_41_00_17/source\ti/drivers/lib/gcc/m33f/drivers_cc13x4.a(PowerCC26X2_helpers.c.obj)
                0x0000a46c                PowerCC26X2_oschfSwitchToRcosc
 .text.PowerCC26X2_oscClockSourceGet
                0x0000a470        0x4 C:/ti/simplelink_cc13xx_cc26xx_sdk_7_41_00_17/source\ti/drivers/lib/gcc/m33f/drivers_cc13x4.a(PowerCC26X2_helpers.c.obj)
                0x0000a470                PowerCC26X2_oscClockSourceGet
 .text.PowerCC26X2_oscDisableQualifiers
                0x0000a474       0x34 C:/ti/simplelink_cc13xx_cc26xx_sdk_7_41_00_17/source\ti/drivers/lib/gcc/m33f/drivers_cc13x4.a(PowerCC26X2_helpers.c.obj)
                0x0000a474                PowerCC26X2_oscDisableQualifiers
 .text.PowerCC26X2_getOscHfSourceReady
                0x0000a4a8       0x1c C:/ti/simplelink_cc13xx_cc26xx_sdk_7_41_00_17/source\ti/drivers/lib/gcc/m33f/drivers_cc13x4.a(PowerCC26X2_helpers.c.obj)
                0x0000a4a8                PowerCC26X2_getOscHfSourceReady
 .text.PowerCC26X2_oschfTrySwitchToXosc
                0x0000a4c4        0x8 C:/ti/simplelink_cc13xx_cc26xx_sdk_7_41_00_17/source\ti/drivers/lib/gcc/m33f/drivers_cc13x4.a(PowerCC26X2_helpers.c.obj)
                0x0000a4c4                PowerCC26X2_oschfTrySwitchToXosc
 .text.PowerCC26X2_enableTCXOQual
                0x0000a4cc       0x20 C:/ti/simplelink_cc13xx_cc26xx_sdk_7_41_00_17/source\ti/drivers/lib/gcc/m33f/drivers_cc13x4.a(PowerCC26X2_helpers.c.obj)
                0x0000a4cc                PowerCC26X2_enableTCXOQual
 .text.PowerCC26X2_disableTCXOQual
                0x0000a4ec       0x20 C:/ti/simplelink_cc13xx_cc26xx_sdk_7_41_00_17/source\ti/drivers/lib/gcc/m33f/drivers_cc13x4.a(PowerCC26X2_helpers.c.obj)
                0x0000a4ec                PowerCC26X2_disableTCXOQual
 .text.PowerCC26X2_turnOnXosc
                0x0000a50c        0x4 C:/ti/simplelink_cc13xx_cc26xx_sdk_7_41_00_17/source\ti/drivers/lib/gcc/m33f/drivers_cc13x4.a(PowerCC26X2_helpers.c.obj)
                0x0000a50c                PowerCC26X2_turnOnXosc
 .text.PowerCC26X2_switchToTCXO
                0x0000a510       0x10 C:/ti/simplelink_cc13xx_cc26xx_sdk_7_41_00_17/source\ti/drivers/lib/gcc/m33f/drivers_cc13x4.a(PowerCC26X2_helpers.c.obj)
                0x0000a510                PowerCC26X2_switchToTCXO
 .text.PowerCC26X2_sysCtrlStandby
                0x0000a520        0xc C:/ti/simplelink_cc13xx_cc26xx_sdk_7_41_00_17/source\ti/drivers/lib/gcc/m33f/drivers_cc13x4.a(PowerCC26X2_helpers.c.obj)
                0x0000a520                PowerCC26X2_sysCtrlStandby
 .text.PowerCC26X2_setPeriphDependency
                0x0000a52c       0x2c C:/ti/simplelink_cc13xx_cc26xx_sdk_7_41_00_17/source\ti/drivers/lib/gcc/m33f/drivers_cc13x4.a(PowerCC26X2_helpers.c.obj)
                0x0000a52c                PowerCC26X2_setPeriphDependency
 .text.PowerCC26X2_releasePeriphDependency
                0x0000a558       0x2c C:/ti/simplelink_cc13xx_cc26xx_sdk_7_41_00_17/source\ti/drivers/lib/gcc/m33f/drivers_cc13x4.a(PowerCC26X2_helpers.c.obj)
                0x0000a558                PowerCC26X2_releasePeriphDependency
 .text.PowerCC26X2_setPeriphDeepSleepEnable
                0x0000a584        0x4 C:/ti/simplelink_cc13xx_cc26xx_sdk_7_41_00_17/source\ti/drivers/lib/gcc/m33f/drivers_cc13x4.a(PowerCC26X2_helpers.c.obj)
                0x0000a584                PowerCC26X2_setPeriphDeepSleepEnable
 .text.PowerCC26X2_sysCtrlGetResetSource
                0x0000a588        0x4 C:/ti/simplelink_cc13xx_cc26xx_sdk_7_41_00_17/source\ti/drivers/lib/gcc/m33f/drivers_cc13x4.a(PowerCC26X2_helpers.c.obj)
                0x0000a588                PowerCC26X2_sysCtrlGetResetSource
 .text.PowerCC26X2_setSubSecIncToXoscLf
                0x0000a58c       0x28 C:/ti/simplelink_cc13xx_cc26xx_sdk_7_41_00_17/source\ti/drivers/lib/gcc/m33f/drivers_cc13x4.a(PowerCC26X2_helpers.c.obj)
                0x0000a58c                PowerCC26X2_setSubSecIncToXoscLf
 .text.PowerCC26X2_sysCtrlUpdateVoltageRegulator
                0x0000a5b4        0x4 C:/ti/simplelink_cc13xx_cc26xx_sdk_7_41_00_17/source\ti/drivers/lib/gcc/m33f/drivers_cc13x4.a(PowerCC26X2_helpers.c.obj)
                0x0000a5b4                PowerCC26X2_sysCtrlUpdateVoltageRegulator
 .text.RingBuf_construct
                0x0000a5b8       0x14 C:/ti/simplelink_cc13xx_cc26xx_sdk_7_41_00_17/source\ti/drivers/lib/gcc/m33f/drivers_cc13x4.a(RingBuf.c.obj)
                0x0000a5b8                RingBuf_construct
 .text.RingBuf_getConsume
                0x0000a5cc       0x30 C:/ti/simplelink_cc13xx_cc26xx_sdk_7_41_00_17/source\ti/drivers/lib/gcc/m33f/drivers_cc13x4.a(RingBuf.c.obj)
                0x0000a5cc                RingBuf_getConsume
 .text.RingBuf_getCount
                0x0000a5fc        0x4 C:/ti/simplelink_cc13xx_cc26xx_sdk_7_41_00_17/source\ti/drivers/lib/gcc/m33f/drivers_cc13x4.a(RingBuf.c.obj)
                0x0000a5fc                RingBuf_getCount
 .text.RingBuf_getPointer
                0x0000a600       0x28 C:/ti/simplelink_cc13xx_cc26xx_sdk_7_41_00_17/source\ti/drivers/lib/gcc/m33f/drivers_cc13x4.a(RingBuf.c.obj)
                0x0000a600                RingBuf_getPointer
 .text.RingBuf_put
                0x0000a628       0x48 C:/ti/simplelink_cc13xx_cc26xx_sdk_7_41_00_17/source\ti/drivers/lib/gcc/m33f/drivers_cc13x4.a(RingBuf.c.obj)
                0x0000a628                RingBuf_put
 .text.RingBuf_putAdvance
                0x0000a670       0x3c C:/ti/simplelink_cc13xx_cc26xx_sdk_7_41_00_17/source\ti/drivers/lib/gcc/m33f/drivers_cc13x4.a(RingBuf.c.obj)
                0x0000a670                RingBuf_putAdvance
 .text.RingBuf_putPointer
                0x0000a6ac       0x34 C:/ti/simplelink_cc13xx_cc26xx_sdk_7_41_00_17/source\ti/drivers/lib/gcc/m33f/drivers_cc13x4.a(RingBuf.c.obj)
                0x0000a6ac                RingBuf_putPointer
 .text.UDMACC26XX_hwiIntFxn
                0x0000a6e0        0xc C:/ti/simplelink_cc13xx_cc26xx_sdk_7_41_00_17/source\ti/drivers/lib/gcc/m33f/drivers_cc13x4.a(UDMACC26XX.c.obj)
                0x0000a6e0                UDMACC26XX_hwiIntFxn
 .text.UDMACC26XX_open
                0x0000a6ec       0x6c C:/ti/simplelink_cc13xx_cc26xx_sdk_7_41_00_17/source\ti/drivers/lib/gcc/m33f/drivers_cc13x4.a(UDMACC26XX.c.obj)
                0x0000a6ec                UDMACC26XX_open
 .text.NOROM_AONBatMonTemperatureGetDegC
                0x0000a758       0x30 C:/ti/simplelink_cc13xx_cc26xx_sdk_7_41_00_17/source\ti/devices/cc13x4_cc26x4/driverlib/bin/gcc/driverlib.lib(aon_batmon.c.obj)
                0x0000a758                NOROM_AONBatMonTemperatureGetDegC
 .text.NOROM_AONEventMcuWakeUpSet
                0x0000a788       0x30 C:/ti/simplelink_cc13xx_cc26xx_sdk_7_41_00_17/source\ti/devices/cc13x4_cc26x4/driverlib/bin/gcc/driverlib.lib(aon_event.c.obj)
                0x0000a788                NOROM_AONEventMcuWakeUpSet
 .text.NOROM_AONRTCCurrent64BitValueGet
                0x0000a7b8       0x20 C:/ti/simplelink_cc13xx_cc26xx_sdk_7_41_00_17/source\ti/devices/cc13x4_cc26x4/driverlib/bin/gcc/driverlib.lib(aon_rtc.c.obj)
                0x0000a7b8                NOROM_AONRTCCurrent64BitValueGet
 .text.NOROM_CPUcpsid
                0x0000a7d8        0x8 C:/ti/simplelink_cc13xx_cc26xx_sdk_7_41_00_17/source\ti/devices/cc13x4_cc26x4/driverlib/bin/gcc/driverlib.lib(cpu.c.obj)
                0x0000a7d8                NOROM_CPUcpsid
 .text.NOROM_CPUcpsie
                0x0000a7e0        0x8 C:/ti/simplelink_cc13xx_cc26xx_sdk_7_41_00_17/source\ti/devices/cc13x4_cc26x4/driverlib/bin/gcc/driverlib.lib(cpu.c.obj)
                0x0000a7e0                NOROM_CPUcpsie
 .text.NOROM_CPUbasepriGet
                0x0000a7e8        0x8 C:/ti/simplelink_cc13xx_cc26xx_sdk_7_41_00_17/source\ti/devices/cc13x4_cc26x4/driverlib/bin/gcc/driverlib.lib(cpu.c.obj)
                0x0000a7e8                NOROM_CPUbasepriGet
 .text.NOROM_CPUdelay
                0x0000a7f0        0x8 C:/ti/simplelink_cc13xx_cc26xx_sdk_7_41_00_17/source\ti/devices/cc13x4_cc26x4/driverlib/bin/gcc/driverlib.lib(cpu.c.obj)
                0x0000a7f0                NOROM_CPUdelay
 .text.NOROM_DDI32RegWrite
                0x0000a7f8        0x4 C:/ti/simplelink_cc13xx_cc26xx_sdk_7_41_00_17/source\ti/devices/cc13x4_cc26x4/driverlib/bin/gcc/driverlib.lib(ddi.c.obj)
                0x0000a7f8                NOROM_DDI32RegWrite
 .text.NOROM_DDI16BitfieldWrite
                0x0000a7fc       0x2c C:/ti/simplelink_cc13xx_cc26xx_sdk_7_41_00_17/source\ti/devices/cc13x4_cc26x4/driverlib/bin/gcc/driverlib.lib(ddi.c.obj)
                0x0000a7fc                NOROM_DDI16BitfieldWrite
 .text.NOROM_DDI16BitfieldRead
                0x0000a828       0x1c C:/ti/simplelink_cc13xx_cc26xx_sdk_7_41_00_17/source\ti/devices/cc13x4_cc26x4/driverlib/bin/gcc/driverlib.lib(ddi.c.obj)
                0x0000a828                NOROM_DDI16BitfieldRead
 .text.NOROM_IntRegister
                0x0000a844       0x38 C:/ti/simplelink_cc13xx_cc26xx_sdk_7_41_00_17/source\ti/devices/cc13x4_cc26x4/driverlib/bin/gcc/driverlib.lib(interrupt.c.obj)
                0x0000a844                NOROM_IntRegister
 .text.NOROM_IntPrioritySet
                0x0000a87c       0x2c C:/ti/simplelink_cc13xx_cc26xx_sdk_7_41_00_17/source\ti/devices/cc13x4_cc26x4/driverlib/bin/gcc/driverlib.lib(interrupt.c.obj)
                0x0000a87c                NOROM_IntPrioritySet
 .text.NOROM_IntEnable
                0x0000a8a8       0x78 C:/ti/simplelink_cc13xx_cc26xx_sdk_7_41_00_17/source\ti/devices/cc13x4_cc26x4/driverlib/bin/gcc/driverlib.lib(interrupt.c.obj)
                0x0000a8a8                NOROM_IntEnable
 .text.NOROM_IntPendClear
                0x0000a920       0x54 C:/ti/simplelink_cc13xx_cc26xx_sdk_7_41_00_17/source\ti/devices/cc13x4_cc26x4/driverlib/bin/gcc/driverlib.lib(interrupt.c.obj)
                0x0000a920                NOROM_IntPendClear
 .text.NOROM_OSCClockSourceSet
                0x0000a974       0x40 C:/ti/simplelink_cc13xx_cc26xx_sdk_7_41_00_17/source\ti/devices/cc13x4_cc26x4/driverlib/bin/gcc/driverlib.lib(osc.c.obj)
                0x0000a974                NOROM_OSCClockSourceSet
 .text.NOROM_OSCClockSourceGet
                0x0000a9b4       0x20 C:/ti/simplelink_cc13xx_cc26xx_sdk_7_41_00_17/source\ti/devices/cc13x4_cc26x4/driverlib/bin/gcc/driverlib.lib(osc.c.obj)
                0x0000a9b4                NOROM_OSCClockSourceGet
 .text.NOROM_OSCHF_TurnOnXosc
                0x0000a9d4       0x2c C:/ti/simplelink_cc13xx_cc26xx_sdk_7_41_00_17/source\ti/devices/cc13x4_cc26x4/driverlib/bin/gcc/driverlib.lib(osc.c.obj)
                0x0000a9d4                NOROM_OSCHF_TurnOnXosc
 .text.NOROM_OSCHF_AttemptToSwitchToXosc
                0x0000aa00       0x8c C:/ti/simplelink_cc13xx_cc26xx_sdk_7_41_00_17/source\ti/devices/cc13x4_cc26x4/driverlib/bin/gcc/driverlib.lib(osc.c.obj)
                0x0000aa00                NOROM_OSCHF_AttemptToSwitchToXosc
 .text.NOROM_OSCHF_SwitchToRcOscTurnOffXosc
                0x0000aa8c       0x70 C:/ti/simplelink_cc13xx_cc26xx_sdk_7_41_00_17/source\ti/devices/cc13x4_cc26x4/driverlib/bin/gcc/driverlib.lib(osc.c.obj)
                0x0000aa8c                NOROM_OSCHF_SwitchToRcOscTurnOffXosc
 .text.NOROM_OSC_HPOSCRelativeFrequencyOffsetGet
                0x0000aafc       0x40 C:/ti/simplelink_cc13xx_cc26xx_sdk_7_41_00_17/source\ti/devices/cc13x4_cc26x4/driverlib/bin/gcc/driverlib.lib(osc.c.obj)
                0x0000aafc                NOROM_OSC_HPOSCRelativeFrequencyOffsetGet
 .text.NOROM_OSC_HPOSCRelativeFrequencyOffsetToRFCoreFormatConvert
                0x0000ab3c        0xc C:/ti/simplelink_cc13xx_cc26xx_sdk_7_41_00_17/source\ti/devices/cc13x4_cc26x4/driverlib/bin/gcc/driverlib.lib(osc.c.obj)
                0x0000ab3c                NOROM_OSC_HPOSCRelativeFrequencyOffsetToRFCoreFormatConvert
 .text.NOROM_PRCMPowerDomainOn
                0x0000ab48       0x48 C:/ti/simplelink_cc13xx_cc26xx_sdk_7_41_00_17/source\ti/devices/cc13x4_cc26x4/driverlib/bin/gcc/driverlib.lib(prcm.c.obj)
                0x0000ab48                NOROM_PRCMPowerDomainOn
 .text.NOROM_PRCMPowerDomainOff
                0x0000ab90       0x4c C:/ti/simplelink_cc13xx_cc26xx_sdk_7_41_00_17/source\ti/devices/cc13x4_cc26x4/driverlib/bin/gcc/driverlib.lib(prcm.c.obj)
                0x0000ab90                NOROM_PRCMPowerDomainOff
 .text.NOROM_PRCMPeripheralRunEnable
                0x0000abdc       0x20 C:/ti/simplelink_cc13xx_cc26xx_sdk_7_41_00_17/source\ti/devices/cc13x4_cc26x4/driverlib/bin/gcc/driverlib.lib(prcm.c.obj)
                0x0000abdc                NOROM_PRCMPeripheralRunEnable
 .text.NOROM_PRCMPeripheralRunDisable
                0x0000abfc       0x24 C:/ti/simplelink_cc13xx_cc26xx_sdk_7_41_00_17/source\ti/devices/cc13x4_cc26x4/driverlib/bin/gcc/driverlib.lib(prcm.c.obj)
                0x0000abfc                NOROM_PRCMPeripheralRunDisable
 .text.NOROM_PRCMPeripheralSleepEnable
                0x0000ac20       0x20 C:/ti/simplelink_cc13xx_cc26xx_sdk_7_41_00_17/source\ti/devices/cc13x4_cc26x4/driverlib/bin/gcc/driverlib.lib(prcm.c.obj)
                0x0000ac20                NOROM_PRCMPeripheralSleepEnable
 .text.NOROM_PRCMPeripheralSleepDisable
                0x0000ac40       0x24 C:/ti/simplelink_cc13xx_cc26xx_sdk_7_41_00_17/source\ti/devices/cc13x4_cc26x4/driverlib/bin/gcc/driverlib.lib(prcm.c.obj)
                0x0000ac40                NOROM_PRCMPeripheralSleepDisable
 .text.NOROM_PRCMPeripheralDeepSleepEnable
                0x0000ac64       0x20 C:/ti/simplelink_cc13xx_cc26xx_sdk_7_41_00_17/source\ti/devices/cc13x4_cc26x4/driverlib/bin/gcc/driverlib.lib(prcm.c.obj)
                0x0000ac64                NOROM_PRCMPeripheralDeepSleepEnable
 .text.NOROM_PRCMPeripheralDeepSleepDisable
                0x0000ac84       0x24 C:/ti/simplelink_cc13xx_cc26xx_sdk_7_41_00_17/source\ti/devices/cc13x4_cc26x4/driverlib/bin/gcc/driverlib.lib(prcm.c.obj)
                0x0000ac84                NOROM_PRCMPeripheralDeepSleepDisable
 .text.NOROM_PRCMPowerDomainsAllOff
                0x0000aca8       0x94 C:/ti/simplelink_cc13xx_cc26xx_sdk_7_41_00_17/source\ti/devices/cc13x4_cc26x4/driverlib/bin/gcc/driverlib.lib(prcm.c.obj)
                0x0000aca8                NOROM_PRCMPowerDomainsAllOff
 .text.NOROM_PRCMPowerDomainsAllOn
                0x0000ad3c       0x54 C:/ti/simplelink_cc13xx_cc26xx_sdk_7_41_00_17/source\ti/devices/cc13x4_cc26x4/driverlib/bin/gcc/driverlib.lib(prcm.c.obj)
                0x0000ad3c                NOROM_PRCMPowerDomainsAllOn
 .text.NOROM_PRCMDeepSleep
                0x0000ad90       0x1c C:/ti/simplelink_cc13xx_cc26xx_sdk_7_41_00_17/source\ti/devices/cc13x4_cc26x4/driverlib/bin/gcc/driverlib.lib(prcm.c.obj)
                0x0000ad90                NOROM_PRCMDeepSleep
 .text.TrimAfterColdResetWakeupFromShutDown
                0x0000adac       0xb4 C:/ti/simplelink_cc13xx_cc26xx_sdk_7_41_00_17/source\ti/devices/cc13x4_cc26x4/driverlib/bin/gcc/driverlib.lib(setup.c.obj)
 .text.NOROM_SetupTrimDevice
                0x0000ae60      0x128 C:/ti/simplelink_cc13xx_cc26xx_sdk_7_41_00_17/source\ti/devices/cc13x4_cc26x4/driverlib/bin/gcc/driverlib.lib(setup.c.obj)
                0x0000ae60                NOROM_SetupTrimDevice
 .text.NOROM_SetupStepVddrTrimTo
                0x0000af88       0x8c C:/ti/simplelink_cc13xx_cc26xx_sdk_7_41_00_17/source\ti/devices/cc13x4_cc26x4/driverlib/bin/gcc/driverlib.lib(setup_rom.c.obj)
                0x0000af88                NOROM_SetupStepVddrTrimTo
 .text.NOROM_SetupAfterColdResetWakeupFromShutDownCfg1
                0x0000b014       0x74 C:/ti/simplelink_cc13xx_cc26xx_sdk_7_41_00_17/source\ti/devices/cc13x4_cc26x4/driverlib/bin/gcc/driverlib.lib(setup_rom.c.obj)
                0x0000b014                NOROM_SetupAfterColdResetWakeupFromShutDownCfg1
 .text.NOROM_SetupAfterColdResetWakeupFromShutDownCfg3
                0x0000b088      0x190 C:/ti/simplelink_cc13xx_cc26xx_sdk_7_41_00_17/source\ti/devices/cc13x4_cc26x4/driverlib/bin/gcc/driverlib.lib(setup_rom.c.obj)
                0x0000b088                NOROM_SetupAfterColdResetWakeupFromShutDownCfg3
 .text.NOROM_SetupGetTrimForAmpcompCtrl
                0x0000b218       0x54 C:/ti/simplelink_cc13xx_cc26xx_sdk_7_41_00_17/source\ti/devices/cc13x4_cc26x4/driverlib/bin/gcc/driverlib.lib(setup_rom.c.obj)
                0x0000b218                NOROM_SetupGetTrimForAmpcompCtrl
 .text.NOROM_SetupAfterColdResetWakeupFromShutDownCfg2
                0x0000b26c      0x1e4 C:/ti/simplelink_cc13xx_cc26xx_sdk_7_41_00_17/source\ti/devices/cc13x4_cc26x4/driverlib/bin/gcc/driverlib.lib(setup_rom.c.obj)
                0x0000b26c                NOROM_SetupAfterColdResetWakeupFromShutDownCfg2
 .text.NOROM_SetupSetCacheModeAccordingToCcfgSetting
                0x0000b450       0x60 C:/ti/simplelink_cc13xx_cc26xx_sdk_7_41_00_17/source\ti/devices/cc13x4_cc26x4/driverlib/bin/gcc/driverlib.lib(setup_rom.c.obj)
                0x0000b450                NOROM_SetupSetCacheModeAccordingToCcfgSetting
 .text.NOROM_SetupSetAonRtcSubSecInc
                0x0000b4b0       0x2c C:/ti/simplelink_cc13xx_cc26xx_sdk_7_41_00_17/source\ti/devices/cc13x4_cc26x4/driverlib/bin/gcc/driverlib.lib(setup_rom.c.obj)
                0x0000b4b0                NOROM_SetupSetAonRtcSubSecInc
 .text.NOROM_SysCtrlStandby
                0x0000b4dc      0x100 C:/ti/simplelink_cc13xx_cc26xx_sdk_7_41_00_17/source\ti/devices/cc13x4_cc26x4/driverlib/bin/gcc/driverlib.lib(sys_ctrl.c.obj)
                0x0000b4dc                NOROM_SysCtrlStandby
 .text.NOROM_SysCtrl_DCDC_VoltageConditionalControl
                0x0000b5dc       0x7c C:/ti/simplelink_cc13xx_cc26xx_sdk_7_41_00_17/source\ti/devices/cc13x4_cc26x4/driverlib/bin/gcc/driverlib.lib(sys_ctrl.c.obj)
                0x0000b5dc                NOROM_SysCtrl_DCDC_VoltageConditionalControl
 .text.NOROM_SysCtrlResetSourceGet
                0x0000b658       0x20 C:/ti/simplelink_cc13xx_cc26xx_sdk_7_41_00_17/source\ti/devices/cc13x4_cc26x4/driverlib/bin/gcc/driverlib.lib(sys_ctrl.c.obj)
                0x0000b658                NOROM_SysCtrlResetSourceGet
 .text.NOROM_UARTConfigSetExpClk
                0x0000b678       0x38 C:/ti/simplelink_cc13xx_cc26xx_sdk_7_41_00_17/source\ti/devices/cc13x4_cc26x4/driverlib/bin/gcc/driverlib.lib(uart.c.obj)
                0x0000b678                NOROM_UARTConfigSetExpClk
 .text.NOROM_UARTDisable
                0x0000b6b0       0x20 C:/ti/simplelink_cc13xx_cc26xx_sdk_7_41_00_17/source\ti/devices/cc13x4_cc26x4/driverlib/bin/gcc/driverlib.lib(uart.c.obj)
                0x0000b6b0                NOROM_UARTDisable
 .text.NOROM_UARTCharPutNonBlocking
                0x0000b6d0       0x10 C:/ti/simplelink_cc13xx_cc26xx_sdk_7_41_00_17/source\ti/devices/cc13x4_cc26x4/driverlib/bin/gcc/driverlib.lib(uart.c.obj)
                0x0000b6d0                NOROM_UARTCharPutNonBlocking
 .text.NOROM_uDMAChannelAttributeDisable
                0x0000b6e0       0x2c C:/ti/simplelink_cc13xx_cc26xx_sdk_7_41_00_17/source\ti/devices/cc13x4_cc26x4/driverlib/bin/gcc/driverlib.lib(udma.c.obj)
                0x0000b6e0                NOROM_uDMAChannelAttributeDisable
 .text.NOROM_uDMAChannelSizeGet
                0x0000b70c       0x18 C:/ti/simplelink_cc13xx_cc26xx_sdk_7_41_00_17/source\ti/devices/cc13x4_cc26x4/driverlib/bin/gcc/driverlib.lib(udma.c.obj)
                0x0000b70c                NOROM_uDMAChannelSizeGet
 .text.NOROM_VIMSModeSet
                0x0000b724       0x10 C:/ti/simplelink_cc13xx_cc26xx_sdk_7_41_00_17/source\ti/devices/cc13x4_cc26x4/driverlib/bin/gcc/driverlib.lib(vims.c.obj)
                0x0000b724                NOROM_VIMSModeSet
 .text.NOROM_VIMSModeGet
                0x0000b734       0x10 C:/ti/simplelink_cc13xx_cc26xx_sdk_7_41_00_17/source\ti/devices/cc13x4_cc26x4/driverlib/bin/gcc/driverlib.lib(vims.c.obj)
                0x0000b734                NOROM_VIMSModeGet
 .text.NOROM_AUXSYSIFOpModeChange
                0x0000b744       0x40 C:/ti/simplelink_cc13xx_cc26xx_sdk_7_41_00_17/source\ti/devices/cc13x4_cc26x4/driverlib/bin/gcc/driverlib.lib(aux_sysif.c.obj)
                0x0000b744                NOROM_AUXSYSIFOpModeChange
 .text.NOROM_ThisLibraryIsFor_CC13x4_CC26x4_HaltIfViolated
                0x0000b784       0x18 C:/ti/simplelink_cc13xx_cc26xx_sdk_7_41_00_17/source\ti/devices/cc13x4_cc26x4/driverlib/bin/gcc/driverlib.lib(chipinfo.c.obj)
                0x0000b784                NOROM_ThisLibraryIsFor_CC13x4_CC26x4_HaltIfViolated
 .text.NOROM_IOCPortConfigureSet
                0x0000b79c       0x10 C:/ti/simplelink_cc13xx_cc26xx_sdk_7_41_00_17/source\ti/devices/cc13x4_cc26x4/driverlib/bin/gcc/driverlib.lib(ioc.c.obj)
                0x0000b79c                NOROM_IOCPortConfigureSet
 .text.memcmp   0x0000b7ac       0x1c c:/ti/gcc_arm_none_eabi_9_2_1/bin/../lib/gcc/arm-none-eabi/9.2.1/../../../../arm-none-eabi/lib/thumb/v8-m.main+fp/hard\libc_nano.a(lib_a-memcmp.o)
                0x0000b7ac                memcmp
 .text.memcpy   0x0000b7c8       0x1a c:/ti/gcc_arm_none_eabi_9_2_1/bin/../lib/gcc/arm-none-eabi/9.2.1/../../../../arm-none-eabi/lib/thumb/v8-m.main+fp/hard\libc_nano.a(lib_a-memcpy-stub.o)
                0x0000b7c8                memcpy
 .text.memset   0x0000b7e2       0x10 c:/ti/gcc_arm_none_eabi_9_2_1/bin/../lib/gcc/arm-none-eabi/9.2.1/../../../../arm-none-eabi/lib/thumb/v8-m.main+fp/hard\libc_nano.a(lib_a-memset.o)
                0x0000b7e2                memset
 .text.cleanup_glue
                0x0000b7f2       0x1a c:/ti/gcc_arm_none_eabi_9_2_1/bin/../lib/gcc/arm-none-eabi/9.2.1/../../../../arm-none-eabi/lib/thumb/v8-m.main+fp/hard\libc_nano.a(lib_a-reent.o)
                0x0000b7f2                cleanup_glue
 .text._reclaim_reent
                0x0000b80c       0xb8 c:/ti/gcc_arm_none_eabi_9_2_1/bin/../lib/gcc/arm-none-eabi/9.2.1/../../../../arm-none-eabi/lib/thumb/v8-m.main+fp/hard\libc_nano.a(lib_a-reent.o)
                0x0000b80c                _reclaim_reent
 .text.strncpy  0x0000b8c4       0x26 c:/ti/gcc_arm_none_eabi_9_2_1/bin/../lib/gcc/arm-none-eabi/9.2.1/../../../../arm-none-eabi/lib/thumb/v8-m.main+fp/hard\libc_nano.a(lib_a-strncpy.o)
                0x0000b8c4                strncpy
                0x0000b8ec                . = ALIGN (0x4)
 *fill*         0x0000b8ea        0x2 
 *(.ctors)
                0x0000b8ec                . = ALIGN (0x4)
 *(.dtors)
                0x0000b8ec                . = ALIGN (0x4)
                0x0000b8ec                __init_array_start = .
 *(.init_array*)
                0x0000b8ec                __init_array_end = .
 *(.init)
 *(.fini*)
                [!provide]                PROVIDE (__etext = .)
                [!provide]                PROVIDE (_etext = .)
                [!provide]                PROVIDE (etext = .)

.glue_7         0x0000b8ec        0x0
 .glue_7        0x0000b8ec        0x0 linker stubs

.glue_7t        0x0000b8ec        0x0
 .glue_7t       0x0000b8ec        0x0 linker stubs

.vfp11_veneer   0x0000b8ec        0x0
 .vfp11_veneer  0x0000b8ec        0x0 linker stubs

.v4_bx          0x0000b8ec        0x0
 .v4_bx         0x0000b8ec        0x0 linker stubs

.iplt           0x0000b8ec        0x0
 .iplt          0x0000b8ec        0x0 ./RFQueue.o

.rodata         0x0000b8ec      0x94c
 *(.rodata)
 .rodata        0x0000b8ec       0x4a ./syscfg/ti_freertos_config.o
 *fill*         0x0000b936        0x2 
 .rodata        0x0000b938        0xb ./rfEchoTx.o
 *(.rodata.*)
 *fill*         0x0000b943        0x1 
 .rodata.udmaCC26XXHWAttrs
                0x0000b944        0x8 ./syscfg/ti_drivers_config.o
                0x0000b944                udmaCC26XXHWAttrs
 .rodata.UDMACC26XX_config
                0x0000b94c        0x8 ./syscfg/ti_drivers_config.o
                0x0000b94c                UDMACC26XX_config
 .rodata.GPIO_pinLowerBound
                0x0000b954        0x1 ./syscfg/ti_drivers_config.o
                0x0000b954                GPIO_pinLowerBound
 .rodata.GPIO_pinUpperBound
                0x0000b955        0x1 ./syscfg/ti_drivers_config.o
                0x0000b955                GPIO_pinUpperBound
 *fill*         0x0000b956        0x2 
 .rodata.GPIO_config
                0x0000b958       0x10 ./syscfg/ti_drivers_config.o
                0x0000b958                GPIO_config
 .rodata.PowerCC26X2_config
                0x0000b968       0x14 ./syscfg/ti_drivers_config.o
                0x0000b968                PowerCC26X2_config
 .rodata.RFCC26XX_hwAttrs
                0x0000b97c        0xc ./syscfg/ti_drivers_config.o
                0x0000b97c                RFCC26XX_hwAttrs
 .rodata.uart2CC26X2HWAttrs
                0x0000b988       0x58 ./syscfg/ti_drivers_config.o
 .rodata.UART2_config
                0x0000b9e0        0x8 ./syscfg/ti_drivers_config.o
                0x0000b9e0                UART2_config
 .rodata.UART2_count
                0x0000b9e8        0x1 ./syscfg/ti_drivers_config.o